[2025-06-01T17:13:55.374+0000][gc] Using G1
[2025-06-01T17:13:55.575+0000][gc,init] Version: 17.0.13+11 (release)
[2025-06-01T17:13:55.576+0000][gc,init] CPUs: 8 total, 1 available
[2025-06-01T17:13:55.576+0000][gc,init] Memory: 2048M
[2025-06-01T17:13:55.576+0000][gc,init] Large Page Support: Disabled
[2025-06-01T17:13:55.577+0000][gc,init] NUMA Support: Disabled
[2025-06-01T17:13:55.577+0000][gc,init] Compressed Oops: Enabled (32-bit)
[2025-06-01T17:13:55.577+0000][gc,init] Heap Region Size: 1M
[2025-06-01T17:13:55.577+0000][gc,init] Heap Min Capacity: 1G
[2025-06-01T17:13:55.578+0000][gc,init] Heap Initial Capacity: 1G
[2025-06-01T17:13:55.578+0000][gc,init] Heap Max Capacity: 1G
[2025-06-01T17:13:55.578+0000][gc,init] Pre-touch: Disabled
[2025-06-01T17:13:55.578+0000][gc,init] Parallel Workers: 1
[2025-06-01T17:13:55.578+0000][gc,init] Concurrent Workers: 1
[2025-06-01T17:13:55.579+0000][gc,init] Concurrent Refinement Workers: 1
[2025-06-01T17:13:55.579+0000][gc,init] Periodic GC: Disabled
[2025-06-01T17:13:55.865+0000][gc,metaspace] CDS archive(s) mapped at: [0x0000000400000000-0x0000000400a70000-0x0000000400a70000), size 10944512, SharedBaseAddress: 0x0000000400000000, ArchiveRelocationMode: 1.
[2025-06-01T17:13:55.866+0000][gc,metaspace] Compressed class space mapped at: 0x0000000401000000-0x0000000441000000, reserved size: 1073741824
[2025-06-01T17:13:55.866+0000][gc,metaspace] Narrow klass base: 0x0000000400000000, Narrow klass shift: 0, Narrow klass range: 0x100000000
[2025-06-01T17:14:36.009+0000][gc,start    ] GC(0) Pause Young (Normal) (G1 Evacuation Pause)
[2025-06-01T17:14:36.247+0000][gc,task     ] GC(0) Using 1 workers of 1 for evacuation
[2025-06-01T17:14:37.430+0000][gc,mmu      ] GC(0) MMU target violated: 21.0ms (20.0ms/21.0ms)
[2025-06-01T17:14:37.434+0000][gc,phases   ] GC(0)   Pre Evacuate Collection Set: 158.8ms
[2025-06-01T17:14:37.434+0000][gc,phases   ] GC(0)   Merge Heap Roots: 2.1ms
[2025-06-01T17:14:37.435+0000][gc,phases   ] GC(0)   Evacuate Collection Set: 980.2ms
[2025-06-01T17:14:37.435+0000][gc,phases   ] GC(0)   Post Evacuate Collection Set: 31.1ms
[2025-06-01T17:14:37.435+0000][gc,phases   ] GC(0)   Other: 257.3ms
[2025-06-01T17:14:37.435+0000][gc,heap     ] GC(0) Eden regions: 51->0(44)
[2025-06-01T17:14:37.435+0000][gc,heap     ] GC(0) Survivor regions: 0->7(7)
[2025-06-01T17:14:37.436+0000][gc,heap     ] GC(0) Old regions: 0->1
[2025-06-01T17:14:37.436+0000][gc,heap     ] GC(0) Archive regions: 2->2
[2025-06-01T17:14:37.436+0000][gc,heap     ] GC(0) Humongous regions: 0->0
[2025-06-01T17:14:37.436+0000][gc,metaspace] GC(0) Metaspace: 17413K(17664K)->17413K(17664K) NonClass: 15242K(15360K)->15242K(15360K) Class: 2171K(2304K)->2171K(2304K)
[2025-06-01T17:14:37.437+0000][gc          ] GC(0) Pause Young (Normal) (G1 Evacuation Pause) 51M->8M(1024M) 1430.525ms
[2025-06-01T17:14:37.437+0000][gc,cpu      ] GC(0) User=0.83s Sys=0.19s Real=1.43s
[2025-06-01T17:14:41.883+0000][gc,start    ] GC(1) Pause Young (Concurrent Start) (Metadata GC Threshold)
[2025-06-01T17:14:41.889+0000][gc,task     ] GC(1) Using 1 workers of 1 for evacuation
[2025-06-01T17:14:42.620+0000][gc,mmu      ] GC(1) MMU target violated: 21.0ms (20.0ms/21.0ms)
[2025-06-01T17:14:42.621+0000][gc,phases   ] GC(1)   Pre Evacuate Collection Set: 20.2ms
[2025-06-01T17:14:42.621+0000][gc,phases   ] GC(1)   Merge Heap Roots: 0.2ms
[2025-06-01T17:14:42.621+0000][gc,phases   ] GC(1)   Evacuate Collection Set: 638.5ms
[2025-06-01T17:14:42.621+0000][gc,phases   ] GC(1)   Post Evacuate Collection Set: 5.9ms
[2025-06-01T17:14:42.621+0000][gc,phases   ] GC(1)   Other: 74.6ms
[2025-06-01T17:14:42.621+0000][gc,heap     ] GC(1) Eden regions: 16->0(50)
[2025-06-01T17:14:42.621+0000][gc,heap     ] GC(1) Survivor regions: 7->1(7)
[2025-06-01T17:14:42.622+0000][gc,heap     ] GC(1) Old regions: 1->8
[2025-06-01T17:14:42.622+0000][gc,heap     ] GC(1) Archive regions: 2->2
[2025-06-01T17:14:42.622+0000][gc,heap     ] GC(1) Humongous regions: 0->0
[2025-06-01T17:14:42.622+0000][gc,metaspace] GC(1) Metaspace: 21341K(21504K)->21341K(21504K) NonClass: 18669K(18752K)->18669K(18752K) Class: 2672K(2752K)->2672K(2752K)
[2025-06-01T17:14:42.622+0000][gc          ] GC(1) Pause Young (Concurrent Start) (Metadata GC Threshold) 23M->9M(1024M) 739.163ms
[2025-06-01T17:14:42.622+0000][gc,cpu      ] GC(1) User=0.20s Sys=0.14s Real=0.74s
[2025-06-01T17:14:42.623+0000][gc          ] GC(2) Concurrent Mark Cycle
[2025-06-01T17:14:42.624+0000][gc,marking  ] GC(2) Concurrent Clear Claimed Marks
[2025-06-01T17:14:42.625+0000][gc,marking  ] GC(2) Concurrent Clear Claimed Marks 0.717ms
[2025-06-01T17:14:42.625+0000][gc,marking  ] GC(2) Concurrent Scan Root Regions
[2025-06-01T17:14:42.690+0000][gc,marking  ] GC(2) Concurrent Scan Root Regions 64.940ms
[2025-06-01T17:14:42.690+0000][gc,marking  ] GC(2) Concurrent Mark
[2025-06-01T17:14:42.690+0000][gc,marking  ] GC(2) Concurrent Mark From Roots
[2025-06-01T17:14:42.691+0000][gc,task     ] GC(2) Using 1 workers of 1 for marking
[2025-06-01T17:14:42.709+0000][gc,marking  ] GC(2) Concurrent Mark From Roots 18.831ms
[2025-06-01T17:14:42.712+0000][gc,marking  ] GC(2) Concurrent Preclean
[2025-06-01T17:14:42.713+0000][gc,marking  ] GC(2) Concurrent Preclean 0.519ms
[2025-06-01T17:14:42.714+0000][gc,start    ] GC(2) Pause Remark
[2025-06-01T17:14:42.802+0000][gc,mmu      ] GC(2) MMU target violated: 21.0ms (20.0ms/21.0ms)
[2025-06-01T17:14:42.803+0000][gc          ] GC(2) Pause Remark 10M->10M(1024M) 88.390ms
[2025-06-01T17:14:42.804+0000][gc,cpu      ] GC(2) User=0.06s Sys=0.00s Real=0.09s
[2025-06-01T17:14:42.805+0000][gc,marking  ] GC(2) Concurrent Mark 114.409ms
[2025-06-01T17:14:42.805+0000][gc,marking  ] GC(2) Concurrent Rebuild Remembered Sets
[2025-06-01T17:14:42.805+0000][gc,marking  ] GC(2) Concurrent Rebuild Remembered Sets 0.179ms
[2025-06-01T17:14:42.809+0000][gc,start    ] GC(2) Pause Cleanup
[2025-06-01T17:14:42.810+0000][gc          ] GC(2) Pause Cleanup 11M->11M(1024M) 1.694ms
[2025-06-01T17:14:42.811+0000][gc,cpu      ] GC(2) User=0.00s Sys=0.00s Real=0.01s
[2025-06-01T17:14:42.812+0000][gc,marking  ] GC(2) Concurrent Cleanup for Next Mark
[2025-06-01T17:14:44.088+0000][gc,marking  ] GC(2) Concurrent Cleanup for Next Mark 1275.230ms
[2025-06-01T17:14:44.089+0000][gc          ] GC(2) Concurrent Mark Cycle 1465.965ms
[2025-06-01T17:14:59.306+0000][gc,start    ] GC(3) Pause Young (Normal) (G1 Evacuation Pause)
[2025-06-01T17:14:59.316+0000][gc,task     ] GC(3) Using 1 workers of 1 for evacuation
[2025-06-01T17:15:01.595+0000][gc,mmu      ] GC(3) MMU target violated: 21.0ms (20.0ms/21.0ms)
[2025-06-01T17:15:01.612+0000][gc,phases   ] GC(3)   Pre Evacuate Collection Set: 96.1ms
[2025-06-01T17:15:01.614+0000][gc,phases   ] GC(3)   Merge Heap Roots: 8.4ms
[2025-06-01T17:15:01.616+0000][gc,phases   ] GC(3)   Evacuate Collection Set: 1306.9ms
[2025-06-01T17:15:01.619+0000][gc,phases   ] GC(3)   Post Evacuate Collection Set: 784.8ms
[2025-06-01T17:15:01.623+0000][gc,phases   ] GC(3)   Other: 109.1ms
[2025-06-01T17:15:01.627+0000][gc,heap     ] GC(3) Eden regions: 50->0(46)
[2025-06-01T17:15:01.628+0000][gc,heap     ] GC(3) Survivor regions: 1->5(7)
[2025-06-01T17:15:01.628+0000][gc,heap     ] GC(3) Old regions: 8->8
[2025-06-01T17:15:01.628+0000][gc,heap     ] GC(3) Archive regions: 2->2
[2025-06-01T17:15:01.628+0000][gc,heap     ] GC(3) Humongous regions: 129->129
[2025-06-01T17:15:01.628+0000][gc,metaspace] GC(3) Metaspace: 29575K(29888K)->29575K(29888K) NonClass: 26195K(26368K)->26195K(26368K) Class: 3380K(3520K)->3380K(3520K)
[2025-06-01T17:15:01.630+0000][gc          ] GC(3) Pause Young (Normal) (G1 Evacuation Pause) 188M->142M(1024M) 2324.227ms
[2025-06-01T17:15:01.630+0000][gc,cpu      ] GC(3) User=0.95s Sys=0.06s Real=2.33s
[2025-06-01T17:15:22.272+0000][gc,start    ] GC(4) Pause Young (Concurrent Start) (Metadata GC Threshold)
[2025-06-01T17:15:22.288+0000][gc,task     ] GC(4) Using 1 workers of 1 for evacuation
[2025-06-01T17:15:23.303+0000][gc,mmu      ] GC(4) MMU target violated: 21.0ms (20.0ms/21.0ms)
[2025-06-01T17:15:23.304+0000][gc,phases   ] GC(4)   Pre Evacuate Collection Set: 127.5ms
[2025-06-01T17:15:23.304+0000][gc,phases   ] GC(4)   Merge Heap Roots: 4.9ms
[2025-06-01T17:15:23.304+0000][gc,phases   ] GC(4)   Evacuate Collection Set: 795.0ms
[2025-06-01T17:15:23.304+0000][gc,phases   ] GC(4)   Post Evacuate Collection Set: 18.7ms
[2025-06-01T17:15:23.306+0000][gc,phases   ] GC(4)   Other: 91.9ms
[2025-06-01T17:15:23.307+0000][gc,heap     ] GC(4) Eden regions: 29->0(48)
[2025-06-01T17:15:23.307+0000][gc,heap     ] GC(4) Survivor regions: 5->3(7)
[2025-06-01T17:15:23.307+0000][gc,heap     ] GC(4) Old regions: 8->13
[2025-06-01T17:15:23.307+0000][gc,heap     ] GC(4) Archive regions: 2->2
[2025-06-01T17:15:23.307+0000][gc,heap     ] GC(4) Humongous regions: 129->129
[2025-06-01T17:15:23.307+0000][gc,metaspace] GC(4) Metaspace: 35828K(36096K)->35828K(36096K) NonClass: 31812K(31936K)->31812K(31936K) Class: 4016K(4160K)->4016K(4160K)
[2025-06-01T17:15:23.308+0000][gc          ] GC(4) Pause Young (Concurrent Start) (Metadata GC Threshold) 171M->145M(1024M) 1037.690ms
[2025-06-01T17:15:23.308+0000][gc,cpu      ] GC(4) User=0.76s Sys=0.13s Real=1.04s
[2025-06-01T17:15:23.308+0000][gc          ] GC(5) Concurrent Mark Cycle
[2025-06-01T17:15:23.311+0000][gc,marking  ] GC(5) Concurrent Clear Claimed Marks
[2025-06-01T17:15:23.315+0000][gc,marking  ] GC(5) Concurrent Clear Claimed Marks 3.465ms
[2025-06-01T17:15:23.315+0000][gc,marking  ] GC(5) Concurrent Scan Root Regions
[2025-06-01T17:15:23.562+0000][gc,marking  ] GC(5) Concurrent Scan Root Regions 246.833ms
[2025-06-01T17:15:23.566+0000][gc,marking  ] GC(5) Concurrent Mark
[2025-06-01T17:15:23.566+0000][gc,marking  ] GC(5) Concurrent Mark From Roots
[2025-06-01T17:15:23.566+0000][gc,task     ] GC(5) Using 1 workers of 1 for marking
[2025-06-01T17:15:24.461+0000][gc,marking  ] GC(5) Concurrent Mark From Roots 894.537ms
[2025-06-01T17:15:24.463+0000][gc,marking  ] GC(5) Concurrent Preclean
[2025-06-01T17:15:24.467+0000][gc,marking  ] GC(5) Concurrent Preclean 3.535ms
[2025-06-01T17:15:24.471+0000][gc,start    ] GC(5) Pause Remark
[2025-06-01T17:15:25.321+0000][gc,mmu      ] GC(5) MMU target violated: 21.0ms (20.0ms/21.0ms)
[2025-06-01T17:15:25.325+0000][gc          ] GC(5) Pause Remark 147M->147M(1024M) 853.735ms
[2025-06-01T17:15:25.327+0000][gc,cpu      ] GC(5) User=0.57s Sys=0.07s Real=0.86s
[2025-06-01T17:15:25.368+0000][gc,marking  ] GC(5) Concurrent Mark 1802.077ms
[2025-06-01T17:15:25.370+0000][gc,marking  ] GC(5) Concurrent Rebuild Remembered Sets
[2025-06-01T17:15:27.195+0000][gc,marking  ] GC(5) Concurrent Rebuild Remembered Sets 1824.766ms
[2025-06-01T17:15:27.326+0000][gc,start    ] GC(5) Pause Cleanup
[2025-06-01T17:15:27.328+0000][gc          ] GC(5) Pause Cleanup 148M->148M(1024M) 2.944ms
[2025-06-01T17:15:27.329+0000][gc,cpu      ] GC(5) User=0.00s Sys=0.00s Real=0.00s
[2025-06-01T17:15:27.330+0000][gc,marking  ] GC(5) Concurrent Cleanup for Next Mark
[2025-06-01T17:15:34.783+0000][gc,marking  ] GC(5) Concurrent Cleanup for Next Mark 7409.972ms
[2025-06-01T17:15:34.862+0000][gc          ] GC(5) Concurrent Mark Cycle 11552.044ms
[2025-06-01T17:17:59.721+0000][gc,start    ] GC(6) Pause Young (Prepare Mixed) (G1 Evacuation Pause)
[2025-06-01T17:17:59.731+0000][gc,task     ] GC(6) Using 1 workers of 1 for evacuation
[2025-06-01T17:18:02.017+0000][gc,mmu      ] GC(6) MMU target violated: 21.0ms (20.0ms/21.0ms)
[2025-06-01T17:18:02.037+0000][gc,phases   ] GC(6)   Pre Evacuate Collection Set: 84.7ms
[2025-06-01T17:18:02.038+0000][gc,phases   ] GC(6)   Merge Heap Roots: 5.1ms
[2025-06-01T17:18:02.039+0000][gc,phases   ] GC(6)   Evacuate Collection Set: 2098.5ms
[2025-06-01T17:18:02.040+0000][gc,phases   ] GC(6)   Post Evacuate Collection Set: 91.1ms
[2025-06-01T17:18:02.041+0000][gc,phases   ] GC(6)   Other: 35.9ms
[2025-06-01T17:18:02.047+0000][gc,heap     ] GC(6) Eden regions: 48->0(45)
[2025-06-01T17:18:02.052+0000][gc,heap     ] GC(6) Survivor regions: 3->6(7)
[2025-06-01T17:18:02.053+0000][gc,heap     ] GC(6) Old regions: 13->13
[2025-06-01T17:18:02.053+0000][gc,heap     ] GC(6) Archive regions: 2->2
[2025-06-01T17:18:02.053+0000][gc,heap     ] GC(6) Humongous regions: 147->129
[2025-06-01T17:18:02.056+0000][gc,metaspace] GC(6) Metaspace: 42011K(42624K)->42011K(42624K) NonClass: 36968K(37312K)->36968K(37312K) Class: 5042K(5312K)->5042K(5312K)
[2025-06-01T17:18:02.057+0000][gc          ] GC(6) Pause Young (Prepare Mixed) (G1 Evacuation Pause) 211M->148M(1024M) 2336.070ms
[2025-06-01T17:18:02.075+0000][gc,cpu      ] GC(6) User=1.31s Sys=0.12s Real=2.35s
[2025-06-01T17:20:43.927+0000][gc,start    ] GC(7) Pause Young (Mixed) (G1 Evacuation Pause)
[2025-06-01T17:20:43.931+0000][gc,task     ] GC(7) Using 1 workers of 1 for evacuation
[2025-06-01T17:20:44.609+0000][gc,mmu      ] GC(7) MMU target violated: 21.0ms (20.0ms/21.0ms)
[2025-06-01T17:20:44.611+0000][gc,phases   ] GC(7)   Pre Evacuate Collection Set: 27.7ms
[2025-06-01T17:20:44.611+0000][gc,phases   ] GC(7)   Merge Heap Roots: 8.9ms
[2025-06-01T17:20:44.612+0000][gc,phases   ] GC(7)   Evacuate Collection Set: 604.9ms
[2025-06-01T17:20:44.612+0000][gc,phases   ] GC(7)   Post Evacuate Collection Set: 34.1ms
[2025-06-01T17:20:44.612+0000][gc,phases   ] GC(7)   Other: 9.7ms
[2025-06-01T17:20:44.612+0000][gc,heap     ] GC(7) Eden regions: 45->0(44)
[2025-06-01T17:20:44.612+0000][gc,heap     ] GC(7) Survivor regions: 6->7(7)
[2025-06-01T17:20:44.612+0000][gc,heap     ] GC(7) Old regions: 13->15
[2025-06-01T17:20:44.612+0000][gc,heap     ] GC(7) Archive regions: 2->2
[2025-06-01T17:20:44.613+0000][gc,heap     ] GC(7) Humongous regions: 129->129
[2025-06-01T17:20:44.613+0000][gc,metaspace] GC(7) Metaspace: 43388K(43968K)->43388K(43968K) NonClass: 38225K(38592K)->38225K(38592K) Class: 5162K(5376K)->5162K(5376K)
[2025-06-01T17:20:44.613+0000][gc          ] GC(7) Pause Young (Mixed) (G1 Evacuation Pause) 193M->151M(1024M) 686.703ms
[2025-06-01T17:20:44.613+0000][gc,cpu      ] GC(7) User=0.47s Sys=0.09s Real=0.69s
[2025-06-01T17:22:15.906+0000][gc,start    ] GC(8) Pause Young (Normal) (G1 Evacuation Pause)
[2025-06-01T17:22:15.927+0000][gc,task     ] GC(8) Using 1 workers of 1 for evacuation
[2025-06-01T17:22:18.946+0000][gc,mmu      ] GC(8) MMU target violated: 21.0ms (20.0ms/21.0ms)
[2025-06-01T17:22:18.961+0000][gc,phases   ] GC(8)   Pre Evacuate Collection Set: 133.1ms
[2025-06-01T17:22:18.961+0000][gc,phases   ] GC(8)   Merge Heap Roots: 69.6ms
[2025-06-01T17:22:18.962+0000][gc,phases   ] GC(8)   Evacuate Collection Set: 2687.3ms
[2025-06-01T17:22:18.964+0000][gc,phases   ] GC(8)   Post Evacuate Collection Set: 69.3ms
[2025-06-01T17:22:18.967+0000][gc,phases   ] GC(8)   Other: 96.5ms
[2025-06-01T17:22:18.968+0000][gc,heap     ] GC(8) Eden regions: 44->0(47)
[2025-06-01T17:22:18.968+0000][gc,heap     ] GC(8) Survivor regions: 7->4(7)
[2025-06-01T17:22:18.968+0000][gc,heap     ] GC(8) Old regions: 15->19
[2025-06-01T17:22:18.969+0000][gc,heap     ] GC(8) Archive regions: 2->2
[2025-06-01T17:22:18.969+0000][gc,heap     ] GC(8) Humongous regions: 129->129
[2025-06-01T17:22:18.969+0000][gc,metaspace] GC(8) Metaspace: 43652K(44160K)->43652K(44160K) NonClass: 38485K(38784K)->38485K(38784K) Class: 5166K(5376K)->5166K(5376K)
[2025-06-01T17:22:18.970+0000][gc          ] GC(8) Pause Young (Normal) (G1 Evacuation Pause) 195M->152M(1024M) 3063.505ms
[2025-06-01T17:22:18.973+0000][gc,cpu      ] GC(8) User=2.27s Sys=0.17s Real=3.07s
[2025-06-01T17:23:21.877+0000][gc,start    ] GC(9) Pause Young (Normal) (G1 Evacuation Pause)
[2025-06-01T17:23:21.898+0000][gc,task     ] GC(9) Using 1 workers of 1 for evacuation
[2025-06-01T17:23:22.168+0000][gc,mmu      ] GC(9) MMU target violated: 21.0ms (20.0ms/21.0ms)
[2025-06-01T17:23:22.171+0000][gc,phases   ] GC(9)   Pre Evacuate Collection Set: 52.3ms
[2025-06-01T17:23:22.172+0000][gc,phases   ] GC(9)   Merge Heap Roots: 1.6ms
[2025-06-01T17:23:22.173+0000][gc,phases   ] GC(9)   Evacuate Collection Set: 200.1ms
[2025-06-01T17:23:22.176+0000][gc,phases   ] GC(9)   Post Evacuate Collection Set: 12.9ms
[2025-06-01T17:23:22.178+0000][gc,phases   ] GC(9)   Other: 28.6ms
[2025-06-01T17:23:22.182+0000][gc,heap     ] GC(9) Eden regions: 47->0(47)
[2025-06-01T17:23:22.183+0000][gc,heap     ] GC(9) Survivor regions: 4->4(7)
[2025-06-01T17:23:22.183+0000][gc,heap     ] GC(9) Old regions: 19->21
[2025-06-01T17:23:22.197+0000][gc,heap     ] GC(9) Archive regions: 2->2
[2025-06-01T17:23:22.197+0000][gc,heap     ] GC(9) Humongous regions: 129->129
[2025-06-01T17:23:22.198+0000][gc,metaspace] GC(9) Metaspace: 43730K(44288K)->43730K(44288K) NonClass: 38563K(38912K)->38563K(38912K) Class: 5167K(5376K)->5167K(5376K)
[2025-06-01T17:23:22.199+0000][gc          ] GC(9) Pause Young (Normal) (G1 Evacuation Pause) 199M->154M(1024M) 322.448ms
[2025-06-01T17:23:22.200+0000][gc,cpu      ] GC(9) User=0.27s Sys=0.01s Real=0.32s
[2025-06-01T17:23:36.896+0000][gc,start    ] GC(10) Pause Young (Normal) (G1 Evacuation Pause)
[2025-06-01T17:23:36.897+0000][gc,task     ] GC(10) Using 1 workers of 1 for evacuation
[2025-06-01T17:23:36.977+0000][gc,mmu      ] GC(10) MMU target violated: 21.0ms (20.0ms/21.0ms)
[2025-06-01T17:23:36.978+0000][gc,phases   ] GC(10)   Pre Evacuate Collection Set: 9.8ms
[2025-06-01T17:23:36.978+0000][gc,phases   ] GC(10)   Merge Heap Roots: 0.4ms
[2025-06-01T17:23:36.978+0000][gc,phases   ] GC(10)   Evacuate Collection Set: 65.1ms
[2025-06-01T17:23:36.978+0000][gc,phases   ] GC(10)   Post Evacuate Collection Set: 4.0ms
[2025-06-01T17:23:36.978+0000][gc,phases   ] GC(10)   Other: 2.0ms
[2025-06-01T17:23:36.978+0000][gc,heap     ] GC(10) Eden regions: 47->0(48)
[2025-06-01T17:23:36.978+0000][gc,heap     ] GC(10) Survivor regions: 4->3(7)
[2025-06-01T17:23:36.978+0000][gc,heap     ] GC(10) Old regions: 21->25
[2025-06-01T17:23:36.978+0000][gc,heap     ] GC(10) Archive regions: 2->2
[2025-06-01T17:23:36.978+0000][gc,heap     ] GC(10) Humongous regions: 129->129
[2025-06-01T17:23:36.978+0000][gc,metaspace] GC(10) Metaspace: 43734K(44288K)->43734K(44288K) NonClass: 38567K(38912K)->38567K(38912K) Class: 5167K(5376K)->5167K(5376K)
[2025-06-01T17:23:36.979+0000][gc          ] GC(10) Pause Young (Normal) (G1 Evacuation Pause) 201M->156M(1024M) 82.130ms
[2025-06-01T17:23:36.979+0000][gc,cpu      ] GC(10) User=0.08s Sys=0.00s Real=0.08s
[2025-06-01T17:23:45.124+0000][gc,start    ] GC(11) Pause Young (Normal) (G1 Evacuation Pause)
[2025-06-01T17:23:45.125+0000][gc,task     ] GC(11) Using 1 workers of 1 for evacuation
[2025-06-01T17:23:45.170+0000][gc,mmu      ] GC(11) MMU target violated: 21.0ms (20.0ms/21.0ms)
[2025-06-01T17:23:45.170+0000][gc,phases   ] GC(11)   Pre Evacuate Collection Set: 3.1ms
[2025-06-01T17:23:45.170+0000][gc,phases   ] GC(11)   Merge Heap Roots: 0.4ms
[2025-06-01T17:23:45.170+0000][gc,phases   ] GC(11)   Evacuate Collection Set: 39.0ms
[2025-06-01T17:23:45.170+0000][gc,phases   ] GC(11)   Post Evacuate Collection Set: 2.5ms
[2025-06-01T17:23:45.170+0000][gc,phases   ] GC(11)   Other: 1.6ms
[2025-06-01T17:23:45.170+0000][gc,heap     ] GC(11) Eden regions: 48->0(47)
[2025-06-01T17:23:45.170+0000][gc,heap     ] GC(11) Survivor regions: 3->4(7)
[2025-06-01T17:23:45.170+0000][gc,heap     ] GC(11) Old regions: 25->25
[2025-06-01T17:23:45.170+0000][gc,heap     ] GC(11) Archive regions: 2->2
[2025-06-01T17:23:45.171+0000][gc,heap     ] GC(11) Humongous regions: 129->129
[2025-06-01T17:23:45.171+0000][gc,metaspace] GC(11) Metaspace: 43765K(44288K)->43765K(44288K) NonClass: 38598K(38912K)->38598K(38912K) Class: 5167K(5376K)->5167K(5376K)
[2025-06-01T17:23:45.171+0000][gc          ] GC(11) Pause Young (Normal) (G1 Evacuation Pause) 204M->157M(1024M) 46.965ms
[2025-06-01T17:23:45.171+0000][gc,cpu      ] GC(11) User=0.04s Sys=0.00s Real=0.05s
[2025-06-01T17:23:56.630+0000][gc,start    ] GC(12) Pause Young (Normal) (G1 Evacuation Pause)
[2025-06-01T17:23:56.631+0000][gc,task     ] GC(12) Using 1 workers of 1 for evacuation
[2025-06-01T17:23:56.726+0000][gc,mmu      ] GC(12) MMU target violated: 21.0ms (20.0ms/21.0ms)
[2025-06-01T17:23:56.726+0000][gc,phases   ] GC(12)   Pre Evacuate Collection Set: 12.2ms
[2025-06-01T17:23:56.726+0000][gc,phases   ] GC(12)   Merge Heap Roots: 1.7ms
[2025-06-01T17:23:56.726+0000][gc,phases   ] GC(12)   Evacuate Collection Set: 73.0ms
[2025-06-01T17:23:56.726+0000][gc,phases   ] GC(12)   Post Evacuate Collection Set: 8.0ms
[2025-06-01T17:23:56.726+0000][gc,phases   ] GC(12)   Other: 1.8ms
[2025-06-01T17:23:56.727+0000][gc,heap     ] GC(12) Eden regions: 47->0(46)
[2025-06-01T17:23:56.727+0000][gc,heap     ] GC(12) Survivor regions: 4->5(7)
[2025-06-01T17:23:56.727+0000][gc,heap     ] GC(12) Old regions: 25->25
[2025-06-01T17:23:56.727+0000][gc,heap     ] GC(12) Archive regions: 2->2
[2025-06-01T17:23:56.727+0000][gc,heap     ] GC(12) Humongous regions: 129->129
[2025-06-01T17:23:56.727+0000][gc,metaspace] GC(12) Metaspace: 43766K(44288K)->43766K(44288K) NonClass: 38599K(38912K)->38599K(38912K) Class: 5167K(5376K)->5167K(5376K)
[2025-06-01T17:23:56.727+0000][gc          ] GC(12) Pause Young (Normal) (G1 Evacuation Pause) 204M->158M(1024M) 97.113ms
[2025-06-01T17:23:56.727+0000][gc,cpu      ] GC(12) User=0.09s Sys=0.00s Real=0.10s
[2025-06-01T17:24:05.614+0000][gc,start    ] GC(13) Pause Young (Normal) (G1 Evacuation Pause)
[2025-06-01T17:24:05.618+0000][gc,task     ] GC(13) Using 1 workers of 1 for evacuation
[2025-06-01T17:24:06.007+0000][gc,mmu      ] GC(13) MMU target violated: 21.0ms (20.0ms/21.0ms)
[2025-06-01T17:24:06.010+0000][gc,phases   ] GC(13)   Pre Evacuate Collection Set: 4.8ms
[2025-06-01T17:24:06.014+0000][gc,phases   ] GC(13)   Merge Heap Roots: 4.8ms
[2025-06-01T17:24:06.014+0000][gc,phases   ] GC(13)   Evacuate Collection Set: 375.1ms
[2025-06-01T17:24:06.017+0000][gc,phases   ] GC(13)   Post Evacuate Collection Set: 4.1ms
[2025-06-01T17:24:06.019+0000][gc,phases   ] GC(13)   Other: 6.4ms
[2025-06-01T17:24:06.020+0000][gc,heap     ] GC(13) Eden regions: 46->0(47)
[2025-06-01T17:24:06.020+0000][gc,heap     ] GC(13) Survivor regions: 5->4(7)
[2025-06-01T17:24:06.021+0000][gc,heap     ] GC(13) Old regions: 25->27
[2025-06-01T17:24:06.021+0000][gc,heap     ] GC(13) Archive regions: 2->2
[2025-06-01T17:24:06.022+0000][gc,heap     ] GC(13) Humongous regions: 129->129
[2025-06-01T17:24:06.022+0000][gc,metaspace] GC(13) Metaspace: 43767K(44288K)->43767K(44288K) NonClass: 38599K(38912K)->38599K(38912K) Class: 5167K(5376K)->5167K(5376K)
[2025-06-01T17:24:06.023+0000][gc          ] GC(13) Pause Young (Normal) (G1 Evacuation Pause) 204M->159M(1024M) 408.507ms
[2025-06-01T17:24:06.023+0000][gc,cpu      ] GC(13) User=0.12s Sys=0.02s Real=0.41s
[2025-06-01T17:24:14.260+0000][gc,start    ] GC(14) Pause Young (Normal) (G1 Evacuation Pause)
[2025-06-01T17:24:14.260+0000][gc,task     ] GC(14) Using 1 workers of 1 for evacuation
[2025-06-01T17:24:14.319+0000][gc,mmu      ] GC(14) MMU target violated: 21.0ms (20.0ms/21.0ms)
[2025-06-01T17:24:14.320+0000][gc,phases   ] GC(14)   Pre Evacuate Collection Set: 8.6ms
[2025-06-01T17:24:14.320+0000][gc,phases   ] GC(14)   Merge Heap Roots: 0.4ms
[2025-06-01T17:24:14.320+0000][gc,phases   ] GC(14)   Evacuate Collection Set: 47.0ms
[2025-06-01T17:24:14.320+0000][gc,phases   ] GC(14)   Post Evacuate Collection Set: 2.6ms
[2025-06-01T17:24:14.320+0000][gc,phases   ] GC(14)   Other: 1.4ms
[2025-06-01T17:24:14.320+0000][gc,heap     ] GC(14) Eden regions: 47->0(47)
[2025-06-01T17:24:14.320+0000][gc,heap     ] GC(14) Survivor regions: 4->4(7)
[2025-06-01T17:24:14.320+0000][gc,heap     ] GC(14) Old regions: 27->27
[2025-06-01T17:24:14.320+0000][gc,heap     ] GC(14) Archive regions: 2->2
[2025-06-01T17:24:14.320+0000][gc,heap     ] GC(14) Humongous regions: 129->129
[2025-06-01T17:24:14.320+0000][gc,metaspace] GC(14) Metaspace: 43776K(44288K)->43776K(44288K) NonClass: 38608K(38912K)->38608K(38912K) Class: 5167K(5376K)->5167K(5376K)
[2025-06-01T17:24:14.320+0000][gc          ] GC(14) Pause Young (Normal) (G1 Evacuation Pause) 206M->160M(1024M) 60.372ms
[2025-06-01T17:24:14.320+0000][gc,cpu      ] GC(14) User=0.06s Sys=0.00s Real=0.06s
[2025-06-01T17:24:21.922+0000][gc,start    ] GC(15) Pause Young (Normal) (G1 Evacuation Pause)
[2025-06-01T17:24:21.924+0000][gc,task     ] GC(15) Using 1 workers of 1 for evacuation
[2025-06-01T17:24:22.099+0000][gc,mmu      ] GC(15) MMU target violated: 21.0ms (20.0ms/21.0ms)
[2025-06-01T17:24:22.100+0000][gc,phases   ] GC(15)   Pre Evacuate Collection Set: 12.2ms
[2025-06-01T17:24:22.100+0000][gc,phases   ] GC(15)   Merge Heap Roots: 0.9ms
[2025-06-01T17:24:22.100+0000][gc,phases   ] GC(15)   Evacuate Collection Set: 150.7ms
[2025-06-01T17:24:22.100+0000][gc,phases   ] GC(15)   Post Evacuate Collection Set: 10.0ms
[2025-06-01T17:24:22.100+0000][gc,phases   ] GC(15)   Other: 3.6ms
[2025-06-01T17:24:22.100+0000][gc,heap     ] GC(15) Eden regions: 47->0(47)
[2025-06-01T17:24:22.101+0000][gc,heap     ] GC(15) Survivor regions: 4->4(7)
[2025-06-01T17:24:22.101+0000][gc,heap     ] GC(15) Old regions: 27->28
[2025-06-01T17:24:22.101+0000][gc,heap     ] GC(15) Archive regions: 2->2
[2025-06-01T17:24:22.101+0000][gc,heap     ] GC(15) Humongous regions: 129->129
[2025-06-01T17:24:22.101+0000][gc,metaspace] GC(15) Metaspace: 43779K(44288K)->43779K(44288K) NonClass: 38612K(38912K)->38612K(38912K) Class: 5167K(5376K)->5167K(5376K)
[2025-06-01T17:24:22.101+0000][gc          ] GC(15) Pause Young (Normal) (G1 Evacuation Pause) 207M->161M(1024M) 178.454ms
[2025-06-01T17:24:22.101+0000][gc,cpu      ] GC(15) User=0.18s Sys=0.01s Real=0.18s
[2025-06-01T17:24:30.003+0000][gc,start    ] GC(16) Pause Young (Normal) (G1 Evacuation Pause)
[2025-06-01T17:24:30.006+0000][gc,task     ] GC(16) Using 1 workers of 1 for evacuation
[2025-06-01T17:24:30.077+0000][gc,mmu      ] GC(16) MMU target violated: 21.0ms (20.0ms/21.0ms)
[2025-06-01T17:24:30.077+0000][gc,phases   ] GC(16)   Pre Evacuate Collection Set: 7.9ms
[2025-06-01T17:24:30.077+0000][gc,phases   ] GC(16)   Merge Heap Roots: 0.8ms
[2025-06-01T17:24:30.077+0000][gc,phases   ] GC(16)   Evacuate Collection Set: 56.8ms
[2025-06-01T17:24:30.077+0000][gc,phases   ] GC(16)   Post Evacuate Collection Set: 3.8ms
[2025-06-01T17:24:30.077+0000][gc,phases   ] GC(16)   Other: 4.6ms
[2025-06-01T17:24:30.077+0000][gc,heap     ] GC(16) Eden regions: 47->0(47)
[2025-06-01T17:24:30.077+0000][gc,heap     ] GC(16) Survivor regions: 4->4(7)
[2025-06-01T17:24:30.077+0000][gc,heap     ] GC(16) Old regions: 28->28
[2025-06-01T17:24:30.077+0000][gc,heap     ] GC(16) Archive regions: 2->2
[2025-06-01T17:24:30.077+0000][gc,heap     ] GC(16) Humongous regions: 129->129
[2025-06-01T17:24:30.077+0000][gc,metaspace] GC(16) Metaspace: 43789K(44352K)->43789K(44352K) NonClass: 38621K(38976K)->38621K(38976K) Class: 5167K(5376K)->5167K(5376K)
[2025-06-01T17:24:30.077+0000][gc          ] GC(16) Pause Young (Normal) (G1 Evacuation Pause) 208M->161M(1024M) 74.136ms
[2025-06-01T17:24:30.077+0000][gc,cpu      ] GC(16) User=0.08s Sys=0.00s Real=0.07s
[2025-06-01T17:24:37.527+0000][gc,start    ] GC(17) Pause Young (Normal) (G1 Evacuation Pause)
[2025-06-01T17:24:37.527+0000][gc,task     ] GC(17) Using 1 workers of 1 for evacuation
[2025-06-01T17:24:37.620+0000][gc,mmu      ] GC(17) MMU target violated: 21.0ms (20.0ms/21.0ms)
[2025-06-01T17:24:37.620+0000][gc,phases   ] GC(17)   Pre Evacuate Collection Set: 7.1ms
[2025-06-01T17:24:37.620+0000][gc,phases   ] GC(17)   Merge Heap Roots: 1.1ms
[2025-06-01T17:24:37.620+0000][gc,phases   ] GC(17)   Evacuate Collection Set: 80.2ms
[2025-06-01T17:24:37.621+0000][gc,phases   ] GC(17)   Post Evacuate Collection Set: 3.9ms
[2025-06-01T17:24:37.621+0000][gc,phases   ] GC(17)   Other: 1.8ms
[2025-06-01T17:24:37.621+0000][gc,heap     ] GC(17) Eden regions: 47->0(48)
[2025-06-01T17:24:37.621+0000][gc,heap     ] GC(17) Survivor regions: 4->3(7)
[2025-06-01T17:24:37.621+0000][gc,heap     ] GC(17) Old regions: 28->29
[2025-06-01T17:24:37.621+0000][gc,heap     ] GC(17) Archive regions: 2->2
[2025-06-01T17:24:37.621+0000][gc,heap     ] GC(17) Humongous regions: 129->129
[2025-06-01T17:24:37.621+0000][gc,metaspace] GC(17) Metaspace: 43796K(44352K)->43796K(44352K) NonClass: 38629K(38976K)->38629K(38976K) Class: 5167K(5376K)->5167K(5376K)
[2025-06-01T17:24:37.621+0000][gc          ] GC(17) Pause Young (Normal) (G1 Evacuation Pause) 208M->161M(1024M) 94.336ms
[2025-06-01T17:24:37.621+0000][gc,cpu      ] GC(17) User=0.09s Sys=0.01s Real=0.10s
[2025-06-01T17:24:48.359+0000][gc,start    ] GC(18) Pause Young (Normal) (G1 Evacuation Pause)
[2025-06-01T17:24:48.361+0000][gc,task     ] GC(18) Using 1 workers of 1 for evacuation
[2025-06-01T17:24:48.449+0000][gc,mmu      ] GC(18) MMU target violated: 21.0ms (20.0ms/21.0ms)
[2025-06-01T17:24:48.450+0000][gc,phases   ] GC(18)   Pre Evacuate Collection Set: 9.1ms
[2025-06-01T17:24:48.450+0000][gc,phases   ] GC(18)   Merge Heap Roots: 0.8ms
[2025-06-01T17:24:48.450+0000][gc,phases   ] GC(18)   Evacuate Collection Set: 75.0ms
[2025-06-01T17:24:48.450+0000][gc,phases   ] GC(18)   Post Evacuate Collection Set: 3.3ms
[2025-06-01T17:24:48.450+0000][gc,phases   ] GC(18)   Other: 2.5ms
[2025-06-01T17:24:48.450+0000][gc,heap     ] GC(18) Eden regions: 48->0(47)
[2025-06-01T17:24:48.450+0000][gc,heap     ] GC(18) Survivor regions: 3->4(7)
[2025-06-01T17:24:48.450+0000][gc,heap     ] GC(18) Old regions: 29->29
[2025-06-01T17:24:48.450+0000][gc,heap     ] GC(18) Archive regions: 2->2
[2025-06-01T17:24:48.450+0000][gc,heap     ] GC(18) Humongous regions: 129->129
[2025-06-01T17:24:48.450+0000][gc,metaspace] GC(18) Metaspace: 43820K(44352K)->43820K(44352K) NonClass: 38651K(38976K)->38651K(38976K) Class: 5168K(5376K)->5168K(5376K)
[2025-06-01T17:24:48.450+0000][gc          ] GC(18) Pause Young (Normal) (G1 Evacuation Pause) 209M->162M(1024M) 90.826ms
[2025-06-01T17:24:48.450+0000][gc,cpu      ] GC(18) User=0.09s Sys=0.00s Real=0.09s
[2025-06-01T17:24:56.575+0000][gc,start    ] GC(19) Pause Young (Normal) (G1 Evacuation Pause)
[2025-06-01T17:24:56.575+0000][gc,task     ] GC(19) Using 1 workers of 1 for evacuation
[2025-06-01T17:24:56.632+0000][gc,mmu      ] GC(19) MMU target violated: 21.0ms (20.0ms/21.0ms)
[2025-06-01T17:24:56.632+0000][gc,phases   ] GC(19)   Pre Evacuate Collection Set: 4.4ms
[2025-06-01T17:24:56.632+0000][gc,phases   ] GC(19)   Merge Heap Roots: 0.5ms
[2025-06-01T17:24:56.632+0000][gc,phases   ] GC(19)   Evacuate Collection Set: 48.2ms
[2025-06-01T17:24:56.632+0000][gc,phases   ] GC(19)   Post Evacuate Collection Set: 3.0ms
[2025-06-01T17:24:56.632+0000][gc,phases   ] GC(19)   Other: 1.8ms
[2025-06-01T17:24:56.632+0000][gc,heap     ] GC(19) Eden regions: 47->0(47)
[2025-06-01T17:24:56.632+0000][gc,heap     ] GC(19) Survivor regions: 4->4(7)
[2025-06-01T17:24:56.633+0000][gc,heap     ] GC(19) Old regions: 29->29
[2025-06-01T17:24:56.633+0000][gc,heap     ] GC(19) Archive regions: 2->2
[2025-06-01T17:24:56.633+0000][gc,heap     ] GC(19) Humongous regions: 129->129
[2025-06-01T17:24:56.633+0000][gc,metaspace] GC(19) Metaspace: 43823K(44352K)->43823K(44352K) NonClass: 38654K(38976K)->38654K(38976K) Class: 5168K(5376K)->5168K(5376K)
[2025-06-01T17:24:56.633+0000][gc          ] GC(19) Pause Young (Normal) (G1 Evacuation Pause) 209M->162M(1024M) 58.219ms
[2025-06-01T17:24:56.633+0000][gc,cpu      ] GC(19) User=0.06s Sys=0.00s Real=0.06s
[2025-06-01T17:25:05.767+0000][gc,start    ] GC(20) Pause Young (Normal) (G1 Evacuation Pause)
[2025-06-01T17:25:05.771+0000][gc,task     ] GC(20) Using 1 workers of 1 for evacuation
[2025-06-01T17:25:05.834+0000][gc,mmu      ] GC(20) MMU target violated: 21.0ms (20.0ms/21.0ms)
[2025-06-01T17:25:05.834+0000][gc,phases   ] GC(20)   Pre Evacuate Collection Set: 7.5ms
[2025-06-01T17:25:05.834+0000][gc,phases   ] GC(20)   Merge Heap Roots: 0.6ms
[2025-06-01T17:25:05.834+0000][gc,phases   ] GC(20)   Evacuate Collection Set: 49.6ms
[2025-06-01T17:25:05.834+0000][gc,phases   ] GC(20)   Post Evacuate Collection Set: 3.7ms
[2025-06-01T17:25:05.834+0000][gc,phases   ] GC(20)   Other: 7.0ms
[2025-06-01T17:25:05.835+0000][gc,heap     ] GC(20) Eden regions: 47->0(47)
[2025-06-01T17:25:05.835+0000][gc,heap     ] GC(20) Survivor regions: 4->4(7)
[2025-06-01T17:25:05.835+0000][gc,heap     ] GC(20) Old regions: 29->30
[2025-06-01T17:25:05.835+0000][gc,heap     ] GC(20) Archive regions: 2->2
[2025-06-01T17:25:05.835+0000][gc,heap     ] GC(20) Humongous regions: 129->129
[2025-06-01T17:25:05.835+0000][gc,metaspace] GC(20) Metaspace: 43829K(44352K)->43829K(44352K) NonClass: 38660K(38976K)->38660K(38976K) Class: 5168K(5376K)->5168K(5376K)
[2025-06-01T17:25:05.835+0000][gc          ] GC(20) Pause Young (Normal) (G1 Evacuation Pause) 209M->163M(1024M) 67.980ms
[2025-06-01T17:25:05.835+0000][gc,cpu      ] GC(20) User=0.06s Sys=0.00s Real=0.07s
[2025-06-01T17:25:14.741+0000][gc,start    ] GC(21) Pause Young (Normal) (G1 Evacuation Pause)
[2025-06-01T17:25:14.742+0000][gc,task     ] GC(21) Using 1 workers of 1 for evacuation
[2025-06-01T17:25:15.017+0000][gc,mmu      ] GC(21) MMU target violated: 21.0ms (20.0ms/21.0ms)
[2025-06-01T17:25:15.017+0000][gc,phases   ] GC(21)   Pre Evacuate Collection Set: 70.3ms
[2025-06-01T17:25:15.017+0000][gc,phases   ] GC(21)   Merge Heap Roots: 1.3ms
[2025-06-01T17:25:15.018+0000][gc,phases   ] GC(21)   Evacuate Collection Set: 199.7ms
[2025-06-01T17:25:15.018+0000][gc,phases   ] GC(21)   Post Evacuate Collection Set: 3.6ms
[2025-06-01T17:25:15.018+0000][gc,phases   ] GC(21)   Other: 1.2ms
[2025-06-01T17:25:15.018+0000][gc,heap     ] GC(21) Eden regions: 47->0(47)
[2025-06-01T17:25:15.018+0000][gc,heap     ] GC(21) Survivor regions: 4->4(7)
[2025-06-01T17:25:15.018+0000][gc,heap     ] GC(21) Old regions: 30->30
[2025-06-01T17:25:15.018+0000][gc,heap     ] GC(21) Archive regions: 2->2
[2025-06-01T17:25:15.018+0000][gc,heap     ] GC(21) Humongous regions: 129->129
[2025-06-01T17:25:15.018+0000][gc,metaspace] GC(21) Metaspace: 43889K(44480K)->43889K(44480K) NonClass: 38705K(39040K)->38705K(39040K) Class: 5184K(5440K)->5184K(5440K)
[2025-06-01T17:25:15.018+0000][gc          ] GC(21) Pause Young (Normal) (G1 Evacuation Pause) 210M->163M(1024M) 276.495ms
[2025-06-01T17:25:15.018+0000][gc,cpu      ] GC(21) User=0.08s Sys=0.00s Real=0.28s
[2025-06-01T17:25:23.088+0000][gc,start    ] GC(22) Pause Young (Normal) (G1 Evacuation Pause)
[2025-06-01T17:25:23.094+0000][gc,task     ] GC(22) Using 1 workers of 1 for evacuation
[2025-06-01T17:25:23.150+0000][gc,mmu      ] GC(22) MMU target violated: 21.0ms (20.0ms/21.0ms)
[2025-06-01T17:25:23.150+0000][gc,phases   ] GC(22)   Pre Evacuate Collection Set: 4.0ms
[2025-06-01T17:25:23.150+0000][gc,phases   ] GC(22)   Merge Heap Roots: 0.6ms
[2025-06-01T17:25:23.150+0000][gc,phases   ] GC(22)   Evacuate Collection Set: 48.4ms
[2025-06-01T17:25:23.150+0000][gc,phases   ] GC(22)   Post Evacuate Collection Set: 2.6ms
[2025-06-01T17:25:23.150+0000][gc,phases   ] GC(22)   Other: 8.8ms
[2025-06-01T17:25:23.150+0000][gc,heap     ] GC(22) Eden regions: 47->0(47)
[2025-06-01T17:25:23.150+0000][gc,heap     ] GC(22) Survivor regions: 4->4(7)
[2025-06-01T17:25:23.150+0000][gc,heap     ] GC(22) Old regions: 30->31
[2025-06-01T17:25:23.150+0000][gc,heap     ] GC(22) Archive regions: 2->2
[2025-06-01T17:25:23.150+0000][gc,heap     ] GC(22) Humongous regions: 129->129
[2025-06-01T17:25:23.150+0000][gc,metaspace] GC(22) Metaspace: 43894K(44480K)->43894K(44480K) NonClass: 38710K(39040K)->38710K(39040K) Class: 5184K(5440K)->5184K(5440K)
[2025-06-01T17:25:23.150+0000][gc          ] GC(22) Pause Young (Normal) (G1 Evacuation Pause) 210M->164M(1024M) 63.567ms
[2025-06-01T17:25:23.151+0000][gc,cpu      ] GC(22) User=0.05s Sys=0.01s Real=0.06s
[2025-06-01T17:25:30.820+0000][gc,start    ] GC(23) Pause Young (Normal) (G1 Evacuation Pause)
[2025-06-01T17:25:30.821+0000][gc,task     ] GC(23) Using 1 workers of 1 for evacuation
[2025-06-01T17:25:30.880+0000][gc,mmu      ] GC(23) MMU target violated: 21.0ms (20.0ms/21.0ms)
[2025-06-01T17:25:30.880+0000][gc,phases   ] GC(23)   Pre Evacuate Collection Set: 9.2ms
[2025-06-01T17:25:30.880+0000][gc,phases   ] GC(23)   Merge Heap Roots: 0.4ms
[2025-06-01T17:25:30.880+0000][gc,phases   ] GC(23)   Evacuate Collection Set: 40.5ms
[2025-06-01T17:25:30.880+0000][gc,phases   ] GC(23)   Post Evacuate Collection Set: 7.9ms
[2025-06-01T17:25:30.880+0000][gc,phases   ] GC(23)   Other: 1.9ms
[2025-06-01T17:25:30.880+0000][gc,heap     ] GC(23) Eden regions: 47->0(47)
[2025-06-01T17:25:30.880+0000][gc,heap     ] GC(23) Survivor regions: 4->4(7)
[2025-06-01T17:25:30.880+0000][gc,heap     ] GC(23) Old regions: 31->32
[2025-06-01T17:25:30.880+0000][gc,heap     ] GC(23) Archive regions: 2->2
[2025-06-01T17:25:30.880+0000][gc,heap     ] GC(23) Humongous regions: 129->129
[2025-06-01T17:25:30.880+0000][gc,metaspace] GC(23) Metaspace: 43896K(44480K)->43896K(44480K) NonClass: 38712K(39040K)->38712K(39040K) Class: 5184K(5440K)->5184K(5440K)
[2025-06-01T17:25:30.880+0000][gc          ] GC(23) Pause Young (Normal) (G1 Evacuation Pause) 211M->165M(1024M) 60.051ms
[2025-06-01T17:25:30.880+0000][gc,cpu      ] GC(23) User=0.05s Sys=0.01s Real=0.06s
[2025-06-01T17:25:38.954+0000][gc,start    ] GC(24) Pause Young (Normal) (G1 Evacuation Pause)
[2025-06-01T17:25:38.955+0000][gc,task     ] GC(24) Using 1 workers of 1 for evacuation
[2025-06-01T17:25:39.027+0000][gc,mmu      ] GC(24) MMU target violated: 21.0ms (20.0ms/21.0ms)
[2025-06-01T17:25:39.028+0000][gc,phases   ] GC(24)   Pre Evacuate Collection Set: 4.1ms
[2025-06-01T17:25:39.028+0000][gc,phases   ] GC(24)   Merge Heap Roots: 0.6ms
[2025-06-01T17:25:39.028+0000][gc,phases   ] GC(24)   Evacuate Collection Set: 63.5ms
[2025-06-01T17:25:39.028+0000][gc,phases   ] GC(24)   Post Evacuate Collection Set: 3.5ms
[2025-06-01T17:25:39.028+0000][gc,phases   ] GC(24)   Other: 1.8ms
[2025-06-01T17:25:39.028+0000][gc,heap     ] GC(24) Eden regions: 47->0(47)
[2025-06-01T17:25:39.028+0000][gc,heap     ] GC(24) Survivor regions: 4->4(7)
[2025-06-01T17:25:39.028+0000][gc,heap     ] GC(24) Old regions: 32->33
[2025-06-01T17:25:39.028+0000][gc,heap     ] GC(24) Archive regions: 2->2
[2025-06-01T17:25:39.028+0000][gc,heap     ] GC(24) Humongous regions: 129->129
[2025-06-01T17:25:39.028+0000][gc,metaspace] GC(24) Metaspace: 43900K(44480K)->43900K(44480K) NonClass: 38716K(39040K)->38716K(39040K) Class: 5184K(5440K)->5184K(5440K)
[2025-06-01T17:25:39.028+0000][gc          ] GC(24) Pause Young (Normal) (G1 Evacuation Pause) 212M->165M(1024M) 73.743ms
[2025-06-01T17:25:39.028+0000][gc,cpu      ] GC(24) User=0.07s Sys=0.00s Real=0.07s
[2025-06-01T17:25:46.847+0000][gc,start    ] GC(25) Pause Young (Normal) (G1 Evacuation Pause)
[2025-06-01T17:25:46.851+0000][gc,task     ] GC(25) Using 1 workers of 1 for evacuation
[2025-06-01T17:25:47.120+0000][gc,mmu      ] GC(25) MMU target violated: 21.0ms (20.0ms/21.0ms)
[2025-06-01T17:25:47.121+0000][gc,phases   ] GC(25)   Pre Evacuate Collection Set: 60.8ms
[2025-06-01T17:25:47.121+0000][gc,phases   ] GC(25)   Merge Heap Roots: 0.5ms
[2025-06-01T17:25:47.121+0000][gc,phases   ] GC(25)   Evacuate Collection Set: 204.0ms
[2025-06-01T17:25:47.121+0000][gc,phases   ] GC(25)   Post Evacuate Collection Set: 4.1ms
[2025-06-01T17:25:47.121+0000][gc,phases   ] GC(25)   Other: 4.3ms
[2025-06-01T17:25:47.121+0000][gc,heap     ] GC(25) Eden regions: 47->0(47)
[2025-06-01T17:25:47.121+0000][gc,heap     ] GC(25) Survivor regions: 4->4(7)
[2025-06-01T17:25:47.121+0000][gc,heap     ] GC(25) Old regions: 33->33
[2025-06-01T17:25:47.121+0000][gc,heap     ] GC(25) Archive regions: 2->2
[2025-06-01T17:25:47.122+0000][gc,heap     ] GC(25) Humongous regions: 129->129
[2025-06-01T17:25:47.122+0000][gc,metaspace] GC(25) Metaspace: 43901K(44480K)->43901K(44480K) NonClass: 38717K(39040K)->38717K(39040K) Class: 5184K(5440K)->5184K(5440K)
[2025-06-01T17:25:47.122+0000][gc          ] GC(25) Pause Young (Normal) (G1 Evacuation Pause) 212M->166M(1024M) 274.936ms
[2025-06-01T17:25:47.122+0000][gc,cpu      ] GC(25) User=0.10s Sys=0.00s Real=0.27s
[2025-06-01T17:25:56.208+0000][gc,start    ] GC(26) Pause Young (Normal) (G1 Evacuation Pause)
[2025-06-01T17:25:56.210+0000][gc,task     ] GC(26) Using 1 workers of 1 for evacuation
[2025-06-01T17:25:56.293+0000][gc,mmu      ] GC(26) MMU target violated: 21.0ms (20.0ms/21.0ms)
[2025-06-01T17:25:56.293+0000][gc,phases   ] GC(26)   Pre Evacuate Collection Set: 10.5ms
[2025-06-01T17:25:56.293+0000][gc,phases   ] GC(26)   Merge Heap Roots: 0.9ms
[2025-06-01T17:25:56.293+0000][gc,phases   ] GC(26)   Evacuate Collection Set: 63.1ms
[2025-06-01T17:25:56.293+0000][gc,phases   ] GC(26)   Post Evacuate Collection Set: 8.4ms
[2025-06-01T17:25:56.293+0000][gc,phases   ] GC(26)   Other: 2.0ms
[2025-06-01T17:25:56.293+0000][gc,heap     ] GC(26) Eden regions: 47->0(47)
[2025-06-01T17:25:56.293+0000][gc,heap     ] GC(26) Survivor regions: 4->4(7)
[2025-06-01T17:25:56.293+0000][gc,heap     ] GC(26) Old regions: 33->33
[2025-06-01T17:25:56.293+0000][gc,heap     ] GC(26) Archive regions: 2->2
[2025-06-01T17:25:56.293+0000][gc,heap     ] GC(26) Humongous regions: 129->129
[2025-06-01T17:25:56.293+0000][gc,metaspace] GC(26) Metaspace: 43908K(44480K)->43908K(44480K) NonClass: 38724K(39040K)->38724K(39040K) Class: 5184K(5440K)->5184K(5440K)
[2025-06-01T17:25:56.293+0000][gc          ] GC(26) Pause Young (Normal) (G1 Evacuation Pause) 213M->166M(1024M) 85.218ms
[2025-06-01T17:25:56.293+0000][gc,cpu      ] GC(26) User=0.08s Sys=0.00s Real=0.09s
[2025-06-01T17:26:03.986+0000][gc,start    ] GC(27) Pause Young (Normal) (G1 Evacuation Pause)
[2025-06-01T17:26:03.989+0000][gc,task     ] GC(27) Using 1 workers of 1 for evacuation
[2025-06-01T17:26:04.047+0000][gc,mmu      ] GC(27) MMU target violated: 21.0ms (20.0ms/21.0ms)
[2025-06-01T17:26:04.047+0000][gc,phases   ] GC(27)   Pre Evacuate Collection Set: 4.1ms
[2025-06-01T17:26:04.048+0000][gc,phases   ] GC(27)   Merge Heap Roots: 1.2ms
[2025-06-01T17:26:04.048+0000][gc,phases   ] GC(27)   Evacuate Collection Set: 48.4ms
[2025-06-01T17:26:04.048+0000][gc,phases   ] GC(27)   Post Evacuate Collection Set: 4.2ms
[2025-06-01T17:26:04.048+0000][gc,phases   ] GC(27)   Other: 7.2ms
[2025-06-01T17:26:04.048+0000][gc,heap     ] GC(27) Eden regions: 47->0(47)
[2025-06-01T17:26:04.048+0000][gc,heap     ] GC(27) Survivor regions: 4->4(7)
[2025-06-01T17:26:04.048+0000][gc,heap     ] GC(27) Old regions: 33->34
[2025-06-01T17:26:04.048+0000][gc,heap     ] GC(27) Archive regions: 2->2
[2025-06-01T17:26:04.048+0000][gc,heap     ] GC(27) Humongous regions: 129->129
[2025-06-01T17:26:04.048+0000][gc,metaspace] GC(27) Metaspace: 43912K(44480K)->43912K(44480K) NonClass: 38728K(39040K)->38728K(39040K) Class: 5184K(5440K)->5184K(5440K)
[2025-06-01T17:26:04.048+0000][gc          ] GC(27) Pause Young (Normal) (G1 Evacuation Pause) 213M->167M(1024M) 62.547ms
[2025-06-01T17:26:04.048+0000][gc,cpu      ] GC(27) User=0.06s Sys=0.00s Real=0.06s
[2025-06-01T17:26:11.808+0000][gc,start    ] GC(28) Pause Young (Normal) (G1 Evacuation Pause)
[2025-06-01T17:26:11.809+0000][gc,task     ] GC(28) Using 1 workers of 1 for evacuation
[2025-06-01T17:26:11.869+0000][gc,mmu      ] GC(28) MMU target violated: 21.0ms (20.0ms/21.0ms)
[2025-06-01T17:26:11.869+0000][gc,phases   ] GC(28)   Pre Evacuate Collection Set: 9.1ms
[2025-06-01T17:26:11.869+0000][gc,phases   ] GC(28)   Merge Heap Roots: 1.5ms
[2025-06-01T17:26:11.869+0000][gc,phases   ] GC(28)   Evacuate Collection Set: 42.0ms
[2025-06-01T17:26:11.869+0000][gc,phases   ] GC(28)   Post Evacuate Collection Set: 6.2ms
[2025-06-01T17:26:11.870+0000][gc,phases   ] GC(28)   Other: 2.4ms
[2025-06-01T17:26:11.870+0000][gc,heap     ] GC(28) Eden regions: 47->0(47)
[2025-06-01T17:26:11.870+0000][gc,heap     ] GC(28) Survivor regions: 4->4(7)
[2025-06-01T17:26:11.870+0000][gc,heap     ] GC(28) Old regions: 34->35
[2025-06-01T17:26:11.870+0000][gc,heap     ] GC(28) Archive regions: 2->2
[2025-06-01T17:26:11.870+0000][gc,heap     ] GC(28) Humongous regions: 129->129
[2025-06-01T17:26:11.870+0000][gc,metaspace] GC(28) Metaspace: 43912K(44480K)->43912K(44480K) NonClass: 38728K(39040K)->38728K(39040K) Class: 5184K(5440K)->5184K(5440K)
[2025-06-01T17:26:11.870+0000][gc          ] GC(28) Pause Young (Normal) (G1 Evacuation Pause) 214M->167M(1024M) 61.585ms
[2025-06-01T17:26:11.870+0000][gc,cpu      ] GC(28) User=0.06s Sys=0.00s Real=0.06s
[2025-06-01T17:26:19.235+0000][gc,start    ] GC(29) Pause Young (Normal) (G1 Evacuation Pause)
[2025-06-01T17:26:19.238+0000][gc,task     ] GC(29) Using 1 workers of 1 for evacuation
[2025-06-01T17:26:19.294+0000][gc,mmu      ] GC(29) MMU target violated: 21.0ms (20.0ms/21.0ms)
[2025-06-01T17:26:19.294+0000][gc,phases   ] GC(29)   Pre Evacuate Collection Set: 9.0ms
[2025-06-01T17:26:19.294+0000][gc,phases   ] GC(29)   Merge Heap Roots: 0.4ms
[2025-06-01T17:26:19.294+0000][gc,phases   ] GC(29)   Evacuate Collection Set: 39.1ms
[2025-06-01T17:26:19.294+0000][gc,phases   ] GC(29)   Post Evacuate Collection Set: 3.2ms
[2025-06-01T17:26:19.294+0000][gc,phases   ] GC(29)   Other: 7.1ms
[2025-06-01T17:26:19.294+0000][gc,heap     ] GC(29) Eden regions: 47->0(48)
[2025-06-01T17:26:19.294+0000][gc,heap     ] GC(29) Survivor regions: 4->3(7)
[2025-06-01T17:26:19.294+0000][gc,heap     ] GC(29) Old regions: 35->35
[2025-06-01T17:26:19.294+0000][gc,heap     ] GC(29) Archive regions: 2->2
[2025-06-01T17:26:19.294+0000][gc,heap     ] GC(29) Humongous regions: 129->129
[2025-06-01T17:26:19.294+0000][gc,metaspace] GC(29) Metaspace: 43937K(44544K)->43937K(44544K) NonClass: 38753K(39104K)->38753K(39104K) Class: 5184K(5440K)->5184K(5440K)
[2025-06-01T17:26:19.295+0000][gc          ] GC(29) Pause Young (Normal) (G1 Evacuation Pause) 214M->166M(1024M) 59.113ms
[2025-06-01T17:26:19.295+0000][gc,cpu      ] GC(29) User=0.06s Sys=0.00s Real=0.06s
[2025-06-01T17:26:27.993+0000][gc,start    ] GC(30) Pause Young (Normal) (G1 Evacuation Pause)
[2025-06-01T17:26:27.995+0000][gc,task     ] GC(30) Using 1 workers of 1 for evacuation
[2025-06-01T17:26:28.064+0000][gc,mmu      ] GC(30) MMU target violated: 21.0ms (20.0ms/21.0ms)
[2025-06-01T17:26:28.064+0000][gc,phases   ] GC(30)   Pre Evacuate Collection Set: 10.2ms
[2025-06-01T17:26:28.064+0000][gc,phases   ] GC(30)   Merge Heap Roots: 0.8ms
[2025-06-01T17:26:28.065+0000][gc,phases   ] GC(30)   Evacuate Collection Set: 51.9ms
[2025-06-01T17:26:28.065+0000][gc,phases   ] GC(30)   Post Evacuate Collection Set: 4.7ms
[2025-06-01T17:26:28.065+0000][gc,phases   ] GC(30)   Other: 4.1ms
[2025-06-01T17:26:28.065+0000][gc,heap     ] GC(30) Eden regions: 48->0(47)
[2025-06-01T17:26:28.065+0000][gc,heap     ] GC(30) Survivor regions: 3->4(7)
[2025-06-01T17:26:28.065+0000][gc,heap     ] GC(30) Old regions: 35->35
[2025-06-01T17:26:28.065+0000][gc,heap     ] GC(30) Archive regions: 2->2
[2025-06-01T17:26:28.065+0000][gc,heap     ] GC(30) Humongous regions: 129->129
[2025-06-01T17:26:28.065+0000][gc,metaspace] GC(30) Metaspace: 43937K(44544K)->43937K(44544K) NonClass: 38753K(39104K)->38753K(39104K) Class: 5184K(5440K)->5184K(5440K)
[2025-06-01T17:26:28.065+0000][gc          ] GC(30) Pause Young (Normal) (G1 Evacuation Pause) 214M->167M(1024M) 71.693ms
[2025-06-01T17:26:28.065+0000][gc,cpu      ] GC(30) User=0.07s Sys=0.00s Real=0.08s
[2025-06-01T17:26:35.951+0000][gc,start    ] GC(31) Pause Young (Normal) (G1 Evacuation Pause)
[2025-06-01T17:26:35.952+0000][gc,task     ] GC(31) Using 1 workers of 1 for evacuation
[2025-06-01T17:26:36.021+0000][gc,mmu      ] GC(31) MMU target violated: 21.0ms (20.0ms/21.0ms)
[2025-06-01T17:26:36.022+0000][gc,phases   ] GC(31)   Pre Evacuate Collection Set: 5.4ms
[2025-06-01T17:26:36.022+0000][gc,phases   ] GC(31)   Merge Heap Roots: 0.8ms
[2025-06-01T17:26:36.022+0000][gc,phases   ] GC(31)   Evacuate Collection Set: 57.5ms
[2025-06-01T17:26:36.022+0000][gc,phases   ] GC(31)   Post Evacuate Collection Set: 5.1ms
[2025-06-01T17:26:36.022+0000][gc,phases   ] GC(31)   Other: 1.8ms
[2025-06-01T17:26:36.022+0000][gc,heap     ] GC(31) Eden regions: 47->0(47)
[2025-06-01T17:26:36.022+0000][gc,heap     ] GC(31) Survivor regions: 4->4(7)
[2025-06-01T17:26:36.022+0000][gc,heap     ] GC(31) Old regions: 35->35
[2025-06-01T17:26:36.022+0000][gc,heap     ] GC(31) Archive regions: 2->2
[2025-06-01T17:26:36.022+0000][gc,heap     ] GC(31) Humongous regions: 129->129
[2025-06-01T17:26:36.022+0000][gc,metaspace] GC(31) Metaspace: 43937K(44544K)->43937K(44544K) NonClass: 38753K(39104K)->38753K(39104K) Class: 5184K(5440K)->5184K(5440K)
[2025-06-01T17:26:36.022+0000][gc          ] GC(31) Pause Young (Normal) (G1 Evacuation Pause) 214M->168M(1024M) 70.810ms
[2025-06-01T17:26:36.022+0000][gc,cpu      ] GC(31) User=0.07s Sys=0.00s Real=0.07s
[2025-06-01T17:26:43.452+0000][gc,start    ] GC(32) Pause Young (Normal) (G1 Evacuation Pause)
[2025-06-01T17:26:43.453+0000][gc,task     ] GC(32) Using 1 workers of 1 for evacuation
[2025-06-01T17:26:43.568+0000][gc,mmu      ] GC(32) MMU target violated: 21.0ms (20.0ms/21.0ms)
[2025-06-01T17:26:43.568+0000][gc,phases   ] GC(32)   Pre Evacuate Collection Set: 3.5ms
[2025-06-01T17:26:43.568+0000][gc,phases   ] GC(32)   Merge Heap Roots: 0.6ms
[2025-06-01T17:26:43.568+0000][gc,phases   ] GC(32)   Evacuate Collection Set: 104.6ms
[2025-06-01T17:26:43.568+0000][gc,phases   ] GC(32)   Post Evacuate Collection Set: 5.3ms
[2025-06-01T17:26:43.568+0000][gc,phases   ] GC(32)   Other: 2.6ms
[2025-06-01T17:26:43.568+0000][gc,heap     ] GC(32) Eden regions: 47->0(47)
[2025-06-01T17:26:43.568+0000][gc,heap     ] GC(32) Survivor regions: 4->4(7)
[2025-06-01T17:26:43.568+0000][gc,heap     ] GC(32) Old regions: 35->35
[2025-06-01T17:26:43.568+0000][gc,heap     ] GC(32) Archive regions: 2->2
[2025-06-01T17:26:43.568+0000][gc,heap     ] GC(32) Humongous regions: 129->129
[2025-06-01T17:26:43.568+0000][gc,metaspace] GC(32) Metaspace: 43937K(44544K)->43937K(44544K) NonClass: 38753K(39104K)->38753K(39104K) Class: 5184K(5440K)->5184K(5440K)
[2025-06-01T17:26:43.568+0000][gc          ] GC(32) Pause Young (Normal) (G1 Evacuation Pause) 215M->168M(1024M) 116.896ms
[2025-06-01T17:26:43.568+0000][gc,cpu      ] GC(32) User=0.11s Sys=0.01s Real=0.12s
[2025-06-01T17:26:52.171+0000][gc,start    ] GC(33) Pause Young (Normal) (G1 Evacuation Pause)
[2025-06-01T17:26:52.173+0000][gc,task     ] GC(33) Using 1 workers of 1 for evacuation
[2025-06-01T17:26:52.240+0000][gc,mmu      ] GC(33) MMU target violated: 21.0ms (20.0ms/21.0ms)
[2025-06-01T17:26:52.241+0000][gc,phases   ] GC(33)   Pre Evacuate Collection Set: 5.1ms
[2025-06-01T17:26:52.241+0000][gc,phases   ] GC(33)   Merge Heap Roots: 0.6ms
[2025-06-01T17:26:52.241+0000][gc,phases   ] GC(33)   Evacuate Collection Set: 53.5ms
[2025-06-01T17:26:52.241+0000][gc,phases   ] GC(33)   Post Evacuate Collection Set: 7.0ms
[2025-06-01T17:26:52.241+0000][gc,phases   ] GC(33)   Other: 4.1ms
[2025-06-01T17:26:52.241+0000][gc,heap     ] GC(33) Eden regions: 47->0(47)
[2025-06-01T17:26:52.241+0000][gc,heap     ] GC(33) Survivor regions: 4->4(7)
[2025-06-01T17:26:52.241+0000][gc,heap     ] GC(33) Old regions: 35->36
[2025-06-01T17:26:52.241+0000][gc,heap     ] GC(33) Archive regions: 2->2
[2025-06-01T17:26:52.241+0000][gc,heap     ] GC(33) Humongous regions: 129->129
[2025-06-01T17:26:52.241+0000][gc,metaspace] GC(33) Metaspace: 43952K(44608K)->43952K(44608K) NonClass: 38768K(39168K)->38768K(39168K) Class: 5184K(5440K)->5184K(5440K)
[2025-06-01T17:26:52.241+0000][gc          ] GC(33) Pause Young (Normal) (G1 Evacuation Pause) 215M->169M(1024M) 70.813ms
[2025-06-01T17:26:52.241+0000][gc,cpu      ] GC(33) User=0.07s Sys=0.01s Real=0.08s
[2025-06-01T17:27:02.309+0000][gc,start    ] GC(34) Pause Young (Normal) (G1 Evacuation Pause)
[2025-06-01T17:27:02.315+0000][gc,task     ] GC(34) Using 1 workers of 1 for evacuation
[2025-06-01T17:27:02.580+0000][gc,mmu      ] GC(34) MMU target violated: 21.0ms (20.0ms/21.0ms)
[2025-06-01T17:27:02.580+0000][gc,phases   ] GC(34)   Pre Evacuate Collection Set: 33.7ms
[2025-06-01T17:27:02.581+0000][gc,phases   ] GC(34)   Merge Heap Roots: 0.9ms
[2025-06-01T17:27:02.581+0000][gc,phases   ] GC(34)   Evacuate Collection Set: 205.4ms
[2025-06-01T17:27:02.581+0000][gc,phases   ] GC(34)   Post Evacuate Collection Set: 21.2ms
[2025-06-01T17:27:02.581+0000][gc,phases   ] GC(34)   Other: 12.2ms
[2025-06-01T17:27:02.581+0000][gc,heap     ] GC(34) Eden regions: 47->0(46)
[2025-06-01T17:27:02.582+0000][gc,heap     ] GC(34) Survivor regions: 4->5(7)
[2025-06-01T17:27:02.582+0000][gc,heap     ] GC(34) Old regions: 36->36
[2025-06-01T17:27:02.582+0000][gc,heap     ] GC(34) Archive regions: 2->2
[2025-06-01T17:27:02.582+0000][gc,heap     ] GC(34) Humongous regions: 129->129
[2025-06-01T17:27:02.582+0000][gc,metaspace] GC(34) Metaspace: 43962K(44608K)->43962K(44608K) NonClass: 38778K(39168K)->38778K(39168K) Class: 5184K(5440K)->5184K(5440K)
[2025-06-01T17:27:02.583+0000][gc          ] GC(34) Pause Young (Normal) (G1 Evacuation Pause) 216M->169M(1024M) 274.495ms
[2025-06-01T17:27:02.583+0000][gc,cpu      ] GC(34) User=0.27s Sys=0.00s Real=0.28s
[2025-06-01T17:27:11.447+0000][gc,start    ] GC(35) Pause Young (Normal) (G1 Evacuation Pause)
[2025-06-01T17:27:11.448+0000][gc,task     ] GC(35) Using 1 workers of 1 for evacuation
[2025-06-01T17:27:11.585+0000][gc,mmu      ] GC(35) MMU target violated: 21.0ms (20.0ms/21.0ms)
[2025-06-01T17:27:11.585+0000][gc,phases   ] GC(35)   Pre Evacuate Collection Set: 20.4ms
[2025-06-01T17:27:11.586+0000][gc,phases   ] GC(35)   Merge Heap Roots: 0.9ms
[2025-06-01T17:27:11.586+0000][gc,phases   ] GC(35)   Evacuate Collection Set: 109.1ms
[2025-06-01T17:27:11.586+0000][gc,phases   ] GC(35)   Post Evacuate Collection Set: 5.9ms
[2025-06-01T17:27:11.586+0000][gc,phases   ] GC(35)   Other: 2.5ms
[2025-06-01T17:27:11.587+0000][gc,heap     ] GC(35) Eden regions: 46->0(47)
[2025-06-01T17:27:11.588+0000][gc,heap     ] GC(35) Survivor regions: 5->4(7)
[2025-06-01T17:27:11.588+0000][gc,heap     ] GC(35) Old regions: 36->37
[2025-06-01T17:27:11.588+0000][gc,heap     ] GC(35) Archive regions: 2->2
[2025-06-01T17:27:11.588+0000][gc,heap     ] GC(35) Humongous regions: 129->129
[2025-06-01T17:27:11.588+0000][gc,metaspace] GC(35) Metaspace: 43962K(44608K)->43962K(44608K) NonClass: 38778K(39168K)->38778K(39168K) Class: 5184K(5440K)->5184K(5440K)
[2025-06-01T17:27:11.589+0000][gc          ] GC(35) Pause Young (Normal) (G1 Evacuation Pause) 215M->170M(1024M) 141.637ms
[2025-06-01T17:27:11.589+0000][gc,cpu      ] GC(35) User=0.14s Sys=0.00s Real=0.14s
[2025-06-01T17:27:37.477+0000][gc,start    ] GC(36) Pause Young (Normal) (G1 Evacuation Pause)
[2025-06-01T17:27:37.480+0000][gc,task     ] GC(36) Using 1 workers of 1 for evacuation
[2025-06-01T17:27:38.619+0000][gc,mmu      ] GC(36) MMU target violated: 21.0ms (20.0ms/21.0ms)
[2025-06-01T17:27:38.621+0000][gc,phases   ] GC(36)   Pre Evacuate Collection Set: 126.7ms
[2025-06-01T17:27:38.622+0000][gc,phases   ] GC(36)   Merge Heap Roots: 1.3ms
[2025-06-01T17:27:38.622+0000][gc,phases   ] GC(36)   Evacuate Collection Set: 974.4ms
[2025-06-01T17:27:38.622+0000][gc,phases   ] GC(36)   Post Evacuate Collection Set: 34.8ms
[2025-06-01T17:27:38.623+0000][gc,phases   ] GC(36)   Other: 8.9ms
[2025-06-01T17:27:38.623+0000][gc,heap     ] GC(36) Eden regions: 47->0(46)
[2025-06-01T17:27:38.623+0000][gc,heap     ] GC(36) Survivor regions: 4->5(7)
[2025-06-01T17:27:38.623+0000][gc,heap     ] GC(36) Old regions: 37->37
[2025-06-01T17:27:38.623+0000][gc,heap     ] GC(36) Archive regions: 2->2
[2025-06-01T17:27:38.623+0000][gc,heap     ] GC(36) Humongous regions: 129->129
[2025-06-01T17:27:38.623+0000][gc,metaspace] GC(36) Metaspace: 43975K(44608K)->43975K(44608K) NonClass: 38791K(39168K)->38791K(39168K) Class: 5184K(5440K)->5184K(5440K)
[2025-06-01T17:27:38.623+0000][gc          ] GC(36) Pause Young (Normal) (G1 Evacuation Pause) 217M->171M(1024M) 1146.518ms
[2025-06-01T17:27:38.625+0000][gc,cpu      ] GC(36) User=0.50s Sys=0.02s Real=1.15s
[2025-06-01T17:27:47.440+0000][gc,start    ] GC(37) Pause Young (Normal) (G1 Evacuation Pause)
[2025-06-01T17:27:47.442+0000][gc,task     ] GC(37) Using 1 workers of 1 for evacuation
[2025-06-01T17:27:47.589+0000][gc,mmu      ] GC(37) MMU target violated: 21.0ms (20.0ms/21.0ms)
[2025-06-01T17:27:47.589+0000][gc,phases   ] GC(37)   Pre Evacuate Collection Set: 9.5ms
[2025-06-01T17:27:47.589+0000][gc,phases   ] GC(37)   Merge Heap Roots: 1.5ms
[2025-06-01T17:27:47.589+0000][gc,phases   ] GC(37)   Evacuate Collection Set: 128.2ms
[2025-06-01T17:27:47.589+0000][gc,phases   ] GC(37)   Post Evacuate Collection Set: 6.7ms
[2025-06-01T17:27:47.589+0000][gc,phases   ] GC(37)   Other: 5.0ms
[2025-06-01T17:27:47.590+0000][gc,heap     ] GC(37) Eden regions: 46->0(47)
[2025-06-01T17:27:47.590+0000][gc,heap     ] GC(37) Survivor regions: 5->4(7)
[2025-06-01T17:27:47.590+0000][gc,heap     ] GC(37) Old regions: 37->39
[2025-06-01T17:27:47.590+0000][gc,heap     ] GC(37) Archive regions: 2->2
[2025-06-01T17:27:47.590+0000][gc,heap     ] GC(37) Humongous regions: 129->129
[2025-06-01T17:27:47.590+0000][gc,metaspace] GC(37) Metaspace: 43980K(44608K)->43980K(44608K) NonClass: 38796K(39168K)->38796K(39168K) Class: 5184K(5440K)->5184K(5440K)
[2025-06-01T17:27:47.590+0000][gc          ] GC(37) Pause Young (Normal) (G1 Evacuation Pause) 217M->172M(1024M) 150.528ms
[2025-06-01T17:27:47.590+0000][gc,cpu      ] GC(37) User=0.14s Sys=0.02s Real=0.15s
[2025-06-01T17:27:55.298+0000][gc,start    ] GC(38) Pause Young (Normal) (G1 Evacuation Pause)
[2025-06-01T17:27:55.299+0000][gc,task     ] GC(38) Using 1 workers of 1 for evacuation
[2025-06-01T17:27:55.357+0000][gc,mmu      ] GC(38) MMU target violated: 21.0ms (20.0ms/21.0ms)
[2025-06-01T17:27:55.357+0000][gc,phases   ] GC(38)   Pre Evacuate Collection Set: 3.8ms
[2025-06-01T17:27:55.357+0000][gc,phases   ] GC(38)   Merge Heap Roots: 0.5ms
[2025-06-01T17:27:55.357+0000][gc,phases   ] GC(38)   Evacuate Collection Set: 50.3ms
[2025-06-01T17:27:55.357+0000][gc,phases   ] GC(38)   Post Evacuate Collection Set: 3.1ms
[2025-06-01T17:27:55.357+0000][gc,phases   ] GC(38)   Other: 1.3ms
[2025-06-01T17:27:55.357+0000][gc,heap     ] GC(38) Eden regions: 47->0(47)
[2025-06-01T17:27:55.357+0000][gc,heap     ] GC(38) Survivor regions: 4->4(7)
[2025-06-01T17:27:55.357+0000][gc,heap     ] GC(38) Old regions: 39->39
[2025-06-01T17:27:55.357+0000][gc,heap     ] GC(38) Archive regions: 2->2
[2025-06-01T17:27:55.357+0000][gc,heap     ] GC(38) Humongous regions: 129->129
[2025-06-01T17:27:55.357+0000][gc,metaspace] GC(38) Metaspace: 43980K(44608K)->43980K(44608K) NonClass: 38796K(39168K)->38796K(39168K) Class: 5184K(5440K)->5184K(5440K)
[2025-06-01T17:27:55.357+0000][gc          ] GC(38) Pause Young (Normal) (G1 Evacuation Pause) 219M->172M(1024M) 59.088ms
[2025-06-01T17:27:55.357+0000][gc,cpu      ] GC(38) User=0.05s Sys=0.01s Real=0.06s
[2025-06-01T17:28:03.096+0000][gc,start    ] GC(39) Pause Young (Normal) (G1 Evacuation Pause)
[2025-06-01T17:28:03.098+0000][gc,task     ] GC(39) Using 1 workers of 1 for evacuation
[2025-06-01T17:28:03.177+0000][gc,mmu      ] GC(39) MMU target violated: 21.0ms (20.0ms/21.0ms)
[2025-06-01T17:28:03.177+0000][gc,phases   ] GC(39)   Pre Evacuate Collection Set: 3.3ms
[2025-06-01T17:28:03.178+0000][gc,phases   ] GC(39)   Merge Heap Roots: 0.5ms
[2025-06-01T17:28:03.178+0000][gc,phases   ] GC(39)   Evacuate Collection Set: 68.9ms
[2025-06-01T17:28:03.178+0000][gc,phases   ] GC(39)   Post Evacuate Collection Set: 5.7ms
[2025-06-01T17:28:03.178+0000][gc,phases   ] GC(39)   Other: 3.2ms
[2025-06-01T17:28:03.178+0000][gc,heap     ] GC(39) Eden regions: 47->0(47)
[2025-06-01T17:28:03.178+0000][gc,heap     ] GC(39) Survivor regions: 4->4(7)
[2025-06-01T17:28:03.178+0000][gc,heap     ] GC(39) Old regions: 39->40
[2025-06-01T17:28:03.178+0000][gc,heap     ] GC(39) Archive regions: 2->2
[2025-06-01T17:28:03.178+0000][gc,heap     ] GC(39) Humongous regions: 129->129
[2025-06-01T17:28:03.178+0000][gc,metaspace] GC(39) Metaspace: 43980K(44608K)->43980K(44608K) NonClass: 38796K(39168K)->38796K(39168K) Class: 5184K(5440K)->5184K(5440K)
[2025-06-01T17:28:03.178+0000][gc          ] GC(39) Pause Young (Normal) (G1 Evacuation Pause) 219M->173M(1024M) 82.362ms
[2025-06-01T17:28:03.178+0000][gc,cpu      ] GC(39) User=0.07s Sys=0.01s Real=0.09s
[2025-06-01T17:28:14.117+0000][gc,start    ] GC(40) Pause Young (Normal) (G1 Evacuation Pause)
[2025-06-01T17:28:14.118+0000][gc,task     ] GC(40) Using 1 workers of 1 for evacuation
[2025-06-01T17:28:14.383+0000][gc,mmu      ] GC(40) MMU target violated: 21.0ms (20.0ms/21.0ms)
[2025-06-01T17:28:14.384+0000][gc,phases   ] GC(40)   Pre Evacuate Collection Set: 21.6ms
[2025-06-01T17:28:14.384+0000][gc,phases   ] GC(40)   Merge Heap Roots: 4.4ms
[2025-06-01T17:28:14.384+0000][gc,phases   ] GC(40)   Evacuate Collection Set: 223.1ms
[2025-06-01T17:28:14.384+0000][gc,phases   ] GC(40)   Post Evacuate Collection Set: 12.1ms
[2025-06-01T17:28:14.384+0000][gc,phases   ] GC(40)   Other: 6.7ms
[2025-06-01T17:28:14.385+0000][gc,heap     ] GC(40) Eden regions: 47->0(48)
[2025-06-01T17:28:14.385+0000][gc,heap     ] GC(40) Survivor regions: 4->3(7)
[2025-06-01T17:28:14.385+0000][gc,heap     ] GC(40) Old regions: 40->40
[2025-06-01T17:28:14.385+0000][gc,heap     ] GC(40) Archive regions: 2->2
[2025-06-01T17:28:14.385+0000][gc,heap     ] GC(40) Humongous regions: 129->129
[2025-06-01T17:28:14.385+0000][gc,metaspace] GC(40) Metaspace: 43997K(44608K)->43997K(44608K) NonClass: 38813K(39168K)->38813K(39168K) Class: 5184K(5440K)->5184K(5440K)
[2025-06-01T17:28:14.385+0000][gc          ] GC(40) Pause Young (Normal) (G1 Evacuation Pause) 220M->172M(1024M) 268.299ms
[2025-06-01T17:28:14.385+0000][gc,cpu      ] GC(40) User=0.22s Sys=0.00s Real=0.27s
[2025-06-01T17:28:22.974+0000][gc,start    ] GC(41) Pause Young (Normal) (G1 Evacuation Pause)
[2025-06-01T17:28:22.983+0000][gc,task     ] GC(41) Using 1 workers of 1 for evacuation
[2025-06-01T17:28:23.289+0000][gc,mmu      ] GC(41) MMU target violated: 21.0ms (20.0ms/21.0ms)
[2025-06-01T17:28:23.290+0000][gc,phases   ] GC(41)   Pre Evacuate Collection Set: 26.8ms
[2025-06-01T17:28:23.291+0000][gc,phases   ] GC(41)   Merge Heap Roots: 1.5ms
[2025-06-01T17:28:23.291+0000][gc,phases   ] GC(41)   Evacuate Collection Set: 264.1ms
[2025-06-01T17:28:23.291+0000][gc,phases   ] GC(41)   Post Evacuate Collection Set: 12.4ms
[2025-06-01T17:28:23.292+0000][gc,phases   ] GC(41)   Other: 11.3ms
[2025-06-01T17:28:23.294+0000][gc,heap     ] GC(41) Eden regions: 48->0(47)
[2025-06-01T17:28:23.296+0000][gc,heap     ] GC(41) Survivor regions: 3->4(7)
[2025-06-01T17:28:23.296+0000][gc,heap     ] GC(41) Old regions: 40->40
[2025-06-01T17:28:23.296+0000][gc,heap     ] GC(41) Archive regions: 2->2
[2025-06-01T17:28:23.296+0000][gc,heap     ] GC(41) Humongous regions: 129->129
[2025-06-01T17:28:23.297+0000][gc,metaspace] GC(41) Metaspace: 44000K(44608K)->44000K(44608K) NonClass: 38816K(39168K)->38816K(39168K) Class: 5184K(5440K)->5184K(5440K)
[2025-06-01T17:28:23.299+0000][gc          ] GC(41) Pause Young (Normal) (G1 Evacuation Pause) 220M->173M(1024M) 324.562ms
[2025-06-01T17:28:23.304+0000][gc,cpu      ] GC(41) User=0.31s Sys=0.01s Real=0.33s
[2025-06-01T17:28:33.096+0000][gc,start    ] GC(42) Pause Young (Normal) (G1 Evacuation Pause)
[2025-06-01T17:28:33.110+0000][gc,task     ] GC(42) Using 1 workers of 1 for evacuation
[2025-06-01T17:28:33.373+0000][gc,mmu      ] GC(42) MMU target violated: 21.0ms (20.0ms/21.0ms)
[2025-06-01T17:28:33.374+0000][gc,phases   ] GC(42)   Pre Evacuate Collection Set: 33.9ms
[2025-06-01T17:28:33.374+0000][gc,phases   ] GC(42)   Merge Heap Roots: 1.9ms
[2025-06-01T17:28:33.374+0000][gc,phases   ] GC(42)   Evacuate Collection Set: 199.5ms
[2025-06-01T17:28:33.374+0000][gc,phases   ] GC(42)   Post Evacuate Collection Set: 10.5ms
[2025-06-01T17:28:33.374+0000][gc,phases   ] GC(42)   Other: 32.0ms
[2025-06-01T17:28:33.374+0000][gc,heap     ] GC(42) Eden regions: 47->0(47)
[2025-06-01T17:28:33.374+0000][gc,heap     ] GC(42) Survivor regions: 4->4(7)
[2025-06-01T17:28:33.374+0000][gc,heap     ] GC(42) Old regions: 40->40
[2025-06-01T17:28:33.374+0000][gc,heap     ] GC(42) Archive regions: 2->2
[2025-06-01T17:28:33.374+0000][gc,heap     ] GC(42) Humongous regions: 129->129
[2025-06-01T17:28:33.374+0000][gc,metaspace] GC(42) Metaspace: 44003K(44608K)->44003K(44608K) NonClass: 38819K(39168K)->38819K(39168K) Class: 5184K(5440K)->5184K(5440K)
[2025-06-01T17:28:33.375+0000][gc          ] GC(42) Pause Young (Normal) (G1 Evacuation Pause) 220M->173M(1024M) 278.342ms
[2025-06-01T17:28:33.375+0000][gc,cpu      ] GC(42) User=0.26s Sys=0.01s Real=0.28s
[2025-06-01T17:28:42.711+0000][gc,start    ] GC(43) Pause Young (Normal) (G1 Evacuation Pause)
[2025-06-01T17:28:42.712+0000][gc,task     ] GC(43) Using 1 workers of 1 for evacuation
[2025-06-01T17:28:42.948+0000][gc,mmu      ] GC(43) MMU target violated: 21.0ms (20.0ms/21.0ms)
[2025-06-01T17:28:42.949+0000][gc,phases   ] GC(43)   Pre Evacuate Collection Set: 10.0ms
[2025-06-01T17:28:42.949+0000][gc,phases   ] GC(43)   Merge Heap Roots: 0.9ms
[2025-06-01T17:28:42.949+0000][gc,phases   ] GC(43)   Evacuate Collection Set: 220.8ms
[2025-06-01T17:28:42.949+0000][gc,phases   ] GC(43)   Post Evacuate Collection Set: 4.1ms
[2025-06-01T17:28:42.949+0000][gc,phases   ] GC(43)   Other: 2.2ms
[2025-06-01T17:28:42.949+0000][gc,heap     ] GC(43) Eden regions: 47->0(47)
[2025-06-01T17:28:42.949+0000][gc,heap     ] GC(43) Survivor regions: 4->4(7)
[2025-06-01T17:28:42.949+0000][gc,heap     ] GC(43) Old regions: 40->40
[2025-06-01T17:28:42.949+0000][gc,heap     ] GC(43) Archive regions: 2->2
[2025-06-01T17:28:42.949+0000][gc,heap     ] GC(43) Humongous regions: 129->129
[2025-06-01T17:28:42.949+0000][gc,metaspace] GC(43) Metaspace: 44003K(44608K)->44003K(44608K) NonClass: 38819K(39168K)->38819K(39168K) Class: 5184K(5440K)->5184K(5440K)
[2025-06-01T17:28:42.949+0000][gc          ] GC(43) Pause Young (Normal) (G1 Evacuation Pause) 220M->173M(1024M) 238.419ms
[2025-06-01T17:28:42.949+0000][gc,cpu      ] GC(43) User=0.12s Sys=0.00s Real=0.24s
[2025-06-01T17:28:52.360+0000][gc,start    ] GC(44) Pause Young (Normal) (G1 Evacuation Pause)
[2025-06-01T17:28:52.361+0000][gc,task     ] GC(44) Using 1 workers of 1 for evacuation
[2025-06-01T17:28:52.436+0000][gc,mmu      ] GC(44) MMU target violated: 21.0ms (20.0ms/21.0ms)
[2025-06-01T17:28:52.437+0000][gc,phases   ] GC(44)   Pre Evacuate Collection Set: 3.1ms
[2025-06-01T17:28:52.437+0000][gc,phases   ] GC(44)   Merge Heap Roots: 0.5ms
[2025-06-01T17:28:52.437+0000][gc,phases   ] GC(44)   Evacuate Collection Set: 68.5ms
[2025-06-01T17:28:52.437+0000][gc,phases   ] GC(44)   Post Evacuate Collection Set: 3.0ms
[2025-06-01T17:28:52.437+0000][gc,phases   ] GC(44)   Other: 1.4ms
[2025-06-01T17:28:52.437+0000][gc,heap     ] GC(44) Eden regions: 47->0(47)
[2025-06-01T17:28:52.437+0000][gc,heap     ] GC(44) Survivor regions: 4->4(7)
[2025-06-01T17:28:52.437+0000][gc,heap     ] GC(44) Old regions: 40->41
[2025-06-01T17:28:52.437+0000][gc,heap     ] GC(44) Archive regions: 2->2
[2025-06-01T17:28:52.437+0000][gc,heap     ] GC(44) Humongous regions: 129->129
[2025-06-01T17:28:52.437+0000][gc,metaspace] GC(44) Metaspace: 44016K(44608K)->44016K(44608K) NonClass: 38832K(39168K)->38832K(39168K) Class: 5184K(5440K)->5184K(5440K)
[2025-06-01T17:28:52.437+0000][gc          ] GC(44) Pause Young (Normal) (G1 Evacuation Pause) 220M->174M(1024M) 76.833ms
[2025-06-01T17:28:52.437+0000][gc,cpu      ] GC(44) User=0.07s Sys=0.00s Real=0.07s
[2025-06-01T17:29:01.243+0000][gc,start    ] GC(45) Pause Young (Normal) (G1 Evacuation Pause)
[2025-06-01T17:29:01.244+0000][gc,task     ] GC(45) Using 1 workers of 1 for evacuation
[2025-06-01T17:29:01.439+0000][gc,mmu      ] GC(45) MMU target violated: 21.0ms (20.0ms/21.0ms)
[2025-06-01T17:29:01.440+0000][gc,phases   ] GC(45)   Pre Evacuate Collection Set: 13.0ms
[2025-06-01T17:29:01.440+0000][gc,phases   ] GC(45)   Merge Heap Roots: 0.9ms
[2025-06-01T17:29:01.440+0000][gc,phases   ] GC(45)   Evacuate Collection Set: 170.8ms
[2025-06-01T17:29:01.440+0000][gc,phases   ] GC(45)   Post Evacuate Collection Set: 9.2ms
[2025-06-01T17:29:01.440+0000][gc,phases   ] GC(45)   Other: 3.2ms
[2025-06-01T17:29:01.441+0000][gc,heap     ] GC(45) Eden regions: 47->0(47)
[2025-06-01T17:29:01.441+0000][gc,heap     ] GC(45) Survivor regions: 4->4(7)
[2025-06-01T17:29:01.441+0000][gc,heap     ] GC(45) Old regions: 41->42
[2025-06-01T17:29:01.441+0000][gc,heap     ] GC(45) Archive regions: 2->2
[2025-06-01T17:29:01.441+0000][gc,heap     ] GC(45) Humongous regions: 129->129
[2025-06-01T17:29:01.441+0000][gc,metaspace] GC(45) Metaspace: 44021K(44608K)->44021K(44608K) NonClass: 38837K(39168K)->38837K(39168K) Class: 5184K(5440K)->5184K(5440K)
[2025-06-01T17:29:01.441+0000][gc          ] GC(45) Pause Young (Normal) (G1 Evacuation Pause) 221M->175M(1024M) 197.923ms
[2025-06-01T17:29:01.441+0000][gc,cpu      ] GC(45) User=0.20s Sys=0.00s Real=0.20s
[2025-06-01T17:29:09.577+0000][gc,start    ] GC(46) Pause Young (Normal) (G1 Evacuation Pause)
[2025-06-01T17:29:09.577+0000][gc,task     ] GC(46) Using 1 workers of 1 for evacuation
[2025-06-01T17:29:09.672+0000][gc,mmu      ] GC(46) MMU target violated: 21.0ms (20.0ms/21.0ms)
[2025-06-01T17:29:09.673+0000][gc,phases   ] GC(46)   Pre Evacuate Collection Set: 11.2ms
[2025-06-01T17:29:09.673+0000][gc,phases   ] GC(46)   Merge Heap Roots: 0.7ms
[2025-06-01T17:29:09.673+0000][gc,phases   ] GC(46)   Evacuate Collection Set: 78.4ms
[2025-06-01T17:29:09.673+0000][gc,phases   ] GC(46)   Post Evacuate Collection Set: 3.8ms
[2025-06-01T17:29:09.673+0000][gc,phases   ] GC(46)   Other: 1.8ms
[2025-06-01T17:29:09.673+0000][gc,heap     ] GC(46) Eden regions: 47->0(47)
[2025-06-01T17:29:09.673+0000][gc,heap     ] GC(46) Survivor regions: 4->4(7)
[2025-06-01T17:29:09.673+0000][gc,heap     ] GC(46) Old regions: 42->42
[2025-06-01T17:29:09.673+0000][gc,heap     ] GC(46) Archive regions: 2->2
[2025-06-01T17:29:09.673+0000][gc,heap     ] GC(46) Humongous regions: 129->129
[2025-06-01T17:29:09.673+0000][gc,metaspace] GC(46) Metaspace: 44022K(44608K)->44022K(44608K) NonClass: 38838K(39168K)->38838K(39168K) Class: 5184K(5440K)->5184K(5440K)
[2025-06-01T17:29:09.673+0000][gc          ] GC(46) Pause Young (Normal) (G1 Evacuation Pause) 222M->175M(1024M) 96.339ms
[2025-06-01T17:29:09.673+0000][gc,cpu      ] GC(46) User=0.09s Sys=0.00s Real=0.10s
[2025-06-01T17:29:22.510+0000][gc,start    ] GC(47) Pause Young (Normal) (G1 Evacuation Pause)
[2025-06-01T17:29:22.514+0000][gc,task     ] GC(47) Using 1 workers of 1 for evacuation
[2025-06-01T17:29:22.699+0000][gc,mmu      ] GC(47) MMU target violated: 21.0ms (20.0ms/21.0ms)
[2025-06-01T17:29:22.700+0000][gc,phases   ] GC(47)   Pre Evacuate Collection Set: 12.3ms
[2025-06-01T17:29:22.700+0000][gc,phases   ] GC(47)   Merge Heap Roots: 0.9ms
[2025-06-01T17:29:22.700+0000][gc,phases   ] GC(47)   Evacuate Collection Set: 161.4ms
[2025-06-01T17:29:22.700+0000][gc,phases   ] GC(47)   Post Evacuate Collection Set: 9.1ms
[2025-06-01T17:29:22.701+0000][gc,phases   ] GC(47)   Other: 6.7ms
[2025-06-01T17:29:22.701+0000][gc,heap     ] GC(47) Eden regions: 47->0(47)
[2025-06-01T17:29:22.701+0000][gc,heap     ] GC(47) Survivor regions: 4->4(7)
[2025-06-01T17:29:22.701+0000][gc,heap     ] GC(47) Old regions: 42->43
[2025-06-01T17:29:22.701+0000][gc,heap     ] GC(47) Archive regions: 2->2
[2025-06-01T17:29:22.701+0000][gc,heap     ] GC(47) Humongous regions: 129->129
[2025-06-01T17:29:22.701+0000][gc,metaspace] GC(47) Metaspace: 44036K(44672K)->44036K(44672K) NonClass: 38852K(39232K)->38852K(39232K) Class: 5184K(5440K)->5184K(5440K)
[2025-06-01T17:29:22.701+0000][gc          ] GC(47) Pause Young (Normal) (G1 Evacuation Pause) 222M->176M(1024M) 191.123ms
[2025-06-01T17:29:22.701+0000][gc,cpu      ] GC(47) User=0.19s Sys=0.00s Real=0.20s
[2025-06-01T17:29:31.311+0000][gc,start    ] GC(48) Pause Young (Normal) (G1 Evacuation Pause)
[2025-06-01T17:29:31.312+0000][gc,task     ] GC(48) Using 1 workers of 1 for evacuation
[2025-06-01T17:29:31.527+0000][gc,mmu      ] GC(48) MMU target violated: 21.0ms (20.0ms/21.0ms)
[2025-06-01T17:29:31.528+0000][gc,phases   ] GC(48)   Pre Evacuate Collection Set: 17.8ms
[2025-06-01T17:29:31.528+0000][gc,phases   ] GC(48)   Merge Heap Roots: 9.4ms
[2025-06-01T17:29:31.528+0000][gc,phases   ] GC(48)   Evacuate Collection Set: 179.7ms
[2025-06-01T17:29:31.528+0000][gc,phases   ] GC(48)   Post Evacuate Collection Set: 8.2ms
[2025-06-01T17:29:31.528+0000][gc,phases   ] GC(48)   Other: 2.2ms
[2025-06-01T17:29:31.528+0000][gc,heap     ] GC(48) Eden regions: 47->0(47)
[2025-06-01T17:29:31.528+0000][gc,heap     ] GC(48) Survivor regions: 4->4(7)
[2025-06-01T17:29:31.528+0000][gc,heap     ] GC(48) Old regions: 43->43
[2025-06-01T17:29:31.528+0000][gc,heap     ] GC(48) Archive regions: 2->2
[2025-06-01T17:29:31.528+0000][gc,heap     ] GC(48) Humongous regions: 129->129
[2025-06-01T17:29:31.528+0000][gc,metaspace] GC(48) Metaspace: 44044K(44672K)->44044K(44672K) NonClass: 38860K(39232K)->38860K(39232K) Class: 5184K(5440K)->5184K(5440K)
[2025-06-01T17:29:31.528+0000][gc          ] GC(48) Pause Young (Normal) (G1 Evacuation Pause) 223M->176M(1024M) 217.536ms
[2025-06-01T17:29:31.528+0000][gc,cpu      ] GC(48) User=0.20s Sys=0.00s Real=0.22s
[2025-06-01T17:29:41.880+0000][gc,start    ] GC(49) Pause Young (Normal) (G1 Evacuation Pause)
[2025-06-01T17:29:41.883+0000][gc,task     ] GC(49) Using 1 workers of 1 for evacuation
[2025-06-01T17:29:42.148+0000][gc,mmu      ] GC(49) MMU target violated: 21.0ms (20.0ms/21.0ms)
[2025-06-01T17:29:42.149+0000][gc,phases   ] GC(49)   Pre Evacuate Collection Set: 8.3ms
[2025-06-01T17:29:42.149+0000][gc,phases   ] GC(49)   Merge Heap Roots: 0.9ms
[2025-06-01T17:29:42.149+0000][gc,phases   ] GC(49)   Evacuate Collection Set: 245.5ms
[2025-06-01T17:29:42.149+0000][gc,phases   ] GC(49)   Post Evacuate Collection Set: 8.0ms
[2025-06-01T17:29:42.149+0000][gc,phases   ] GC(49)   Other: 6.0ms
[2025-06-01T17:29:42.149+0000][gc,heap     ] GC(49) Eden regions: 47->0(47)
[2025-06-01T17:29:42.149+0000][gc,heap     ] GC(49) Survivor regions: 4->4(7)
[2025-06-01T17:29:42.149+0000][gc,heap     ] GC(49) Old regions: 43->44
[2025-06-01T17:29:42.149+0000][gc,heap     ] GC(49) Archive regions: 2->2
[2025-06-01T17:29:42.150+0000][gc,heap     ] GC(49) Humongous regions: 129->129
[2025-06-01T17:29:42.150+0000][gc,metaspace] GC(49) Metaspace: 44044K(44672K)->44044K(44672K) NonClass: 38860K(39232K)->38860K(39232K) Class: 5184K(5440K)->5184K(5440K)
[2025-06-01T17:29:42.150+0000][gc          ] GC(49) Pause Young (Normal) (G1 Evacuation Pause) 223M->177M(1024M) 269.940ms
[2025-06-01T17:29:42.150+0000][gc,cpu      ] GC(49) User=0.26s Sys=0.01s Real=0.27s
[2025-06-01T17:29:51.110+0000][gc,start    ] GC(50) Pause Young (Normal) (G1 Evacuation Pause)
[2025-06-01T17:29:51.132+0000][gc,task     ] GC(50) Using 1 workers of 1 for evacuation
[2025-06-01T17:29:51.765+0000][gc,mmu      ] GC(50) MMU target violated: 21.0ms (20.0ms/21.0ms)
[2025-06-01T17:29:51.767+0000][gc,phases   ] GC(50)   Pre Evacuate Collection Set: 77.8ms
[2025-06-01T17:29:51.767+0000][gc,phases   ] GC(50)   Merge Heap Roots: 1.8ms
[2025-06-01T17:29:51.767+0000][gc,phases   ] GC(50)   Evacuate Collection Set: 534.1ms
[2025-06-01T17:29:51.767+0000][gc,phases   ] GC(50)   Post Evacuate Collection Set: 16.6ms
[2025-06-01T17:29:51.767+0000][gc,phases   ] GC(50)   Other: 27.1ms
[2025-06-01T17:29:51.768+0000][gc,heap     ] GC(50) Eden regions: 47->0(46)
[2025-06-01T17:29:51.768+0000][gc,heap     ] GC(50) Survivor regions: 4->5(7)
[2025-06-01T17:29:51.768+0000][gc,heap     ] GC(50) Old regions: 44->45
[2025-06-01T17:29:51.768+0000][gc,heap     ] GC(50) Archive regions: 2->2
[2025-06-01T17:29:51.769+0000][gc,heap     ] GC(50) Humongous regions: 129->129
[2025-06-01T17:29:51.769+0000][gc,metaspace] GC(50) Metaspace: 44052K(44672K)->44052K(44672K) NonClass: 38868K(39232K)->38868K(39232K) Class: 5184K(5440K)->5184K(5440K)
[2025-06-01T17:29:51.769+0000][gc          ] GC(50) Pause Young (Normal) (G1 Evacuation Pause) 224M->178M(1024M) 659.200ms
[2025-06-01T17:29:51.769+0000][gc,cpu      ] GC(50) User=0.38s Sys=0.00s Real=0.66s
[2025-06-01T17:30:01.915+0000][gc,start    ] GC(51) Pause Young (Normal) (G1 Evacuation Pause)
[2025-06-01T17:30:01.916+0000][gc,task     ] GC(51) Using 1 workers of 1 for evacuation
[2025-06-01T17:30:01.993+0000][gc,mmu      ] GC(51) MMU target violated: 21.0ms (20.0ms/21.0ms)
[2025-06-01T17:30:01.993+0000][gc,phases   ] GC(51)   Pre Evacuate Collection Set: 5.3ms
[2025-06-01T17:30:01.993+0000][gc,phases   ] GC(51)   Merge Heap Roots: 2.7ms
[2025-06-01T17:30:01.993+0000][gc,phases   ] GC(51)   Evacuate Collection Set: 64.6ms
[2025-06-01T17:30:01.993+0000][gc,phases   ] GC(51)   Post Evacuate Collection Set: 3.9ms
[2025-06-01T17:30:01.993+0000][gc,phases   ] GC(51)   Other: 1.4ms
[2025-06-01T17:30:01.993+0000][gc,heap     ] GC(51) Eden regions: 46->0(48)
[2025-06-01T17:30:01.993+0000][gc,heap     ] GC(51) Survivor regions: 5->3(7)
[2025-06-01T17:30:01.993+0000][gc,heap     ] GC(51) Old regions: 45->45
[2025-06-01T17:30:01.993+0000][gc,heap     ] GC(51) Archive regions: 2->2
[2025-06-01T17:30:01.993+0000][gc,heap     ] GC(51) Humongous regions: 129->129
[2025-06-01T17:30:01.993+0000][gc,metaspace] GC(51) Metaspace: 44052K(44672K)->44052K(44672K) NonClass: 38868K(39232K)->38868K(39232K) Class: 5184K(5440K)->5184K(5440K)
[2025-06-01T17:30:01.994+0000][gc          ] GC(51) Pause Young (Normal) (G1 Evacuation Pause) 224M->177M(1024M) 78.323ms
[2025-06-01T17:30:01.994+0000][gc,cpu      ] GC(51) User=0.08s Sys=0.00s Real=0.08s
[2025-06-01T17:30:09.660+0000][gc,start    ] GC(52) Pause Young (Normal) (G1 Evacuation Pause)
[2025-06-01T17:30:09.662+0000][gc,task     ] GC(52) Using 1 workers of 1 for evacuation
[2025-06-01T17:30:09.729+0000][gc,mmu      ] GC(52) MMU target violated: 21.0ms (20.0ms/21.0ms)
[2025-06-01T17:30:09.729+0000][gc,phases   ] GC(52)   Pre Evacuate Collection Set: 3.2ms
[2025-06-01T17:30:09.729+0000][gc,phases   ] GC(52)   Merge Heap Roots: 0.3ms
[2025-06-01T17:30:09.729+0000][gc,phases   ] GC(52)   Evacuate Collection Set: 58.8ms
[2025-06-01T17:30:09.729+0000][gc,phases   ] GC(52)   Post Evacuate Collection Set: 4.4ms
[2025-06-01T17:30:09.729+0000][gc,phases   ] GC(52)   Other: 2.5ms
[2025-06-01T17:30:09.729+0000][gc,heap     ] GC(52) Eden regions: 48->0(47)
[2025-06-01T17:30:09.729+0000][gc,heap     ] GC(52) Survivor regions: 3->4(7)
[2025-06-01T17:30:09.729+0000][gc,heap     ] GC(52) Old regions: 45->45
[2025-06-01T17:30:09.729+0000][gc,heap     ] GC(52) Archive regions: 2->2
[2025-06-01T17:30:09.729+0000][gc,heap     ] GC(52) Humongous regions: 129->129
[2025-06-01T17:30:09.729+0000][gc,metaspace] GC(52) Metaspace: 44052K(44672K)->44052K(44672K) NonClass: 38868K(39232K)->38868K(39232K) Class: 5184K(5440K)->5184K(5440K)
[2025-06-01T17:30:09.729+0000][gc          ] GC(52) Pause Young (Normal) (G1 Evacuation Pause) 225M->178M(1024M) 69.326ms
[2025-06-01T17:30:09.729+0000][gc,cpu      ] GC(52) User=0.07s Sys=0.00s Real=0.07s
[2025-06-01T17:30:17.051+0000][gc,start    ] GC(53) Pause Young (Normal) (G1 Evacuation Pause)
[2025-06-01T17:30:17.052+0000][gc,task     ] GC(53) Using 1 workers of 1 for evacuation
[2025-06-01T17:30:17.113+0000][gc,mmu      ] GC(53) MMU target violated: 21.0ms (20.0ms/21.0ms)
[2025-06-01T17:30:17.113+0000][gc,phases   ] GC(53)   Pre Evacuate Collection Set: 2.9ms
[2025-06-01T17:30:17.113+0000][gc,phases   ] GC(53)   Merge Heap Roots: 0.4ms
[2025-06-01T17:30:17.113+0000][gc,phases   ] GC(53)   Evacuate Collection Set: 54.4ms
[2025-06-01T17:30:17.113+0000][gc,phases   ] GC(53)   Post Evacuate Collection Set: 3.2ms
[2025-06-01T17:30:17.113+0000][gc,phases   ] GC(53)   Other: 1.4ms
[2025-06-01T17:30:17.113+0000][gc,heap     ] GC(53) Eden regions: 47->0(47)
[2025-06-01T17:30:17.113+0000][gc,heap     ] GC(53) Survivor regions: 4->4(7)
[2025-06-01T17:30:17.113+0000][gc,heap     ] GC(53) Old regions: 45->45
[2025-06-01T17:30:17.113+0000][gc,heap     ] GC(53) Archive regions: 2->2
[2025-06-01T17:30:17.113+0000][gc,heap     ] GC(53) Humongous regions: 129->129
[2025-06-01T17:30:17.114+0000][gc,metaspace] GC(53) Metaspace: 44063K(44672K)->44063K(44672K) NonClass: 38879K(39232K)->38879K(39232K) Class: 5184K(5440K)->5184K(5440K)
[2025-06-01T17:30:17.114+0000][gc          ] GC(53) Pause Young (Normal) (G1 Evacuation Pause) 225M->178M(1024M) 62.776ms
[2025-06-01T17:30:17.114+0000][gc,cpu      ] GC(53) User=0.06s Sys=0.00s Real=0.06s
[2025-06-01T17:30:24.544+0000][gc,start    ] GC(54) Pause Young (Normal) (G1 Evacuation Pause)
[2025-06-01T17:30:24.545+0000][gc,task     ] GC(54) Using 1 workers of 1 for evacuation
[2025-06-01T17:30:24.622+0000][gc,mmu      ] GC(54) MMU target violated: 21.0ms (20.0ms/21.0ms)
[2025-06-01T17:30:24.623+0000][gc,phases   ] GC(54)   Pre Evacuate Collection Set: 8.6ms
[2025-06-01T17:30:24.623+0000][gc,phases   ] GC(54)   Merge Heap Roots: 0.5ms
[2025-06-01T17:30:24.623+0000][gc,phases   ] GC(54)   Evacuate Collection Set: 64.7ms
[2025-06-01T17:30:24.623+0000][gc,phases   ] GC(54)   Post Evacuate Collection Set: 3.5ms
[2025-06-01T17:30:24.623+0000][gc,phases   ] GC(54)   Other: 1.7ms
[2025-06-01T17:30:24.623+0000][gc,heap     ] GC(54) Eden regions: 47->0(47)
[2025-06-01T17:30:24.623+0000][gc,heap     ] GC(54) Survivor regions: 4->4(7)
[2025-06-01T17:30:24.623+0000][gc,heap     ] GC(54) Old regions: 45->46
[2025-06-01T17:30:24.623+0000][gc,heap     ] GC(54) Archive regions: 2->2
[2025-06-01T17:30:24.623+0000][gc,heap     ] GC(54) Humongous regions: 129->129
[2025-06-01T17:30:24.623+0000][gc,metaspace] GC(54) Metaspace: 44063K(44672K)->44063K(44672K) NonClass: 38879K(39232K)->38879K(39232K) Class: 5184K(5440K)->5184K(5440K)
[2025-06-01T17:30:24.623+0000][gc          ] GC(54) Pause Young (Normal) (G1 Evacuation Pause) 225M->178M(1024M) 79.122ms
[2025-06-01T17:30:24.623+0000][gc,cpu      ] GC(54) User=0.08s Sys=0.00s Real=0.08s
[2025-06-01T17:30:35.067+0000][gc,start    ] GC(55) Pause Young (Normal) (G1 Evacuation Pause)
[2025-06-01T17:30:35.069+0000][gc,task     ] GC(55) Using 1 workers of 1 for evacuation
[2025-06-01T17:30:35.242+0000][gc,mmu      ] GC(55) MMU target violated: 21.0ms (20.0ms/21.0ms)
[2025-06-01T17:30:35.242+0000][gc,phases   ] GC(55)   Pre Evacuate Collection Set: 9.5ms
[2025-06-01T17:30:35.242+0000][gc,phases   ] GC(55)   Merge Heap Roots: 2.2ms
[2025-06-01T17:30:35.243+0000][gc,phases   ] GC(55)   Evacuate Collection Set: 157.4ms
[2025-06-01T17:30:35.243+0000][gc,phases   ] GC(55)   Post Evacuate Collection Set: 3.8ms
[2025-06-01T17:30:35.243+0000][gc,phases   ] GC(55)   Other: 3.6ms
[2025-06-01T17:30:35.243+0000][gc,heap     ] GC(55) Eden regions: 47->0(47)
[2025-06-01T17:30:35.243+0000][gc,heap     ] GC(55) Survivor regions: 4->4(7)
[2025-06-01T17:30:35.243+0000][gc,heap     ] GC(55) Old regions: 46->46
[2025-06-01T17:30:35.243+0000][gc,heap     ] GC(55) Archive regions: 2->2
[2025-06-01T17:30:35.243+0000][gc,heap     ] GC(55) Humongous regions: 129->129
[2025-06-01T17:30:35.243+0000][gc,metaspace] GC(55) Metaspace: 44063K(44672K)->44063K(44672K) NonClass: 38879K(39232K)->38879K(39232K) Class: 5184K(5440K)->5184K(5440K)
[2025-06-01T17:30:35.245+0000][gc          ] GC(55) Pause Young (Normal) (G1 Evacuation Pause) 225M->179M(1024M) 178.070ms
[2025-06-01T17:30:35.245+0000][gc,cpu      ] GC(55) User=0.16s Sys=0.02s Real=0.18s
[2025-06-01T17:30:43.300+0000][gc,start    ] GC(56) Pause Young (Normal) (G1 Evacuation Pause)
[2025-06-01T17:30:43.301+0000][gc,task     ] GC(56) Using 1 workers of 1 for evacuation
[2025-06-01T17:30:43.401+0000][gc,mmu      ] GC(56) MMU target violated: 21.0ms (20.0ms/21.0ms)
[2025-06-01T17:30:43.403+0000][gc,phases   ] GC(56)   Pre Evacuate Collection Set: 3.8ms
[2025-06-01T17:30:43.403+0000][gc,phases   ] GC(56)   Merge Heap Roots: 0.5ms
[2025-06-01T17:30:43.403+0000][gc,phases   ] GC(56)   Evacuate Collection Set: 83.4ms
[2025-06-01T17:30:43.403+0000][gc,phases   ] GC(56)   Post Evacuate Collection Set: 11.6ms
[2025-06-01T17:30:43.403+0000][gc,phases   ] GC(56)   Other: 4.1ms
[2025-06-01T17:30:43.403+0000][gc,heap     ] GC(56) Eden regions: 47->0(47)
[2025-06-01T17:30:43.404+0000][gc,heap     ] GC(56) Survivor regions: 4->4(7)
[2025-06-01T17:30:43.404+0000][gc,heap     ] GC(56) Old regions: 46->47
[2025-06-01T17:30:43.404+0000][gc,heap     ] GC(56) Archive regions: 2->2
[2025-06-01T17:30:43.404+0000][gc,heap     ] GC(56) Humongous regions: 129->129
[2025-06-01T17:30:43.404+0000][gc,metaspace] GC(56) Metaspace: 44063K(44672K)->44063K(44672K) NonClass: 38879K(39232K)->38879K(39232K) Class: 5184K(5440K)->5184K(5440K)
[2025-06-01T17:30:43.404+0000][gc          ] GC(56) Pause Young (Normal) (G1 Evacuation Pause) 226M->179M(1024M) 104.160ms
[2025-06-01T17:30:43.404+0000][gc,cpu      ] GC(56) User=0.10s Sys=0.00s Real=0.11s
[2025-06-01T17:30:51.791+0000][gc,start    ] GC(57) Pause Young (Normal) (G1 Evacuation Pause)
[2025-06-01T17:30:51.792+0000][gc,task     ] GC(57) Using 1 workers of 1 for evacuation
[2025-06-01T17:30:51.895+0000][gc,mmu      ] GC(57) MMU target violated: 21.0ms (20.0ms/21.0ms)
[2025-06-01T17:30:51.895+0000][gc,phases   ] GC(57)   Pre Evacuate Collection Set: 6.5ms
[2025-06-01T17:30:51.895+0000][gc,phases   ] GC(57)   Merge Heap Roots: 0.7ms
[2025-06-01T17:30:51.896+0000][gc,phases   ] GC(57)   Evacuate Collection Set: 91.0ms
[2025-06-01T17:30:51.896+0000][gc,phases   ] GC(57)   Post Evacuate Collection Set: 4.7ms
[2025-06-01T17:30:51.896+0000][gc,phases   ] GC(57)   Other: 3.3ms
[2025-06-01T17:30:51.896+0000][gc,heap     ] GC(57) Eden regions: 47->0(47)
[2025-06-01T17:30:51.896+0000][gc,heap     ] GC(57) Survivor regions: 4->4(7)
[2025-06-01T17:30:51.896+0000][gc,heap     ] GC(57) Old regions: 47->47
[2025-06-01T17:30:51.896+0000][gc,heap     ] GC(57) Archive regions: 2->2
[2025-06-01T17:30:51.896+0000][gc,heap     ] GC(57) Humongous regions: 129->129
[2025-06-01T17:30:51.896+0000][gc,metaspace] GC(57) Metaspace: 44080K(44672K)->44080K(44672K) NonClass: 38896K(39232K)->38896K(39232K) Class: 5184K(5440K)->5184K(5440K)
[2025-06-01T17:30:51.896+0000][gc          ] GC(57) Pause Young (Normal) (G1 Evacuation Pause) 226M->180M(1024M) 106.634ms
[2025-06-01T17:30:51.896+0000][gc,cpu      ] GC(57) User=0.11s Sys=0.00s Real=0.11s
[2025-06-01T17:30:59.797+0000][gc,start    ] GC(58) Pause Young (Normal) (G1 Evacuation Pause)
[2025-06-01T17:30:59.798+0000][gc,task     ] GC(58) Using 1 workers of 1 for evacuation
[2025-06-01T17:30:59.988+0000][gc,mmu      ] GC(58) MMU target violated: 21.0ms (20.0ms/21.0ms)
[2025-06-01T17:30:59.988+0000][gc,phases   ] GC(58)   Pre Evacuate Collection Set: 8.7ms
[2025-06-01T17:30:59.988+0000][gc,phases   ] GC(58)   Merge Heap Roots: 0.8ms
[2025-06-01T17:30:59.989+0000][gc,phases   ] GC(58)   Evacuate Collection Set: 137.2ms
[2025-06-01T17:30:59.989+0000][gc,phases   ] GC(58)   Post Evacuate Collection Set: 42.6ms
[2025-06-01T17:30:59.989+0000][gc,phases   ] GC(58)   Other: 2.2ms
[2025-06-01T17:30:59.989+0000][gc,heap     ] GC(58) Eden regions: 47->0(47)
[2025-06-01T17:30:59.989+0000][gc,heap     ] GC(58) Survivor regions: 4->4(7)
[2025-06-01T17:30:59.989+0000][gc,heap     ] GC(58) Old regions: 47->48
[2025-06-01T17:30:59.990+0000][gc,heap     ] GC(58) Archive regions: 2->2
[2025-06-01T17:30:59.990+0000][gc,heap     ] GC(58) Humongous regions: 129->129
[2025-06-01T17:30:59.990+0000][gc,metaspace] GC(58) Metaspace: 44080K(44672K)->44080K(44672K) NonClass: 38896K(39232K)->38896K(39232K) Class: 5184K(5440K)->5184K(5440K)
[2025-06-01T17:30:59.990+0000][gc          ] GC(58) Pause Young (Normal) (G1 Evacuation Pause) 227M->181M(1024M) 193.001ms
[2025-06-01T17:30:59.990+0000][gc,cpu      ] GC(58) User=0.16s Sys=0.00s Real=0.19s
[2025-06-01T17:31:09.463+0000][gc,start    ] GC(59) Pause Young (Normal) (G1 Evacuation Pause)
[2025-06-01T17:31:09.464+0000][gc,task     ] GC(59) Using 1 workers of 1 for evacuation
[2025-06-01T17:31:09.574+0000][gc,mmu      ] GC(59) MMU target violated: 21.0ms (20.0ms/21.0ms)
[2025-06-01T17:31:09.574+0000][gc,phases   ] GC(59)   Pre Evacuate Collection Set: 4.1ms
[2025-06-01T17:31:09.574+0000][gc,phases   ] GC(59)   Merge Heap Roots: 0.7ms
[2025-06-01T17:31:09.574+0000][gc,phases   ] GC(59)   Evacuate Collection Set: 93.4ms
[2025-06-01T17:31:09.574+0000][gc,phases   ] GC(59)   Post Evacuate Collection Set: 11.2ms
[2025-06-01T17:31:09.574+0000][gc,phases   ] GC(59)   Other: 2.4ms
[2025-06-01T17:31:09.574+0000][gc,heap     ] GC(59) Eden regions: 47->0(47)
[2025-06-01T17:31:09.574+0000][gc,heap     ] GC(59) Survivor regions: 4->4(7)
[2025-06-01T17:31:09.574+0000][gc,heap     ] GC(59) Old regions: 48->49
[2025-06-01T17:31:09.574+0000][gc,heap     ] GC(59) Archive regions: 2->2
[2025-06-01T17:31:09.574+0000][gc,heap     ] GC(59) Humongous regions: 129->129
[2025-06-01T17:31:09.574+0000][gc,metaspace] GC(59) Metaspace: 44080K(44672K)->44080K(44672K) NonClass: 38896K(39232K)->38896K(39232K) Class: 5184K(5440K)->5184K(5440K)
[2025-06-01T17:31:09.574+0000][gc          ] GC(59) Pause Young (Normal) (G1 Evacuation Pause) 228M->181M(1024M) 111.913ms
[2025-06-01T17:31:09.574+0000][gc,cpu      ] GC(59) User=0.11s Sys=0.00s Real=0.11s
[2025-06-01T17:31:17.151+0000][gc,start    ] GC(60) Pause Young (Normal) (G1 Evacuation Pause)
[2025-06-01T17:31:17.154+0000][gc,task     ] GC(60) Using 1 workers of 1 for evacuation
[2025-06-01T17:31:17.248+0000][gc,mmu      ] GC(60) MMU target violated: 21.0ms (20.0ms/21.0ms)
[2025-06-01T17:31:17.248+0000][gc,phases   ] GC(60)   Pre Evacuate Collection Set: 5.6ms
[2025-06-01T17:31:17.249+0000][gc,phases   ] GC(60)   Merge Heap Roots: 0.4ms
[2025-06-01T17:31:17.249+0000][gc,phases   ] GC(60)   Evacuate Collection Set: 81.7ms
[2025-06-01T17:31:17.249+0000][gc,phases   ] GC(60)   Post Evacuate Collection Set: 3.9ms
[2025-06-01T17:31:17.249+0000][gc,phases   ] GC(60)   Other: 6.9ms
[2025-06-01T17:31:17.249+0000][gc,heap     ] GC(60) Eden regions: 47->0(47)
[2025-06-01T17:31:17.249+0000][gc,heap     ] GC(60) Survivor regions: 4->4(7)
[2025-06-01T17:31:17.249+0000][gc,heap     ] GC(60) Old regions: 49->49
[2025-06-01T17:31:17.249+0000][gc,heap     ] GC(60) Archive regions: 2->2
[2025-06-01T17:31:17.249+0000][gc,heap     ] GC(60) Humongous regions: 129->129
[2025-06-01T17:31:17.249+0000][gc,metaspace] GC(60) Metaspace: 44097K(44672K)->44097K(44672K) NonClass: 38913K(39232K)->38913K(39232K) Class: 5184K(5440K)->5184K(5440K)
[2025-06-01T17:31:17.249+0000][gc          ] GC(60) Pause Young (Normal) (G1 Evacuation Pause) 228M->182M(1024M) 98.550ms
[2025-06-01T17:31:17.249+0000][gc,cpu      ] GC(60) User=0.09s Sys=0.00s Real=0.09s
[2025-06-01T17:31:25.590+0000][gc,start    ] GC(61) Pause Young (Normal) (G1 Evacuation Pause)
[2025-06-01T17:31:25.593+0000][gc,task     ] GC(61) Using 1 workers of 1 for evacuation
[2025-06-01T17:31:25.685+0000][gc,mmu      ] GC(61) MMU target violated: 21.0ms (20.0ms/21.0ms)
[2025-06-01T17:31:25.685+0000][gc,phases   ] GC(61)   Pre Evacuate Collection Set: 6.3ms
[2025-06-01T17:31:25.686+0000][gc,phases   ] GC(61)   Merge Heap Roots: 0.9ms
[2025-06-01T17:31:25.686+0000][gc,phases   ] GC(61)   Evacuate Collection Set: 77.6ms
[2025-06-01T17:31:25.686+0000][gc,phases   ] GC(61)   Post Evacuate Collection Set: 4.4ms
[2025-06-01T17:31:25.686+0000][gc,phases   ] GC(61)   Other: 7.1ms
[2025-06-01T17:31:25.687+0000][gc,heap     ] GC(61) Eden regions: 47->0(47)
[2025-06-01T17:31:25.687+0000][gc,heap     ] GC(61) Survivor regions: 4->4(7)
[2025-06-01T17:31:25.687+0000][gc,heap     ] GC(61) Old regions: 49->50
[2025-06-01T17:31:25.688+0000][gc,heap     ] GC(61) Archive regions: 2->2
[2025-06-01T17:31:25.688+0000][gc,heap     ] GC(61) Humongous regions: 129->129
[2025-06-01T17:31:25.688+0000][gc,metaspace] GC(61) Metaspace: 44100K(44672K)->44100K(44672K) NonClass: 38916K(39232K)->38916K(39232K) Class: 5184K(5440K)->5184K(5440K)
[2025-06-01T17:31:25.689+0000][gc          ] GC(61) Pause Young (Normal) (G1 Evacuation Pause) 229M->183M(1024M) 98.924ms
[2025-06-01T17:31:25.689+0000][gc,cpu      ] GC(61) User=0.09s Sys=0.01s Real=0.10s
[2025-06-01T17:31:34.610+0000][gc,start    ] GC(62) Pause Young (Normal) (G1 Evacuation Pause)
[2025-06-01T17:31:34.614+0000][gc,task     ] GC(62) Using 1 workers of 1 for evacuation
[2025-06-01T17:31:34.809+0000][gc,mmu      ] GC(62) MMU target violated: 21.0ms (20.0ms/21.0ms)
[2025-06-01T17:31:34.810+0000][gc,phases   ] GC(62)   Pre Evacuate Collection Set: 11.1ms
[2025-06-01T17:31:34.810+0000][gc,phases   ] GC(62)   Merge Heap Roots: 0.7ms
[2025-06-01T17:31:34.810+0000][gc,phases   ] GC(62)   Evacuate Collection Set: 166.1ms
[2025-06-01T17:31:34.810+0000][gc,phases   ] GC(62)   Post Evacuate Collection Set: 15.9ms
[2025-06-01T17:31:34.810+0000][gc,phases   ] GC(62)   Other: 6.1ms
[2025-06-01T17:31:34.811+0000][gc,heap     ] GC(62) Eden regions: 47->0(47)
[2025-06-01T17:31:34.812+0000][gc,heap     ] GC(62) Survivor regions: 4->4(7)
[2025-06-01T17:31:34.812+0000][gc,heap     ] GC(62) Old regions: 50->50
[2025-06-01T17:31:34.812+0000][gc,heap     ] GC(62) Archive regions: 2->2
[2025-06-01T17:31:34.812+0000][gc,heap     ] GC(62) Humongous regions: 129->129
[2025-06-01T17:31:34.812+0000][gc,metaspace] GC(62) Metaspace: 44100K(44672K)->44100K(44672K) NonClass: 38916K(39232K)->38916K(39232K) Class: 5184K(5440K)->5184K(5440K)
[2025-06-01T17:31:34.813+0000][gc          ] GC(62) Pause Young (Normal) (G1 Evacuation Pause) 230M->183M(1024M) 202.660ms
[2025-06-01T17:31:34.813+0000][gc,cpu      ] GC(62) User=0.19s Sys=0.00s Real=0.21s
[2025-06-01T17:31:45.970+0000][gc,start    ] GC(63) Pause Young (Normal) (G1 Evacuation Pause)
[2025-06-01T17:31:45.971+0000][gc,task     ] GC(63) Using 1 workers of 1 for evacuation
[2025-06-01T17:31:46.065+0000][gc,mmu      ] GC(63) MMU target violated: 21.0ms (20.0ms/21.0ms)
[2025-06-01T17:31:46.066+0000][gc,phases   ] GC(63)   Pre Evacuate Collection Set: 12.5ms
[2025-06-01T17:31:46.066+0000][gc,phases   ] GC(63)   Merge Heap Roots: 0.5ms
[2025-06-01T17:31:46.066+0000][gc,phases   ] GC(63)   Evacuate Collection Set: 75.9ms
[2025-06-01T17:31:46.066+0000][gc,phases   ] GC(63)   Post Evacuate Collection Set: 5.0ms
[2025-06-01T17:31:46.066+0000][gc,phases   ] GC(63)   Other: 2.3ms
[2025-06-01T17:31:46.066+0000][gc,heap     ] GC(63) Eden regions: 47->0(48)
[2025-06-01T17:31:46.066+0000][gc,heap     ] GC(63) Survivor regions: 4->3(7)
[2025-06-01T17:31:46.066+0000][gc,heap     ] GC(63) Old regions: 50->51
[2025-06-01T17:31:46.066+0000][gc,heap     ] GC(63) Archive regions: 2->2
[2025-06-01T17:31:46.066+0000][gc,heap     ] GC(63) Humongous regions: 129->129
[2025-06-01T17:31:46.066+0000][gc,metaspace] GC(63) Metaspace: 44112K(44672K)->44112K(44672K) NonClass: 38928K(39232K)->38928K(39232K) Class: 5184K(5440K)->5184K(5440K)
[2025-06-01T17:31:46.066+0000][gc          ] GC(63) Pause Young (Normal) (G1 Evacuation Pause) 230M->183M(1024M) 96.646ms
[2025-06-01T17:31:46.066+0000][gc,cpu      ] GC(63) User=0.10s Sys=0.00s Real=0.10s
[2025-06-01T17:31:53.672+0000][gc,start    ] GC(64) Pause Young (Normal) (G1 Evacuation Pause)
[2025-06-01T17:31:53.674+0000][gc,task     ] GC(64) Using 1 workers of 1 for evacuation
[2025-06-01T17:31:53.786+0000][gc,mmu      ] GC(64) MMU target violated: 21.0ms (20.0ms/21.0ms)
[2025-06-01T17:31:53.787+0000][gc,phases   ] GC(64)   Pre Evacuate Collection Set: 7.1ms
[2025-06-01T17:31:53.787+0000][gc,phases   ] GC(64)   Merge Heap Roots: 1.3ms
[2025-06-01T17:31:53.787+0000][gc,phases   ] GC(64)   Evacuate Collection Set: 96.5ms
[2025-06-01T17:31:53.787+0000][gc,phases   ] GC(64)   Post Evacuate Collection Set: 6.8ms
[2025-06-01T17:31:53.787+0000][gc,phases   ] GC(64)   Other: 3.3ms
[2025-06-01T17:31:53.787+0000][gc,heap     ] GC(64) Eden regions: 48->0(47)
[2025-06-01T17:31:53.787+0000][gc,heap     ] GC(64) Survivor regions: 3->4(7)
[2025-06-01T17:31:53.787+0000][gc,heap     ] GC(64) Old regions: 51->51
[2025-06-01T17:31:53.787+0000][gc,heap     ] GC(64) Archive regions: 2->2
[2025-06-01T17:31:53.787+0000][gc,heap     ] GC(64) Humongous regions: 129->129
[2025-06-01T17:31:53.787+0000][gc,metaspace] GC(64) Metaspace: 44120K(44672K)->44120K(44672K) NonClass: 38936K(39232K)->38936K(39232K) Class: 5184K(5440K)->5184K(5440K)
[2025-06-01T17:31:53.787+0000][gc          ] GC(64) Pause Young (Normal) (G1 Evacuation Pause) 231M->183M(1024M) 114.758ms
[2025-06-01T17:31:53.787+0000][gc,cpu      ] GC(64) User=0.12s Sys=0.00s Real=0.11s
[2025-06-01T17:32:02.641+0000][gc,start    ] GC(65) Pause Young (Normal) (G1 Evacuation Pause)
[2025-06-01T17:32:02.642+0000][gc,task     ] GC(65) Using 1 workers of 1 for evacuation
[2025-06-01T17:32:02.790+0000][gc,mmu      ] GC(65) MMU target violated: 21.0ms (20.0ms/21.0ms)
[2025-06-01T17:32:02.791+0000][gc,phases   ] GC(65)   Pre Evacuate Collection Set: 6.3ms
[2025-06-01T17:32:02.791+0000][gc,phases   ] GC(65)   Merge Heap Roots: 1.9ms
[2025-06-01T17:32:02.791+0000][gc,phases   ] GC(65)   Evacuate Collection Set: 126.9ms
[2025-06-01T17:32:02.791+0000][gc,phases   ] GC(65)   Post Evacuate Collection Set: 11.2ms
[2025-06-01T17:32:02.791+0000][gc,phases   ] GC(65)   Other: 5.1ms
[2025-06-01T17:32:02.792+0000][gc,heap     ] GC(65) Eden regions: 47->0(47)
[2025-06-01T17:32:02.792+0000][gc,heap     ] GC(65) Survivor regions: 4->4(7)
[2025-06-01T17:32:02.792+0000][gc,heap     ] GC(65) Old regions: 51->51
[2025-06-01T17:32:02.792+0000][gc,heap     ] GC(65) Archive regions: 2->2
[2025-06-01T17:32:02.792+0000][gc,heap     ] GC(65) Humongous regions: 129->129
[2025-06-01T17:32:02.793+0000][gc,metaspace] GC(65) Metaspace: 44122K(44672K)->44122K(44672K) NonClass: 38938K(39232K)->38938K(39232K) Class: 5184K(5440K)->5184K(5440K)
[2025-06-01T17:32:02.793+0000][gc          ] GC(65) Pause Young (Normal) (G1 Evacuation Pause) 230M->184M(1024M) 152.554ms
[2025-06-01T17:32:02.793+0000][gc,cpu      ] GC(65) User=0.16s Sys=0.00s Real=0.15s
[2025-06-01T17:33:43.948+0000][gc,start    ] GC(66) Pause Young (Normal) (G1 Evacuation Pause)
[2025-06-01T17:33:43.953+0000][gc,task     ] GC(66) Using 1 workers of 1 for evacuation
[2025-06-01T17:33:44.261+0000][gc,mmu      ] GC(66) MMU target violated: 21.0ms (20.0ms/21.0ms)
[2025-06-01T17:33:44.262+0000][gc,phases   ] GC(66)   Pre Evacuate Collection Set: 22.8ms
[2025-06-01T17:33:44.262+0000][gc,phases   ] GC(66)   Merge Heap Roots: 2.8ms
[2025-06-01T17:33:44.262+0000][gc,phases   ] GC(66)   Evacuate Collection Set: 267.8ms
[2025-06-01T17:33:44.262+0000][gc,phases   ] GC(66)   Post Evacuate Collection Set: 13.9ms
[2025-06-01T17:33:44.262+0000][gc,phases   ] GC(66)   Other: 6.7ms
[2025-06-01T17:33:44.262+0000][gc,heap     ] GC(66) Eden regions: 47->0(46)
[2025-06-01T17:33:44.262+0000][gc,heap     ] GC(66) Survivor regions: 4->5(7)
[2025-06-01T17:33:44.262+0000][gc,heap     ] GC(66) Old regions: 51->51
[2025-06-01T17:33:44.262+0000][gc,heap     ] GC(66) Archive regions: 2->2
[2025-06-01T17:33:44.262+0000][gc,heap     ] GC(66) Humongous regions: 129->129
[2025-06-01T17:33:44.262+0000][gc,metaspace] GC(66) Metaspace: 44256K(44864K)->44256K(44864K) NonClass: 39071K(39424K)->39071K(39424K) Class: 5184K(5440K)->5184K(5440K)
[2025-06-01T17:33:44.263+0000][gc          ] GC(66) Pause Young (Normal) (G1 Evacuation Pause) 231M->185M(1024M) 314.657ms
[2025-06-01T17:33:44.263+0000][gc,cpu      ] GC(66) User=0.30s Sys=0.02s Real=0.31s
[2025-06-01T17:36:00.052+0000][gc,start    ] GC(67) Pause Young (Normal) (G1 Evacuation Pause)
[2025-06-01T17:36:00.055+0000][gc,task     ] GC(67) Using 1 workers of 1 for evacuation
[2025-06-01T17:36:00.247+0000][gc,mmu      ] GC(67) MMU target violated: 21.0ms (20.0ms/21.0ms)
[2025-06-01T17:36:00.247+0000][gc,phases   ] GC(67)   Pre Evacuate Collection Set: 21.2ms
[2025-06-01T17:36:00.247+0000][gc,phases   ] GC(67)   Merge Heap Roots: 1.1ms
[2025-06-01T17:36:00.248+0000][gc,phases   ] GC(67)   Evacuate Collection Set: 163.8ms
[2025-06-01T17:36:00.248+0000][gc,phases   ] GC(67)   Post Evacuate Collection Set: 5.6ms
[2025-06-01T17:36:00.248+0000][gc,phases   ] GC(67)   Other: 4.5ms
[2025-06-01T17:36:00.248+0000][gc,heap     ] GC(67) Eden regions: 46->0(44)
[2025-06-01T17:36:00.248+0000][gc,heap     ] GC(67) Survivor regions: 5->7(7)
[2025-06-01T17:36:00.248+0000][gc,heap     ] GC(67) Old regions: 51->53
[2025-06-01T17:36:00.248+0000][gc,heap     ] GC(67) Archive regions: 2->2
[2025-06-01T17:36:00.248+0000][gc,heap     ] GC(67) Humongous regions: 129->129
[2025-06-01T17:36:00.248+0000][gc,metaspace] GC(67) Metaspace: 44284K(44928K)->44284K(44928K) NonClass: 39100K(39488K)->39100K(39488K) Class: 5184K(5440K)->5184K(5440K)
[2025-06-01T17:36:00.248+0000][gc          ] GC(67) Pause Young (Normal) (G1 Evacuation Pause) 231M->188M(1024M) 196.307ms
[2025-06-01T17:36:00.248+0000][gc,cpu      ] GC(67) User=0.18s Sys=0.01s Real=0.20s
[2025-06-01T17:38:07.460+0000][gc,start    ] GC(68) Pause Young (Normal) (G1 Evacuation Pause)
[2025-06-01T17:38:07.466+0000][gc,task     ] GC(68) Using 1 workers of 1 for evacuation
[2025-06-01T17:38:07.627+0000][gc,mmu      ] GC(68) MMU target violated: 21.0ms (20.0ms/21.0ms)
[2025-06-01T17:38:07.628+0000][gc,phases   ] GC(68)   Pre Evacuate Collection Set: 10.1ms
[2025-06-01T17:38:07.628+0000][gc,phases   ] GC(68)   Merge Heap Roots: 1.5ms
[2025-06-01T17:38:07.628+0000][gc,phases   ] GC(68)   Evacuate Collection Set: 142.6ms
[2025-06-01T17:38:07.628+0000][gc,phases   ] GC(68)   Post Evacuate Collection Set: 4.9ms
[2025-06-01T17:38:07.628+0000][gc,phases   ] GC(68)   Other: 9.3ms
[2025-06-01T17:38:07.628+0000][gc,heap     ] GC(68) Eden regions: 44->0(46)
[2025-06-01T17:38:07.628+0000][gc,heap     ] GC(68) Survivor regions: 7->5(7)
[2025-06-01T17:38:07.628+0000][gc,heap     ] GC(68) Old regions: 53->57
[2025-06-01T17:38:07.628+0000][gc,heap     ] GC(68) Archive regions: 2->2
[2025-06-01T17:38:07.628+0000][gc,heap     ] GC(68) Humongous regions: 129->129
[2025-06-01T17:38:07.628+0000][gc,metaspace] GC(68) Metaspace: 44315K(44928K)->44315K(44928K) NonClass: 39131K(39488K)->39131K(39488K) Class: 5184K(5440K)->5184K(5440K)
[2025-06-01T17:38:07.628+0000][gc          ] GC(68) Pause Young (Normal) (G1 Evacuation Pause) 232M->191M(1024M) 168.380ms
[2025-06-01T17:38:07.628+0000][gc,cpu      ] GC(68) User=0.15s Sys=0.01s Real=0.17s
[2025-06-01T17:40:17.565+0000][gc,start    ] GC(69) Pause Young (Normal) (G1 Evacuation Pause)
[2025-06-01T17:40:17.570+0000][gc,task     ] GC(69) Using 1 workers of 1 for evacuation
[2025-06-01T17:40:17.727+0000][gc,mmu      ] GC(69) MMU target violated: 21.0ms (20.0ms/21.0ms)
[2025-06-01T17:40:17.728+0000][gc,phases   ] GC(69)   Pre Evacuate Collection Set: 15.2ms
[2025-06-01T17:40:17.728+0000][gc,phases   ] GC(69)   Merge Heap Roots: 1.2ms
[2025-06-01T17:40:17.729+0000][gc,phases   ] GC(69)   Evacuate Collection Set: 131.3ms
[2025-06-01T17:40:17.729+0000][gc,phases   ] GC(69)   Post Evacuate Collection Set: 8.3ms
[2025-06-01T17:40:17.730+0000][gc,phases   ] GC(69)   Other: 7.5ms
[2025-06-01T17:40:17.730+0000][gc,heap     ] GC(69) Eden regions: 46->0(48)
[2025-06-01T17:40:17.731+0000][gc,heap     ] GC(69) Survivor regions: 5->3(7)
[2025-06-01T17:40:17.731+0000][gc,heap     ] GC(69) Old regions: 57->60
[2025-06-01T17:40:17.731+0000][gc,heap     ] GC(69) Archive regions: 2->2
[2025-06-01T17:40:17.731+0000][gc,heap     ] GC(69) Humongous regions: 129->129
[2025-06-01T17:40:17.732+0000][gc,metaspace] GC(69) Metaspace: 44365K(44928K)->44365K(44928K) NonClass: 39180K(39488K)->39180K(39488K) Class: 5185K(5440K)->5185K(5440K)
[2025-06-01T17:40:17.733+0000][gc          ] GC(69) Pause Young (Normal) (G1 Evacuation Pause) 237M->192M(1024M) 167.354ms
[2025-06-01T17:40:17.733+0000][gc,cpu      ] GC(69) User=0.15s Sys=0.01s Real=0.16s
[2025-06-01T17:42:32.618+0000][gc,start    ] GC(70) Pause Young (Normal) (G1 Evacuation Pause)
[2025-06-01T17:42:32.621+0000][gc,task     ] GC(70) Using 1 workers of 1 for evacuation
[2025-06-01T17:42:32.788+0000][gc,mmu      ] GC(70) MMU target violated: 21.0ms (20.0ms/21.0ms)
[2025-06-01T17:42:32.788+0000][gc,phases   ] GC(70)   Pre Evacuate Collection Set: 10.9ms
[2025-06-01T17:42:32.788+0000][gc,phases   ] GC(70)   Merge Heap Roots: 0.9ms
[2025-06-01T17:42:32.788+0000][gc,phases   ] GC(70)   Evacuate Collection Set: 148.8ms
[2025-06-01T17:42:32.788+0000][gc,phases   ] GC(70)   Post Evacuate Collection Set: 4.8ms
[2025-06-01T17:42:32.789+0000][gc,phases   ] GC(70)   Other: 4.9ms
[2025-06-01T17:42:32.789+0000][gc,heap     ] GC(70) Eden regions: 48->0(45)
[2025-06-01T17:42:32.789+0000][gc,heap     ] GC(70) Survivor regions: 3->6(7)
[2025-06-01T17:42:32.789+0000][gc,heap     ] GC(70) Old regions: 60->60
[2025-06-01T17:42:32.789+0000][gc,heap     ] GC(70) Archive regions: 2->2
[2025-06-01T17:42:32.789+0000][gc,heap     ] GC(70) Humongous regions: 129->129
[2025-06-01T17:42:32.789+0000][gc,metaspace] GC(70) Metaspace: 44482K(45056K)->44482K(45056K) NonClass: 39272K(39616K)->39272K(39616K) Class: 5209K(5440K)->5209K(5440K)
[2025-06-01T17:42:32.789+0000][gc          ] GC(70) Pause Young (Normal) (G1 Evacuation Pause) 240M->195M(1024M) 170.524ms
[2025-06-01T17:42:32.789+0000][gc,cpu      ] GC(70) User=0.16s Sys=0.00s Real=0.17s
[2025-06-01T17:44:43.307+0000][gc,start    ] GC(71) Pause Young (Normal) (G1 Evacuation Pause)
[2025-06-01T17:44:43.320+0000][gc,task     ] GC(71) Using 1 workers of 1 for evacuation
[2025-06-01T17:44:43.520+0000][gc,mmu      ] GC(71) MMU target violated: 21.0ms (20.0ms/21.0ms)
[2025-06-01T17:44:43.520+0000][gc,phases   ] GC(71)   Pre Evacuate Collection Set: 39.0ms
[2025-06-01T17:44:43.520+0000][gc,phases   ] GC(71)   Merge Heap Roots: 6.8ms
[2025-06-01T17:44:43.520+0000][gc,phases   ] GC(71)   Evacuate Collection Set: 139.2ms
[2025-06-01T17:44:43.520+0000][gc,phases   ] GC(71)   Post Evacuate Collection Set: 6.0ms
[2025-06-01T17:44:43.520+0000][gc,phases   ] GC(71)   Other: 34.5ms
[2025-06-01T17:44:43.520+0000][gc,heap     ] GC(71) Eden regions: 45->0(44)
[2025-06-01T17:44:43.520+0000][gc,heap     ] GC(71) Survivor regions: 6->7(7)
[2025-06-01T17:44:43.520+0000][gc,heap     ] GC(71) Old regions: 60->62
[2025-06-01T17:44:43.520+0000][gc,heap     ] GC(71) Archive regions: 2->2
[2025-06-01T17:44:43.521+0000][gc,heap     ] GC(71) Humongous regions: 129->129
[2025-06-01T17:44:43.521+0000][gc,metaspace] GC(71) Metaspace: 44488K(45056K)->44488K(45056K) NonClass: 39278K(39616K)->39278K(39616K) Class: 5209K(5440K)->5209K(5440K)
[2025-06-01T17:44:43.521+0000][gc          ] GC(71) Pause Young (Normal) (G1 Evacuation Pause) 240M->198M(1024M) 213.460ms
[2025-06-01T17:44:43.521+0000][gc,cpu      ] GC(71) User=0.20s Sys=0.01s Real=0.21s
[2025-06-01T17:46:47.389+0000][gc,start    ] GC(72) Pause Young (Normal) (G1 Evacuation Pause)
[2025-06-01T17:46:47.392+0000][gc,task     ] GC(72) Using 1 workers of 1 for evacuation
[2025-06-01T17:46:47.557+0000][gc,mmu      ] GC(72) MMU target violated: 21.0ms (20.0ms/21.0ms)
[2025-06-01T17:46:47.557+0000][gc,phases   ] GC(72)   Pre Evacuate Collection Set: 8.0ms
[2025-06-01T17:46:47.557+0000][gc,phases   ] GC(72)   Merge Heap Roots: 0.9ms
[2025-06-01T17:46:47.557+0000][gc,phases   ] GC(72)   Evacuate Collection Set: 149.8ms
[2025-06-01T17:46:47.557+0000][gc,phases   ] GC(72)   Post Evacuate Collection Set: 5.6ms
[2025-06-01T17:46:47.557+0000][gc,phases   ] GC(72)   Other: 3.8ms
[2025-06-01T17:46:47.557+0000][gc,heap     ] GC(72) Eden regions: 44->0(46)
[2025-06-01T17:46:47.557+0000][gc,heap     ] GC(72) Survivor regions: 7->5(7)
[2025-06-01T17:46:47.557+0000][gc,heap     ] GC(72) Old regions: 62->67
[2025-06-01T17:46:47.557+0000][gc,heap     ] GC(72) Archive regions: 2->2
[2025-06-01T17:46:47.557+0000][gc,heap     ] GC(72) Humongous regions: 129->129
[2025-06-01T17:46:47.557+0000][gc,metaspace] GC(72) Metaspace: 44516K(45056K)->44516K(45056K) NonClass: 39306K(39616K)->39306K(39616K) Class: 5209K(5440K)->5209K(5440K)
[2025-06-01T17:46:47.557+0000][gc          ] GC(72) Pause Young (Normal) (G1 Evacuation Pause) 242M->201M(1024M) 168.063ms
[2025-06-01T17:46:47.557+0000][gc,cpu      ] GC(72) User=0.16s Sys=0.01s Real=0.16s
[2025-06-01T17:49:00.973+0000][gc,start    ] GC(73) Pause Young (Normal) (G1 Evacuation Pause)
[2025-06-01T17:49:00.976+0000][gc,task     ] GC(73) Using 1 workers of 1 for evacuation
[2025-06-01T17:49:01.102+0000][gc,mmu      ] GC(73) MMU target violated: 21.0ms (20.0ms/21.0ms)
[2025-06-01T17:49:01.102+0000][gc,phases   ] GC(73)   Pre Evacuate Collection Set: 11.5ms
[2025-06-01T17:49:01.102+0000][gc,phases   ] GC(73)   Merge Heap Roots: 1.4ms
[2025-06-01T17:49:01.102+0000][gc,phases   ] GC(73)   Evacuate Collection Set: 108.6ms
[2025-06-01T17:49:01.102+0000][gc,phases   ] GC(73)   Post Evacuate Collection Set: 4.0ms
[2025-06-01T17:49:01.102+0000][gc,phases   ] GC(73)   Other: 3.4ms
[2025-06-01T17:49:01.102+0000][gc,heap     ] GC(73) Eden regions: 46->0(48)
[2025-06-01T17:49:01.102+0000][gc,heap     ] GC(73) Survivor regions: 5->3(7)
[2025-06-01T17:49:01.102+0000][gc,heap     ] GC(73) Old regions: 67->69
[2025-06-01T17:49:01.102+0000][gc,heap     ] GC(73) Archive regions: 2->2
[2025-06-01T17:49:01.102+0000][gc,heap     ] GC(73) Humongous regions: 129->129
[2025-06-01T17:49:01.102+0000][gc,metaspace] GC(73) Metaspace: 44538K(45056K)->44538K(45056K) NonClass: 39328K(39616K)->39328K(39616K) Class: 5209K(5440K)->5209K(5440K)
[2025-06-01T17:49:01.102+0000][gc          ] GC(73) Pause Young (Normal) (G1 Evacuation Pause) 247M->201M(1024M) 129.025ms
[2025-06-01T17:49:01.102+0000][gc,cpu      ] GC(73) User=0.13s Sys=0.00s Real=0.13s
[2025-06-01T17:51:18.483+0000][gc,start    ] GC(74) Pause Young (Normal) (G1 Evacuation Pause)
[2025-06-01T17:51:18.485+0000][gc,task     ] GC(74) Using 1 workers of 1 for evacuation
[2025-06-01T17:51:18.586+0000][gc,mmu      ] GC(74) MMU target violated: 21.0ms (20.0ms/21.0ms)
[2025-06-01T17:51:18.587+0000][gc,phases   ] GC(74)   Pre Evacuate Collection Set: 7.3ms
[2025-06-01T17:51:18.587+0000][gc,phases   ] GC(74)   Merge Heap Roots: 0.7ms
[2025-06-01T17:51:18.587+0000][gc,phases   ] GC(74)   Evacuate Collection Set: 90.1ms
[2025-06-01T17:51:18.587+0000][gc,phases   ] GC(74)   Post Evacuate Collection Set: 3.4ms
[2025-06-01T17:51:18.587+0000][gc,phases   ] GC(74)   Other: 2.0ms
[2025-06-01T17:51:18.587+0000][gc,heap     ] GC(74) Eden regions: 48->0(44)
[2025-06-01T17:51:18.587+0000][gc,heap     ] GC(74) Survivor regions: 3->7(7)
[2025-06-01T17:51:18.587+0000][gc,heap     ] GC(74) Old regions: 69->69
[2025-06-01T17:51:18.587+0000][gc,heap     ] GC(74) Archive regions: 2->2
[2025-06-01T17:51:18.587+0000][gc,heap     ] GC(74) Humongous regions: 129->129
[2025-06-01T17:51:18.587+0000][gc,metaspace] GC(74) Metaspace: 44545K(45056K)->44545K(45056K) NonClass: 39335K(39616K)->39335K(39616K) Class: 5209K(5440K)->5209K(5440K)
[2025-06-01T17:51:18.587+0000][gc          ] GC(74) Pause Young (Normal) (G1 Evacuation Pause) 249M->204M(1024M) 103.766ms
[2025-06-01T17:51:18.587+0000][gc,cpu      ] GC(74) User=0.11s Sys=0.00s Real=0.10s
[2025-06-01T17:53:25.681+0000][gc,start    ] GC(75) Pause Young (Normal) (G1 Evacuation Pause)
[2025-06-01T17:53:25.681+0000][gc,task     ] GC(75) Using 1 workers of 1 for evacuation
[2025-06-01T17:53:25.797+0000][gc,mmu      ] GC(75) MMU target violated: 21.0ms (20.0ms/21.0ms)
[2025-06-01T17:53:25.797+0000][gc,phases   ] GC(75)   Pre Evacuate Collection Set: 9.9ms
[2025-06-01T17:53:25.797+0000][gc,phases   ] GC(75)   Merge Heap Roots: 0.6ms
[2025-06-01T17:53:25.797+0000][gc,phases   ] GC(75)   Evacuate Collection Set: 100.1ms
[2025-06-01T17:53:25.797+0000][gc,phases   ] GC(75)   Post Evacuate Collection Set: 4.8ms
[2025-06-01T17:53:25.797+0000][gc,phases   ] GC(75)   Other: 1.3ms
[2025-06-01T17:53:25.797+0000][gc,heap     ] GC(75) Eden regions: 44->0(46)
[2025-06-01T17:53:25.797+0000][gc,heap     ] GC(75) Survivor regions: 7->5(7)
[2025-06-01T17:53:25.797+0000][gc,heap     ] GC(75) Old regions: 69->74
[2025-06-01T17:53:25.797+0000][gc,heap     ] GC(75) Archive regions: 2->2
[2025-06-01T17:53:25.797+0000][gc,heap     ] GC(75) Humongous regions: 129->129
[2025-06-01T17:53:25.797+0000][gc,metaspace] GC(75) Metaspace: 44570K(45184K)->44570K(45184K) NonClass: 39360K(39744K)->39360K(39744K) Class: 5209K(5440K)->5209K(5440K)
[2025-06-01T17:53:25.798+0000][gc          ] GC(75) Pause Young (Normal) (G1 Evacuation Pause) 248M->207M(1024M) 117.177ms
[2025-06-01T17:53:25.798+0000][gc,cpu      ] GC(75) User=0.10s Sys=0.00s Real=0.12s
[2025-06-01T17:55:40.088+0000][gc,start    ] GC(76) Pause Young (Normal) (G1 Evacuation Pause)
[2025-06-01T17:55:40.090+0000][gc,task     ] GC(76) Using 1 workers of 1 for evacuation
[2025-06-01T17:55:40.174+0000][gc,mmu      ] GC(76) MMU target violated: 21.0ms (20.0ms/21.0ms)
[2025-06-01T17:55:40.174+0000][gc,phases   ] GC(76)   Pre Evacuate Collection Set: 11.5ms
[2025-06-01T17:55:40.174+0000][gc,phases   ] GC(76)   Merge Heap Roots: 0.6ms
[2025-06-01T17:55:40.174+0000][gc,phases   ] GC(76)   Evacuate Collection Set: 67.2ms
[2025-06-01T17:55:40.174+0000][gc,phases   ] GC(76)   Post Evacuate Collection Set: 4.2ms
[2025-06-01T17:55:40.174+0000][gc,phases   ] GC(76)   Other: 2.6ms
[2025-06-01T17:55:40.174+0000][gc,heap     ] GC(76) Eden regions: 46->0(48)
[2025-06-01T17:55:40.174+0000][gc,heap     ] GC(76) Survivor regions: 5->3(7)
[2025-06-01T17:55:40.174+0000][gc,heap     ] GC(76) Old regions: 74->76
[2025-06-01T17:55:40.174+0000][gc,heap     ] GC(76) Archive regions: 2->2
[2025-06-01T17:55:40.174+0000][gc,heap     ] GC(76) Humongous regions: 129->129
[2025-06-01T17:55:40.174+0000][gc,metaspace] GC(76) Metaspace: 44586K(45184K)->44586K(45184K) NonClass: 39376K(39744K)->39376K(39744K) Class: 5209K(5440K)->5209K(5440K)
[2025-06-01T17:55:40.174+0000][gc          ] GC(76) Pause Young (Normal) (G1 Evacuation Pause) 253M->208M(1024M) 86.228ms
[2025-06-01T17:55:40.174+0000][gc,cpu      ] GC(76) User=0.08s Sys=0.01s Real=0.09s
[2025-06-01T17:57:58.173+0000][gc,start    ] GC(77) Pause Young (Normal) (G1 Evacuation Pause)
[2025-06-01T17:57:58.175+0000][gc,task     ] GC(77) Using 1 workers of 1 for evacuation
[2025-06-01T17:57:58.269+0000][gc,mmu      ] GC(77) MMU target violated: 21.0ms (20.0ms/21.0ms)
[2025-06-01T17:57:58.269+0000][gc,phases   ] GC(77)   Pre Evacuate Collection Set: 8.0ms
[2025-06-01T17:57:58.269+0000][gc,phases   ] GC(77)   Merge Heap Roots: 1.4ms
[2025-06-01T17:57:58.269+0000][gc,phases   ] GC(77)   Evacuate Collection Set: 80.7ms
[2025-06-01T17:57:58.269+0000][gc,phases   ] GC(77)   Post Evacuate Collection Set: 3.4ms
[2025-06-01T17:57:58.269+0000][gc,phases   ] GC(77)   Other: 3.9ms
[2025-06-01T17:57:58.269+0000][gc,heap     ] GC(77) Eden regions: 48->0(44)
[2025-06-01T17:57:58.269+0000][gc,heap     ] GC(77) Survivor regions: 3->7(7)
[2025-06-01T17:57:58.270+0000][gc,heap     ] GC(77) Old regions: 76->76
[2025-06-01T17:57:58.270+0000][gc,heap     ] GC(77) Archive regions: 2->2
[2025-06-01T17:57:58.270+0000][gc,heap     ] GC(77) Humongous regions: 129->129
[2025-06-01T17:57:58.270+0000][gc,metaspace] GC(77) Metaspace: 44621K(45184K)->44621K(45184K) NonClass: 39411K(39744K)->39411K(39744K) Class: 5209K(5440K)->5209K(5440K)
[2025-06-01T17:57:58.270+0000][gc          ] GC(77) Pause Young (Normal) (G1 Evacuation Pause) 256M->211M(1024M) 97.340ms
[2025-06-01T17:57:58.270+0000][gc,cpu      ] GC(77) User=0.10s Sys=0.00s Real=0.10s
[2025-06-01T18:00:05.099+0000][gc,start    ] GC(78) Pause Young (Normal) (G1 Evacuation Pause)
[2025-06-01T18:00:05.102+0000][gc,task     ] GC(78) Using 1 workers of 1 for evacuation
[2025-06-01T18:00:05.209+0000][gc,mmu      ] GC(78) MMU target violated: 21.0ms (20.0ms/21.0ms)
[2025-06-01T18:00:05.209+0000][gc,phases   ] GC(78)   Pre Evacuate Collection Set: 4.2ms
[2025-06-01T18:00:05.209+0000][gc,phases   ] GC(78)   Merge Heap Roots: 2.5ms
[2025-06-01T18:00:05.209+0000][gc,phases   ] GC(78)   Evacuate Collection Set: 95.6ms
[2025-06-01T18:00:05.209+0000][gc,phases   ] GC(78)   Post Evacuate Collection Set: 3.9ms
[2025-06-01T18:00:05.209+0000][gc,phases   ] GC(78)   Other: 5.1ms
[2025-06-01T18:00:05.209+0000][gc,heap     ] GC(78) Eden regions: 44->0(46)
[2025-06-01T18:00:05.209+0000][gc,heap     ] GC(78) Survivor regions: 7->5(7)
[2025-06-01T18:00:05.209+0000][gc,heap     ] GC(78) Old regions: 76->81
[2025-06-01T18:00:05.209+0000][gc,heap     ] GC(78) Archive regions: 2->2
[2025-06-01T18:00:05.209+0000][gc,heap     ] GC(78) Humongous regions: 129->129
[2025-06-01T18:00:05.209+0000][gc,metaspace] GC(78) Metaspace: 44623K(45184K)->44623K(45184K) NonClass: 39413K(39744K)->39413K(39744K) Class: 5209K(5440K)->5209K(5440K)
[2025-06-01T18:00:05.209+0000][gc          ] GC(78) Pause Young (Normal) (G1 Evacuation Pause) 255M->214M(1024M) 110.049ms
[2025-06-01T18:00:05.209+0000][gc,cpu      ] GC(78) User=0.11s Sys=0.00s Real=0.11s
[2025-06-01T18:02:16.632+0000][gc,start    ] GC(79) Pause Young (Normal) (G1 Evacuation Pause)
[2025-06-01T18:02:16.636+0000][gc,task     ] GC(79) Using 1 workers of 1 for evacuation
[2025-06-01T18:02:16.718+0000][gc,mmu      ] GC(79) MMU target violated: 21.0ms (20.0ms/21.0ms)
[2025-06-01T18:02:16.718+0000][gc,phases   ] GC(79)   Pre Evacuate Collection Set: 5.9ms
[2025-06-01T18:02:16.718+0000][gc,phases   ] GC(79)   Merge Heap Roots: 0.8ms
[2025-06-01T18:02:16.718+0000][gc,phases   ] GC(79)   Evacuate Collection Set: 68.5ms
[2025-06-01T18:02:16.718+0000][gc,phases   ] GC(79)   Post Evacuate Collection Set: 5.2ms
[2025-06-01T18:02:16.718+0000][gc,phases   ] GC(79)   Other: 5.9ms
[2025-06-01T18:02:16.718+0000][gc,heap     ] GC(79) Eden regions: 46->0(48)
[2025-06-01T18:02:16.718+0000][gc,heap     ] GC(79) Survivor regions: 5->3(7)
[2025-06-01T18:02:16.718+0000][gc,heap     ] GC(79) Old regions: 81->83
[2025-06-01T18:02:16.718+0000][gc,heap     ] GC(79) Archive regions: 2->2
[2025-06-01T18:02:16.718+0000][gc,heap     ] GC(79) Humongous regions: 129->129
[2025-06-01T18:02:16.718+0000][gc,metaspace] GC(79) Metaspace: 44634K(45184K)->44634K(45184K) NonClass: 39424K(39744K)->39424K(39744K) Class: 5209K(5440K)->5209K(5440K)
[2025-06-01T18:02:16.718+0000][gc          ] GC(79) Pause Young (Normal) (G1 Evacuation Pause) 260M->215M(1024M) 86.383ms
[2025-06-01T18:02:16.718+0000][gc,cpu      ] GC(79) User=0.07s Sys=0.01s Real=0.08s
[2025-06-01T18:04:36.511+0000][gc,start    ] GC(80) Pause Young (Normal) (G1 Evacuation Pause)
[2025-06-01T18:04:36.513+0000][gc,task     ] GC(80) Using 1 workers of 1 for evacuation
[2025-06-01T18:04:36.627+0000][gc,mmu      ] GC(80) MMU target violated: 21.0ms (20.0ms/21.0ms)
[2025-06-01T18:04:36.627+0000][gc,phases   ] GC(80)   Pre Evacuate Collection Set: 7.9ms
[2025-06-01T18:04:36.627+0000][gc,phases   ] GC(80)   Merge Heap Roots: 1.2ms
[2025-06-01T18:04:36.627+0000][gc,phases   ] GC(80)   Evacuate Collection Set: 99.7ms
[2025-06-01T18:04:36.627+0000][gc,phases   ] GC(80)   Post Evacuate Collection Set: 4.2ms
[2025-06-01T18:04:36.627+0000][gc,phases   ] GC(80)   Other: 4.0ms
[2025-06-01T18:04:36.627+0000][gc,heap     ] GC(80) Eden regions: 48->0(45)
[2025-06-01T18:04:36.627+0000][gc,heap     ] GC(80) Survivor regions: 3->6(7)
[2025-06-01T18:04:36.627+0000][gc,heap     ] GC(80) Old regions: 83->83
[2025-06-01T18:04:36.627+0000][gc,heap     ] GC(80) Archive regions: 2->2
[2025-06-01T18:04:36.627+0000][gc,heap     ] GC(80) Humongous regions: 129->129
[2025-06-01T18:04:36.627+0000][gc,metaspace] GC(80) Metaspace: 44644K(45184K)->44644K(45184K) NonClass: 39434K(39744K)->39434K(39744K) Class: 5209K(5440K)->5209K(5440K)
[2025-06-01T18:04:36.628+0000][gc          ] GC(80) Pause Young (Normal) (G1 Evacuation Pause) 263M->218M(1024M) 116.506ms
[2025-06-01T18:04:36.628+0000][gc,cpu      ] GC(80) User=0.11s Sys=0.00s Real=0.12s
[2025-06-01T18:06:44.730+0000][gc,start    ] GC(81) Pause Young (Normal) (G1 Evacuation Pause)
[2025-06-01T18:06:44.732+0000][gc,task     ] GC(81) Using 1 workers of 1 for evacuation
[2025-06-01T18:06:44.873+0000][gc,mmu      ] GC(81) MMU target violated: 21.0ms (20.0ms/21.0ms)
[2025-06-01T18:06:44.874+0000][gc,phases   ] GC(81)   Pre Evacuate Collection Set: 11.2ms
[2025-06-01T18:06:44.874+0000][gc,phases   ] GC(81)   Merge Heap Roots: 1.1ms
[2025-06-01T18:06:44.874+0000][gc,phases   ] GC(81)   Evacuate Collection Set: 123.5ms
[2025-06-01T18:06:44.874+0000][gc,phases   ] GC(81)   Post Evacuate Collection Set: 5.2ms
[2025-06-01T18:06:44.874+0000][gc,phases   ] GC(81)   Other: 3.1ms
[2025-06-01T18:06:44.874+0000][gc,heap     ] GC(81) Eden regions: 45->0(46)
[2025-06-01T18:06:44.874+0000][gc,heap     ] GC(81) Survivor regions: 6->5(7)
[2025-06-01T18:06:44.874+0000][gc,heap     ] GC(81) Old regions: 83->88
[2025-06-01T18:06:44.874+0000][gc,heap     ] GC(81) Archive regions: 2->2
[2025-06-01T18:06:44.874+0000][gc,heap     ] GC(81) Humongous regions: 129->129
[2025-06-01T18:06:44.874+0000][gc,metaspace] GC(81) Metaspace: 44652K(45248K)->44652K(45248K) NonClass: 39442K(39808K)->39442K(39808K) Class: 5209K(5440K)->5209K(5440K)
[2025-06-01T18:06:44.874+0000][gc          ] GC(81) Pause Young (Normal) (G1 Evacuation Pause) 263M->221M(1024M) 144.173ms
[2025-06-01T18:06:44.874+0000][gc,cpu      ] GC(81) User=0.12s Sys=0.02s Real=0.14s
[2025-06-01T18:08:58.872+0000][gc,start    ] GC(82) Pause Young (Normal) (G1 Evacuation Pause)
[2025-06-01T18:08:58.874+0000][gc,task     ] GC(82) Using 1 workers of 1 for evacuation
[2025-06-01T18:08:58.992+0000][gc,mmu      ] GC(82) MMU target violated: 21.0ms (20.0ms/21.0ms)
[2025-06-01T18:08:58.992+0000][gc,phases   ] GC(82)   Pre Evacuate Collection Set: 9.9ms
[2025-06-01T18:08:58.992+0000][gc,phases   ] GC(82)   Merge Heap Roots: 3.0ms
[2025-06-01T18:08:58.992+0000][gc,phases   ] GC(82)   Evacuate Collection Set: 92.6ms
[2025-06-01T18:08:58.992+0000][gc,phases   ] GC(82)   Post Evacuate Collection Set: 10.4ms
[2025-06-01T18:08:58.992+0000][gc,phases   ] GC(82)   Other: 5.2ms
[2025-06-01T18:08:58.992+0000][gc,heap     ] GC(82) Eden regions: 46->0(48)
[2025-06-01T18:08:58.992+0000][gc,heap     ] GC(82) Survivor regions: 5->3(7)
[2025-06-01T18:08:58.993+0000][gc,heap     ] GC(82) Old regions: 88->90
[2025-06-01T18:08:58.993+0000][gc,heap     ] GC(82) Archive regions: 2->2
[2025-06-01T18:08:58.993+0000][gc,heap     ] GC(82) Humongous regions: 129->129
[2025-06-01T18:08:58.993+0000][gc,metaspace] GC(82) Metaspace: 44652K(45248K)->44652K(45248K) NonClass: 39442K(39808K)->39442K(39808K) Class: 5209K(5440K)->5209K(5440K)
[2025-06-01T18:08:58.993+0000][gc          ] GC(82) Pause Young (Normal) (G1 Evacuation Pause) 267M->222M(1024M) 121.216ms
[2025-06-01T18:08:58.993+0000][gc,cpu      ] GC(82) User=0.10s Sys=0.02s Real=0.12s
[2025-06-01T18:11:17.390+0000][gc,start    ] GC(83) Pause Young (Normal) (G1 Evacuation Pause)
[2025-06-01T18:11:17.391+0000][gc,task     ] GC(83) Using 1 workers of 1 for evacuation
[2025-06-01T18:11:17.500+0000][gc,mmu      ] GC(83) MMU target violated: 21.0ms (20.0ms/21.0ms)
[2025-06-01T18:11:17.500+0000][gc,phases   ] GC(83)   Pre Evacuate Collection Set: 9.6ms
[2025-06-01T18:11:17.500+0000][gc,phases   ] GC(83)   Merge Heap Roots: 0.8ms
[2025-06-01T18:11:17.500+0000][gc,phases   ] GC(83)   Evacuate Collection Set: 89.9ms
[2025-06-01T18:11:17.500+0000][gc,phases   ] GC(83)   Post Evacuate Collection Set: 7.6ms
[2025-06-01T18:11:17.500+0000][gc,phases   ] GC(83)   Other: 1.9ms
[2025-06-01T18:11:17.500+0000][gc,heap     ] GC(83) Eden regions: 48->0(45)
[2025-06-01T18:11:17.500+0000][gc,heap     ] GC(83) Survivor regions: 3->6(7)
[2025-06-01T18:11:17.500+0000][gc,heap     ] GC(83) Old regions: 90->90
[2025-06-01T18:11:17.500+0000][gc,heap     ] GC(83) Archive regions: 2->2
[2025-06-01T18:11:17.500+0000][gc,heap     ] GC(83) Humongous regions: 129->129
[2025-06-01T18:11:17.500+0000][gc,metaspace] GC(83) Metaspace: 44657K(45248K)->44657K(45248K) NonClass: 39447K(39808K)->39447K(39808K) Class: 5209K(5440K)->5209K(5440K)
[2025-06-01T18:11:17.501+0000][gc          ] GC(83) Pause Young (Normal) (G1 Evacuation Pause) 270M->225M(1024M) 110.318ms
[2025-06-01T18:11:17.501+0000][gc,cpu      ] GC(83) User=0.11s Sys=0.00s Real=0.11s
[2025-06-01T18:13:29.226+0000][gc,start    ] GC(84) Pause Young (Normal) (G1 Evacuation Pause)
[2025-06-01T18:13:29.232+0000][gc,task     ] GC(84) Using 1 workers of 1 for evacuation
[2025-06-01T18:13:29.367+0000][gc,mmu      ] GC(84) MMU target violated: 21.0ms (20.0ms/21.0ms)
[2025-06-01T18:13:29.368+0000][gc,phases   ] GC(84)   Pre Evacuate Collection Set: 15.0ms
[2025-06-01T18:13:29.368+0000][gc,phases   ] GC(84)   Merge Heap Roots: 1.3ms
[2025-06-01T18:13:29.368+0000][gc,phases   ] GC(84)   Evacuate Collection Set: 113.5ms
[2025-06-01T18:13:29.368+0000][gc,phases   ] GC(84)   Post Evacuate Collection Set: 5.0ms
[2025-06-01T18:13:29.368+0000][gc,phases   ] GC(84)   Other: 6.9ms
[2025-06-01T18:13:29.368+0000][gc,heap     ] GC(84) Eden regions: 45->0(46)
[2025-06-01T18:13:29.368+0000][gc,heap     ] GC(84) Survivor regions: 6->5(7)
[2025-06-01T18:13:29.368+0000][gc,heap     ] GC(84) Old regions: 90->95
[2025-06-01T18:13:29.368+0000][gc,heap     ] GC(84) Archive regions: 2->2
[2025-06-01T18:13:29.368+0000][gc,heap     ] GC(84) Humongous regions: 129->129
[2025-06-01T18:13:29.368+0000][gc,metaspace] GC(84) Metaspace: 44660K(45248K)->44660K(45248K) NonClass: 39450K(39808K)->39450K(39808K) Class: 5209K(5440K)->5209K(5440K)
[2025-06-01T18:13:29.368+0000][gc          ] GC(84) Pause Young (Normal) (G1 Evacuation Pause) 270M->228M(1024M) 141.722ms
[2025-06-01T18:13:29.368+0000][gc,cpu      ] GC(84) User=0.12s Sys=0.02s Real=0.14s
[2025-06-01T18:15:26.427+0000][gc,start    ] GC(85) Pause Young (Normal) (G1 Evacuation Pause)
[2025-06-01T18:15:26.437+0000][gc,task     ] GC(85) Using 1 workers of 1 for evacuation
[2025-06-01T18:15:26.589+0000][gc,mmu      ] GC(85) MMU target violated: 21.0ms (20.0ms/21.0ms)
[2025-06-01T18:15:26.589+0000][gc,phases   ] GC(85)   Pre Evacuate Collection Set: 6.2ms
[2025-06-01T18:15:26.589+0000][gc,phases   ] GC(85)   Merge Heap Roots: 0.8ms
[2025-06-01T18:15:26.589+0000][gc,phases   ] GC(85)   Evacuate Collection Set: 140.5ms
[2025-06-01T18:15:26.589+0000][gc,phases   ] GC(85)   Post Evacuate Collection Set: 3.6ms
[2025-06-01T18:15:26.589+0000][gc,phases   ] GC(85)   Other: 11.4ms
[2025-06-01T18:15:26.589+0000][gc,heap     ] GC(85) Eden regions: 46->0(44)
[2025-06-01T18:15:26.589+0000][gc,heap     ] GC(85) Survivor regions: 5->7(7)
[2025-06-01T18:15:26.589+0000][gc,heap     ] GC(85) Old regions: 95->98
[2025-06-01T18:15:26.589+0000][gc,heap     ] GC(85) Archive regions: 2->2
[2025-06-01T18:15:26.589+0000][gc,heap     ] GC(85) Humongous regions: 129->129
[2025-06-01T18:15:26.589+0000][gc,metaspace] GC(85) Metaspace: 44674K(45248K)->44674K(45248K) NonClass: 39461K(39808K)->39461K(39808K) Class: 5213K(5440K)->5213K(5440K)
[2025-06-01T18:15:26.589+0000][gc          ] GC(85) Pause Young (Normal) (G1 Evacuation Pause) 274M->234M(1024M) 162.773ms
[2025-06-01T18:15:26.590+0000][gc,cpu      ] GC(85) User=0.14s Sys=0.01s Real=0.16s
[2025-06-01T18:17:34.239+0000][gc,start    ] GC(86) Pause Young (Normal) (G1 Evacuation Pause)
[2025-06-01T18:17:34.242+0000][gc,task     ] GC(86) Using 1 workers of 1 for evacuation
[2025-06-01T18:17:34.344+0000][gc,mmu      ] GC(86) MMU target violated: 21.0ms (20.0ms/21.0ms)
[2025-06-01T18:17:34.345+0000][gc,phases   ] GC(86)   Pre Evacuate Collection Set: 9.2ms
[2025-06-01T18:17:34.345+0000][gc,phases   ] GC(86)   Merge Heap Roots: 1.5ms
[2025-06-01T18:17:34.345+0000][gc,phases   ] GC(86)   Evacuate Collection Set: 86.8ms
[2025-06-01T18:17:34.345+0000][gc,phases   ] GC(86)   Post Evacuate Collection Set: 4.3ms
[2025-06-01T18:17:34.345+0000][gc,phases   ] GC(86)   Other: 4.1ms
[2025-06-01T18:17:34.345+0000][gc,heap     ] GC(86) Eden regions: 44->0(48)
[2025-06-01T18:17:34.345+0000][gc,heap     ] GC(86) Survivor regions: 7->3(7)
[2025-06-01T18:17:34.345+0000][gc,heap     ] GC(86) Old regions: 98->102
[2025-06-01T18:17:34.345+0000][gc,heap     ] GC(86) Archive regions: 2->2
[2025-06-01T18:17:34.345+0000][gc,heap     ] GC(86) Humongous regions: 129->129
[2025-06-01T18:17:34.345+0000][gc,metaspace] GC(86) Metaspace: 44677K(45248K)->44677K(45248K) NonClass: 39463K(39808K)->39463K(39808K) Class: 5213K(5440K)->5213K(5440K)
[2025-06-01T18:17:34.345+0000][gc          ] GC(86) Pause Young (Normal) (G1 Evacuation Pause) 278M->234M(1024M) 105.920ms
[2025-06-01T18:17:34.345+0000][gc,cpu      ] GC(86) User=0.08s Sys=0.02s Real=0.11s
[2025-06-01T18:19:51.400+0000][gc,start    ] GC(87) Pause Young (Normal) (G1 Evacuation Pause)
[2025-06-01T18:19:51.402+0000][gc,task     ] GC(87) Using 1 workers of 1 for evacuation
[2025-06-01T18:19:51.504+0000][gc,mmu      ] GC(87) MMU target violated: 21.0ms (20.0ms/21.0ms)
[2025-06-01T18:19:51.504+0000][gc,phases   ] GC(87)   Pre Evacuate Collection Set: 12.5ms
[2025-06-01T18:19:51.504+0000][gc,phases   ] GC(87)   Merge Heap Roots: 1.1ms
[2025-06-01T18:19:51.504+0000][gc,phases   ] GC(87)   Evacuate Collection Set: 79.4ms
[2025-06-01T18:19:51.504+0000][gc,phases   ] GC(87)   Post Evacuate Collection Set: 7.5ms
[2025-06-01T18:19:51.505+0000][gc,phases   ] GC(87)   Other: 4.3ms
[2025-06-01T18:19:51.505+0000][gc,heap     ] GC(87) Eden regions: 48->0(45)
[2025-06-01T18:19:51.505+0000][gc,heap     ] GC(87) Survivor regions: 3->6(7)
[2025-06-01T18:19:51.505+0000][gc,heap     ] GC(87) Old regions: 102->102
[2025-06-01T18:19:51.505+0000][gc,heap     ] GC(87) Archive regions: 2->2
[2025-06-01T18:19:51.505+0000][gc,heap     ] GC(87) Humongous regions: 129->129
[2025-06-01T18:19:51.505+0000][gc,metaspace] GC(87) Metaspace: 44708K(45248K)->44708K(45248K) NonClass: 39494K(39808K)->39494K(39808K) Class: 5213K(5440K)->5213K(5440K)
[2025-06-01T18:19:51.505+0000][gc          ] GC(87) Pause Young (Normal) (G1 Evacuation Pause) 282M->237M(1024M) 104.964ms
[2025-06-01T18:19:51.505+0000][gc,cpu      ] GC(87) User=0.10s Sys=0.00s Real=0.10s
[2025-06-01T18:22:03.406+0000][gc,start    ] GC(88) Pause Young (Normal) (G1 Evacuation Pause)
[2025-06-01T18:22:03.408+0000][gc,task     ] GC(88) Using 1 workers of 1 for evacuation
[2025-06-01T18:22:03.618+0000][gc,mmu      ] GC(88) MMU target violated: 21.0ms (20.0ms/21.0ms)
[2025-06-01T18:22:03.618+0000][gc,phases   ] GC(88)   Pre Evacuate Collection Set: 4.6ms
[2025-06-01T18:22:03.618+0000][gc,phases   ] GC(88)   Merge Heap Roots: 3.1ms
[2025-06-01T18:22:03.618+0000][gc,phases   ] GC(88)   Evacuate Collection Set: 195.8ms
[2025-06-01T18:22:03.618+0000][gc,phases   ] GC(88)   Post Evacuate Collection Set: 5.1ms
[2025-06-01T18:22:03.618+0000][gc,phases   ] GC(88)   Other: 24.7ms
[2025-06-01T18:22:03.618+0000][gc,heap     ] GC(88) Eden regions: 45->0(46)
[2025-06-01T18:22:03.618+0000][gc,heap     ] GC(88) Survivor regions: 6->5(7)
[2025-06-01T18:22:03.618+0000][gc,heap     ] GC(88) Old regions: 102->106
[2025-06-01T18:22:03.618+0000][gc,heap     ] GC(88) Archive regions: 2->2
[2025-06-01T18:22:03.618+0000][gc,heap     ] GC(88) Humongous regions: 129->129
[2025-06-01T18:22:03.618+0000][gc,metaspace] GC(88) Metaspace: 44717K(45248K)->44717K(45248K) NonClass: 39503K(39808K)->39503K(39808K) Class: 5213K(5440K)->5213K(5440K)
[2025-06-01T18:22:03.618+0000][gc          ] GC(88) Pause Young (Normal) (G1 Evacuation Pause) 282M->240M(1024M) 212.513ms
[2025-06-01T18:22:03.619+0000][gc,cpu      ] GC(88) User=0.20s Sys=0.04s Real=0.21s
[2025-06-01T18:24:14.234+0000][gc,start    ] GC(89) Pause Young (Normal) (G1 Evacuation Pause)
[2025-06-01T18:24:14.238+0000][gc,task     ] GC(89) Using 1 workers of 1 for evacuation
[2025-06-01T18:24:14.476+0000][gc,mmu      ] GC(89) MMU target violated: 21.0ms (20.0ms/21.0ms)
[2025-06-01T18:24:14.476+0000][gc,phases   ] GC(89)   Pre Evacuate Collection Set: 7.9ms
[2025-06-01T18:24:14.476+0000][gc,phases   ] GC(89)   Merge Heap Roots: 1.6ms
[2025-06-01T18:24:14.477+0000][gc,phases   ] GC(89)   Evacuate Collection Set: 128.3ms
[2025-06-01T18:24:14.477+0000][gc,phases   ] GC(89)   Post Evacuate Collection Set: 62.9ms
[2025-06-01T18:24:14.477+0000][gc,phases   ] GC(89)   Other: 41.3ms
[2025-06-01T18:24:14.477+0000][gc,heap     ] GC(89) Eden regions: 46->0(48)
[2025-06-01T18:24:14.477+0000][gc,heap     ] GC(89) Survivor regions: 5->3(7)
[2025-06-01T18:24:14.477+0000][gc,heap     ] GC(89) Old regions: 106->109
[2025-06-01T18:24:14.477+0000][gc,heap     ] GC(89) Archive regions: 2->2
[2025-06-01T18:24:14.477+0000][gc,heap     ] GC(89) Humongous regions: 129->129
[2025-06-01T18:24:14.477+0000][gc,metaspace] GC(89) Metaspace: 44722K(45248K)->44722K(45248K) NonClass: 39508K(39808K)->39508K(39808K) Class: 5213K(5440K)->5213K(5440K)
[2025-06-01T18:24:14.478+0000][gc          ] GC(89) Pause Young (Normal) (G1 Evacuation Pause) 286M->241M(1024M) 243.101ms
[2025-06-01T18:24:14.478+0000][gc,cpu      ] GC(89) User=0.08s Sys=0.01s Real=0.24s
[2025-06-01T18:26:33.507+0000][gc,start    ] GC(90) Pause Young (Normal) (G1 Evacuation Pause)
[2025-06-01T18:26:33.509+0000][gc,task     ] GC(90) Using 1 workers of 1 for evacuation
[2025-06-01T18:26:33.605+0000][gc,mmu      ] GC(90) MMU target violated: 21.0ms (20.0ms/21.0ms)
[2025-06-01T18:26:33.605+0000][gc,phases   ] GC(90)   Pre Evacuate Collection Set: 13.4ms
[2025-06-01T18:26:33.605+0000][gc,phases   ] GC(90)   Merge Heap Roots: 4.8ms
[2025-06-01T18:26:33.605+0000][gc,phases   ] GC(90)   Evacuate Collection Set: 72.0ms
[2025-06-01T18:26:33.605+0000][gc,phases   ] GC(90)   Post Evacuate Collection Set: 5.1ms
[2025-06-01T18:26:33.605+0000][gc,phases   ] GC(90)   Other: 3.6ms
[2025-06-01T18:26:33.605+0000][gc,heap     ] GC(90) Eden regions: 48->0(45)
[2025-06-01T18:26:33.605+0000][gc,heap     ] GC(90) Survivor regions: 3->6(7)
[2025-06-01T18:26:33.605+0000][gc,heap     ] GC(90) Old regions: 109->109
[2025-06-01T18:26:33.605+0000][gc,heap     ] GC(90) Archive regions: 2->2
[2025-06-01T18:26:33.605+0000][gc,heap     ] GC(90) Humongous regions: 129->129
[2025-06-01T18:26:33.605+0000][gc,metaspace] GC(90) Metaspace: 44722K(45248K)->44722K(45248K) NonClass: 39509K(39808K)->39509K(39808K) Class: 5213K(5440K)->5213K(5440K)
[2025-06-01T18:26:33.605+0000][gc          ] GC(90) Pause Young (Normal) (G1 Evacuation Pause) 289M->244M(1024M) 98.868ms
[2025-06-01T18:26:33.605+0000][gc,cpu      ] GC(90) User=0.10s Sys=0.00s Real=0.10s
[2025-06-01T18:28:43.753+0000][gc,start    ] GC(91) Pause Young (Normal) (G1 Evacuation Pause)
[2025-06-01T18:28:43.754+0000][gc,task     ] GC(91) Using 1 workers of 1 for evacuation
[2025-06-01T18:28:43.869+0000][gc,mmu      ] GC(91) MMU target violated: 21.0ms (20.0ms/21.0ms)
[2025-06-01T18:28:43.869+0000][gc,phases   ] GC(91)   Pre Evacuate Collection Set: 8.2ms
[2025-06-01T18:28:43.869+0000][gc,phases   ] GC(91)   Merge Heap Roots: 0.6ms
[2025-06-01T18:28:43.869+0000][gc,phases   ] GC(91)   Evacuate Collection Set: 100.3ms
[2025-06-01T18:28:43.869+0000][gc,phases   ] GC(91)   Post Evacuate Collection Set: 4.6ms
[2025-06-01T18:28:43.869+0000][gc,phases   ] GC(91)   Other: 2.1ms
[2025-06-01T18:28:43.869+0000][gc,heap     ] GC(91) Eden regions: 45->0(46)
[2025-06-01T18:28:43.869+0000][gc,heap     ] GC(91) Survivor regions: 6->5(7)
[2025-06-01T18:28:43.869+0000][gc,heap     ] GC(91) Old regions: 109->114
[2025-06-01T18:28:43.869+0000][gc,heap     ] GC(91) Archive regions: 2->2
[2025-06-01T18:28:43.869+0000][gc,heap     ] GC(91) Humongous regions: 129->129
[2025-06-01T18:28:43.869+0000][gc,metaspace] GC(91) Metaspace: 44734K(45312K)->44734K(45312K) NonClass: 39520K(39872K)->39520K(39872K) Class: 5213K(5440K)->5213K(5440K)
[2025-06-01T18:28:43.869+0000][gc          ] GC(91) Pause Young (Normal) (G1 Evacuation Pause) 289M->247M(1024M) 116.103ms
[2025-06-01T18:28:43.869+0000][gc,cpu      ] GC(91) User=0.09s Sys=0.03s Real=0.11s
[2025-06-01T18:30:55.644+0000][gc,start    ] GC(92) Pause Young (Normal) (G1 Evacuation Pause)
[2025-06-01T18:30:55.647+0000][gc,task     ] GC(92) Using 1 workers of 1 for evacuation
[2025-06-01T18:30:55.707+0000][gc,mmu      ] GC(92) MMU target violated: 21.0ms (20.0ms/21.0ms)
[2025-06-01T18:30:55.707+0000][gc,phases   ] GC(92)   Pre Evacuate Collection Set: 4.2ms
[2025-06-01T18:30:55.707+0000][gc,phases   ] GC(92)   Merge Heap Roots: 0.9ms
[2025-06-01T18:30:55.707+0000][gc,phases   ] GC(92)   Evacuate Collection Set: 50.6ms
[2025-06-01T18:30:55.707+0000][gc,phases   ] GC(92)   Post Evacuate Collection Set: 3.4ms
[2025-06-01T18:30:55.707+0000][gc,phases   ] GC(92)   Other: 4.1ms
[2025-06-01T18:30:55.707+0000][gc,heap     ] GC(92) Eden regions: 46->0(48)
[2025-06-01T18:30:55.707+0000][gc,heap     ] GC(92) Survivor regions: 5->3(7)
[2025-06-01T18:30:55.707+0000][gc,heap     ] GC(92) Old regions: 114->116
[2025-06-01T18:30:55.707+0000][gc,heap     ] GC(92) Archive regions: 2->2
[2025-06-01T18:30:55.708+0000][gc,heap     ] GC(92) Humongous regions: 129->129
[2025-06-01T18:30:55.708+0000][gc,metaspace] GC(92) Metaspace: 44746K(45312K)->44746K(45312K) NonClass: 39533K(39872K)->39533K(39872K) Class: 5213K(5440K)->5213K(5440K)
[2025-06-01T18:30:55.708+0000][gc          ] GC(92) Pause Young (Normal) (G1 Evacuation Pause) 293M->247M(1024M) 63.682ms
[2025-06-01T18:30:55.708+0000][gc,cpu      ] GC(92) User=0.06s Sys=0.00s Real=0.06s
[2025-06-01T18:33:14.611+0000][gc,start    ] GC(93) Pause Young (Normal) (G1 Evacuation Pause)
[2025-06-01T18:33:14.613+0000][gc,task     ] GC(93) Using 1 workers of 1 for evacuation
[2025-06-01T18:33:14.691+0000][gc,mmu      ] GC(93) MMU target violated: 21.0ms (20.0ms/21.0ms)
[2025-06-01T18:33:14.692+0000][gc,phases   ] GC(93)   Pre Evacuate Collection Set: 17.5ms
[2025-06-01T18:33:14.692+0000][gc,phases   ] GC(93)   Merge Heap Roots: 0.9ms
[2025-06-01T18:33:14.692+0000][gc,phases   ] GC(93)   Evacuate Collection Set: 55.8ms
[2025-06-01T18:33:14.692+0000][gc,phases   ] GC(93)   Post Evacuate Collection Set: 4.0ms
[2025-06-01T18:33:14.692+0000][gc,phases   ] GC(93)   Other: 3.1ms
[2025-06-01T18:33:14.692+0000][gc,heap     ] GC(93) Eden regions: 48->0(45)
[2025-06-01T18:33:14.692+0000][gc,heap     ] GC(93) Survivor regions: 3->6(7)
[2025-06-01T18:33:14.692+0000][gc,heap     ] GC(93) Old regions: 116->116
[2025-06-01T18:33:14.692+0000][gc,heap     ] GC(93) Archive regions: 2->2
[2025-06-01T18:33:14.692+0000][gc,heap     ] GC(93) Humongous regions: 129->129
[2025-06-01T18:33:14.692+0000][gc,metaspace] GC(93) Metaspace: 44746K(45312K)->44746K(45312K) NonClass: 39533K(39872K)->39533K(39872K) Class: 5213K(5440K)->5213K(5440K)
[2025-06-01T18:33:14.692+0000][gc          ] GC(93) Pause Young (Normal) (G1 Evacuation Pause) 295M->251M(1024M) 81.496ms
[2025-06-01T18:33:14.692+0000][gc,cpu      ] GC(93) User=0.08s Sys=0.00s Real=0.09s
[2025-06-01T18:35:25.060+0000][gc,start    ] GC(94) Pause Young (Normal) (G1 Evacuation Pause)
[2025-06-01T18:35:25.062+0000][gc,task     ] GC(94) Using 1 workers of 1 for evacuation
[2025-06-01T18:35:25.194+0000][gc,mmu      ] GC(94) MMU target violated: 21.0ms (20.0ms/21.0ms)
[2025-06-01T18:35:25.195+0000][gc,phases   ] GC(94)   Pre Evacuate Collection Set: 17.5ms
[2025-06-01T18:35:25.195+0000][gc,phases   ] GC(94)   Merge Heap Roots: 2.0ms
[2025-06-01T18:35:25.195+0000][gc,phases   ] GC(94)   Evacuate Collection Set: 107.6ms
[2025-06-01T18:35:25.195+0000][gc,phases   ] GC(94)   Post Evacuate Collection Set: 4.1ms
[2025-06-01T18:35:25.195+0000][gc,phases   ] GC(94)   Other: 4.3ms
[2025-06-01T18:35:25.195+0000][gc,heap     ] GC(94) Eden regions: 45->0(44)
[2025-06-01T18:35:25.195+0000][gc,heap     ] GC(94) Survivor regions: 6->7(7)
[2025-06-01T18:35:25.195+0000][gc,heap     ] GC(94) Old regions: 116->118
[2025-06-01T18:35:25.195+0000][gc,heap     ] GC(94) Archive regions: 2->2
[2025-06-01T18:35:25.195+0000][gc,heap     ] GC(94) Humongous regions: 129->129
[2025-06-01T18:35:25.195+0000][gc,metaspace] GC(94) Metaspace: 44751K(45312K)->44751K(45312K) NonClass: 39538K(39872K)->39538K(39872K) Class: 5213K(5440K)->5213K(5440K)
[2025-06-01T18:35:25.195+0000][gc          ] GC(94) Pause Young (Normal) (G1 Evacuation Pause) 296M->254M(1024M) 135.552ms
[2025-06-01T18:35:25.195+0000][gc,cpu      ] GC(94) User=0.12s Sys=0.01s Real=0.14s
[2025-06-01T18:37:34.044+0000][gc,start    ] GC(95) Pause Young (Normal) (G1 Evacuation Pause)
[2025-06-01T18:37:34.048+0000][gc,task     ] GC(95) Using 1 workers of 1 for evacuation
[2025-06-01T18:37:34.366+0000][gc,mmu      ] GC(95) MMU target violated: 21.0ms (20.0ms/21.0ms)
[2025-06-01T18:37:34.366+0000][gc,phases   ] GC(95)   Pre Evacuate Collection Set: 8.0ms
[2025-06-01T18:37:34.366+0000][gc,phases   ] GC(95)   Merge Heap Roots: 0.7ms
[2025-06-01T18:37:34.366+0000][gc,phases   ] GC(95)   Evacuate Collection Set: 296.3ms
[2025-06-01T18:37:34.366+0000][gc,phases   ] GC(95)   Post Evacuate Collection Set: 11.7ms
[2025-06-01T18:37:34.366+0000][gc,phases   ] GC(95)   Other: 5.7ms
[2025-06-01T18:37:34.366+0000][gc,heap     ] GC(95) Eden regions: 44->0(46)
[2025-06-01T18:37:34.366+0000][gc,heap     ] GC(95) Survivor regions: 7->5(7)
[2025-06-01T18:37:34.367+0000][gc,heap     ] GC(95) Old regions: 118->123
[2025-06-01T18:37:34.367+0000][gc,heap     ] GC(95) Archive regions: 2->2
[2025-06-01T18:37:34.367+0000][gc,heap     ] GC(95) Humongous regions: 129->129
[2025-06-01T18:37:34.367+0000][gc,metaspace] GC(95) Metaspace: 44755K(45312K)->44755K(45312K) NonClass: 39542K(39872K)->39542K(39872K) Class: 5213K(5440K)->5213K(5440K)
[2025-06-01T18:37:34.367+0000][gc          ] GC(95) Pause Young (Normal) (G1 Evacuation Pause) 298M->257M(1024M) 323.043ms
[2025-06-01T18:37:34.367+0000][gc,cpu      ] GC(95) User=0.13s Sys=0.00s Real=0.33s
[2025-06-01T18:39:45.479+0000][gc,start    ] GC(96) Pause Young (Normal) (G1 Evacuation Pause)
[2025-06-01T18:39:45.480+0000][gc,task     ] GC(96) Using 1 workers of 1 for evacuation
[2025-06-01T18:39:45.556+0000][gc,mmu      ] GC(96) MMU target violated: 21.0ms (20.0ms/21.0ms)
[2025-06-01T18:39:45.556+0000][gc,phases   ] GC(96)   Pre Evacuate Collection Set: 5.9ms
[2025-06-01T18:39:45.556+0000][gc,phases   ] GC(96)   Merge Heap Roots: 0.7ms
[2025-06-01T18:39:45.556+0000][gc,phases   ] GC(96)   Evacuate Collection Set: 62.3ms
[2025-06-01T18:39:45.556+0000][gc,phases   ] GC(96)   Post Evacuate Collection Set: 6.3ms
[2025-06-01T18:39:45.556+0000][gc,phases   ] GC(96)   Other: 2.2ms
[2025-06-01T18:39:45.556+0000][gc,heap     ] GC(96) Eden regions: 46->0(48)
[2025-06-01T18:39:45.556+0000][gc,heap     ] GC(96) Survivor regions: 5->3(7)
[2025-06-01T18:39:45.556+0000][gc,heap     ] GC(96) Old regions: 123->125
[2025-06-01T18:39:45.556+0000][gc,heap     ] GC(96) Archive regions: 2->2
[2025-06-01T18:39:45.556+0000][gc,heap     ] GC(96) Humongous regions: 129->129
[2025-06-01T18:39:45.556+0000][gc,metaspace] GC(96) Metaspace: 44758K(45312K)->44758K(45312K) NonClass: 39544K(39872K)->39544K(39872K) Class: 5213K(5440K)->5213K(5440K)
[2025-06-01T18:39:45.556+0000][gc          ] GC(96) Pause Young (Normal) (G1 Evacuation Pause) 303M->257M(1024M) 77.559ms
[2025-06-01T18:39:45.556+0000][gc,cpu      ] GC(96) User=0.08s Sys=0.00s Real=0.08s
[2025-06-01T18:42:06.437+0000][gc,start    ] GC(97) Pause Young (Normal) (G1 Evacuation Pause)
[2025-06-01T18:42:06.438+0000][gc,task     ] GC(97) Using 1 workers of 1 for evacuation
[2025-06-01T18:42:06.529+0000][gc,mmu      ] GC(97) MMU target violated: 21.0ms (20.0ms/21.0ms)
[2025-06-01T18:42:06.529+0000][gc,phases   ] GC(97)   Pre Evacuate Collection Set: 6.4ms
[2025-06-01T18:42:06.529+0000][gc,phases   ] GC(97)   Merge Heap Roots: 0.9ms
[2025-06-01T18:42:06.529+0000][gc,phases   ] GC(97)   Evacuate Collection Set: 79.2ms
[2025-06-01T18:42:06.529+0000][gc,phases   ] GC(97)   Post Evacuate Collection Set: 3.4ms
[2025-06-01T18:42:06.529+0000][gc,phases   ] GC(97)   Other: 3.1ms
[2025-06-01T18:42:06.529+0000][gc,heap     ] GC(97) Eden regions: 48->0(44)
[2025-06-01T18:42:06.529+0000][gc,heap     ] GC(97) Survivor regions: 3->7(7)
[2025-06-01T18:42:06.529+0000][gc,heap     ] GC(97) Old regions: 125->125
[2025-06-01T18:42:06.529+0000][gc,heap     ] GC(97) Archive regions: 2->2
[2025-06-01T18:42:06.529+0000][gc,heap     ] GC(97) Humongous regions: 129->129
[2025-06-01T18:42:06.529+0000][gc,metaspace] GC(97) Metaspace: 44762K(45312K)->44762K(45312K) NonClass: 39548K(39872K)->39548K(39872K) Class: 5213K(5440K)->5213K(5440K)
[2025-06-01T18:42:06.529+0000][gc          ] GC(97) Pause Young (Normal) (G1 Evacuation Pause) 305M->261M(1024M) 92.867ms
[2025-06-01T18:42:06.529+0000][gc,cpu      ] GC(97) User=0.09s Sys=0.00s Real=0.09s
[2025-06-01T18:44:13.711+0000][gc,start    ] GC(98) Pause Young (Normal) (G1 Evacuation Pause)
[2025-06-01T18:44:13.713+0000][gc,task     ] GC(98) Using 1 workers of 1 for evacuation
[2025-06-01T18:44:13.853+0000][gc,mmu      ] GC(98) MMU target violated: 21.0ms (20.0ms/21.0ms)
[2025-06-01T18:44:13.853+0000][gc,phases   ] GC(98)   Pre Evacuate Collection Set: 12.3ms
[2025-06-01T18:44:13.853+0000][gc,phases   ] GC(98)   Merge Heap Roots: 0.9ms
[2025-06-01T18:44:13.853+0000][gc,phases   ] GC(98)   Evacuate Collection Set: 121.8ms
[2025-06-01T18:44:13.853+0000][gc,phases   ] GC(98)   Post Evacuate Collection Set: 4.3ms
[2025-06-01T18:44:13.853+0000][gc,phases   ] GC(98)   Other: 2.8ms
[2025-06-01T18:44:13.853+0000][gc,heap     ] GC(98) Eden regions: 44->0(46)
[2025-06-01T18:44:13.853+0000][gc,heap     ] GC(98) Survivor regions: 7->5(7)
[2025-06-01T18:44:13.853+0000][gc,heap     ] GC(98) Old regions: 125->130
[2025-06-01T18:44:13.853+0000][gc,heap     ] GC(98) Archive regions: 2->2
[2025-06-01T18:44:13.853+0000][gc,heap     ] GC(98) Humongous regions: 129->129
[2025-06-01T18:44:13.854+0000][gc,metaspace] GC(98) Metaspace: 44763K(45312K)->44763K(45312K) NonClass: 39550K(39872K)->39550K(39872K) Class: 5213K(5440K)->5213K(5440K)
[2025-06-01T18:44:13.854+0000][gc          ] GC(98) Pause Young (Normal) (G1 Evacuation Pause) 305M->263M(1024M) 142.221ms
[2025-06-01T18:44:13.854+0000][gc,cpu      ] GC(98) User=0.13s Sys=0.01s Real=0.14s
[2025-06-01T18:46:27.764+0000][gc,start    ] GC(99) Pause Young (Normal) (G1 Evacuation Pause)
[2025-06-01T18:46:27.768+0000][gc,task     ] GC(99) Using 1 workers of 1 for evacuation
[2025-06-01T18:46:27.858+0000][gc,mmu      ] GC(99) MMU target violated: 21.0ms (20.0ms/21.0ms)
[2025-06-01T18:46:27.858+0000][gc,phases   ] GC(99)   Pre Evacuate Collection Set: 11.4ms
[2025-06-01T18:46:27.858+0000][gc,phases   ] GC(99)   Merge Heap Roots: 1.1ms
[2025-06-01T18:46:27.858+0000][gc,phases   ] GC(99)   Evacuate Collection Set: 73.7ms
[2025-06-01T18:46:27.858+0000][gc,phases   ] GC(99)   Post Evacuate Collection Set: 3.6ms
[2025-06-01T18:46:27.858+0000][gc,phases   ] GC(99)   Other: 5.2ms
[2025-06-01T18:46:27.858+0000][gc,heap     ] GC(99) Eden regions: 46->0(48)
[2025-06-01T18:46:27.859+0000][gc,heap     ] GC(99) Survivor regions: 5->3(7)
[2025-06-01T18:46:27.859+0000][gc,heap     ] GC(99) Old regions: 130->132
[2025-06-01T18:46:27.859+0000][gc,heap     ] GC(99) Archive regions: 2->2
[2025-06-01T18:46:27.859+0000][gc,heap     ] GC(99) Humongous regions: 129->129
[2025-06-01T18:46:27.859+0000][gc,metaspace] GC(99) Metaspace: 44764K(45312K)->44764K(45312K) NonClass: 39550K(39872K)->39550K(39872K) Class: 5213K(5440K)->5213K(5440K)
[2025-06-01T18:46:27.859+0000][gc          ] GC(99) Pause Young (Normal) (G1 Evacuation Pause) 309M->264M(1024M) 95.150ms
[2025-06-01T18:46:27.859+0000][gc,cpu      ] GC(99) User=0.08s Sys=0.00s Real=0.10s
[2025-06-01T18:48:45.845+0000][gc,start    ] GC(100) Pause Young (Normal) (G1 Evacuation Pause)
[2025-06-01T18:48:45.847+0000][gc,task     ] GC(100) Using 1 workers of 1 for evacuation
[2025-06-01T18:48:45.962+0000][gc,mmu      ] GC(100) MMU target violated: 21.0ms (20.0ms/21.0ms)
[2025-06-01T18:48:45.962+0000][gc,phases   ] GC(100)   Pre Evacuate Collection Set: 12.5ms
[2025-06-01T18:48:45.962+0000][gc,phases   ] GC(100)   Merge Heap Roots: 2.0ms
[2025-06-01T18:48:45.962+0000][gc,phases   ] GC(100)   Evacuate Collection Set: 93.9ms
[2025-06-01T18:48:45.963+0000][gc,phases   ] GC(100)   Post Evacuate Collection Set: 5.8ms
[2025-06-01T18:48:45.963+0000][gc,phases   ] GC(100)   Other: 4.1ms
[2025-06-01T18:48:45.963+0000][gc,heap     ] GC(100) Eden regions: 48->0(44)
[2025-06-01T18:48:45.963+0000][gc,heap     ] GC(100) Survivor regions: 3->7(7)
[2025-06-01T18:48:45.963+0000][gc,heap     ] GC(100) Old regions: 132->132
[2025-06-01T18:48:45.963+0000][gc,heap     ] GC(100) Archive regions: 2->2
[2025-06-01T18:48:45.963+0000][gc,heap     ] GC(100) Humongous regions: 129->129
[2025-06-01T18:48:45.963+0000][gc,metaspace] GC(100) Metaspace: 44764K(45312K)->44764K(45312K) NonClass: 39550K(39872K)->39550K(39872K) Class: 5213K(5440K)->5213K(5440K)
[2025-06-01T18:48:45.963+0000][gc          ] GC(100) Pause Young (Normal) (G1 Evacuation Pause) 312M->268M(1024M) 118.360ms
[2025-06-01T18:48:45.963+0000][gc,cpu      ] GC(100) User=0.11s Sys=0.00s Real=0.12s
[2025-06-01T18:50:54.488+0000][gc,start    ] GC(101) Pause Young (Normal) (G1 Evacuation Pause)
[2025-06-01T18:50:54.490+0000][gc,task     ] GC(101) Using 1 workers of 1 for evacuation
[2025-06-01T18:50:54.591+0000][gc,mmu      ] GC(101) MMU target violated: 21.0ms (20.0ms/21.0ms)
[2025-06-01T18:50:54.591+0000][gc,phases   ] GC(101)   Pre Evacuate Collection Set: 4.5ms
[2025-06-01T18:50:54.591+0000][gc,phases   ] GC(101)   Merge Heap Roots: 0.8ms
[2025-06-01T18:50:54.591+0000][gc,phases   ] GC(101)   Evacuate Collection Set: 92.3ms
[2025-06-01T18:50:54.591+0000][gc,phases   ] GC(101)   Post Evacuate Collection Set: 3.2ms
[2025-06-01T18:50:54.591+0000][gc,phases   ] GC(101)   Other: 2.3ms
[2025-06-01T18:50:54.591+0000][gc,heap     ] GC(101) Eden regions: 44->0(46)
[2025-06-01T18:50:54.591+0000][gc,heap     ] GC(101) Survivor regions: 7->5(7)
[2025-06-01T18:50:54.591+0000][gc,heap     ] GC(101) Old regions: 132->137
[2025-06-01T18:50:54.591+0000][gc,heap     ] GC(101) Archive regions: 2->2
[2025-06-01T18:50:54.591+0000][gc,heap     ] GC(101) Humongous regions: 129->129
[2025-06-01T18:50:54.591+0000][gc,metaspace] GC(101) Metaspace: 44772K(45312K)->44772K(45312K) NonClass: 39558K(39872K)->39558K(39872K) Class: 5213K(5440K)->5213K(5440K)
[2025-06-01T18:50:54.591+0000][gc          ] GC(101) Pause Young (Normal) (G1 Evacuation Pause) 312M->270M(1024M) 103.192ms
[2025-06-01T18:50:54.591+0000][gc,cpu      ] GC(101) User=0.08s Sys=0.02s Real=0.10s
[2025-06-01T18:53:09.246+0000][gc,start    ] GC(102) Pause Young (Normal) (G1 Evacuation Pause)
[2025-06-01T18:53:09.248+0000][gc,task     ] GC(102) Using 1 workers of 1 for evacuation
[2025-06-01T18:53:09.346+0000][gc,mmu      ] GC(102) MMU target violated: 21.0ms (20.0ms/21.0ms)
[2025-06-01T18:53:09.346+0000][gc,phases   ] GC(102)   Pre Evacuate Collection Set: 12.7ms
[2025-06-01T18:53:09.346+0000][gc,phases   ] GC(102)   Merge Heap Roots: 1.4ms
[2025-06-01T18:53:09.346+0000][gc,phases   ] GC(102)   Evacuate Collection Set: 74.4ms
[2025-06-01T18:53:09.346+0000][gc,phases   ] GC(102)   Post Evacuate Collection Set: 8.2ms
[2025-06-01T18:53:09.346+0000][gc,phases   ] GC(102)   Other: 4.5ms
[2025-06-01T18:53:09.346+0000][gc,heap     ] GC(102) Eden regions: 46->0(48)
[2025-06-01T18:53:09.346+0000][gc,heap     ] GC(102) Survivor regions: 5->3(7)
[2025-06-01T18:53:09.346+0000][gc,heap     ] GC(102) Old regions: 137->139
[2025-06-01T18:53:09.346+0000][gc,heap     ] GC(102) Archive regions: 2->2
[2025-06-01T18:53:09.346+0000][gc,heap     ] GC(102) Humongous regions: 129->129
[2025-06-01T18:53:09.346+0000][gc,metaspace] GC(102) Metaspace: 44774K(45312K)->44774K(45312K) NonClass: 39561K(39872K)->39561K(39872K) Class: 5213K(5440K)->5213K(5440K)
[2025-06-01T18:53:09.347+0000][gc          ] GC(102) Pause Young (Normal) (G1 Evacuation Pause) 316M->271M(1024M) 100.900ms
[2025-06-01T18:53:09.347+0000][gc,cpu      ] GC(102) User=0.09s Sys=0.01s Real=0.10s
[2025-06-01T18:55:27.527+0000][gc,start    ] GC(103) Pause Young (Normal) (G1 Evacuation Pause)
[2025-06-01T18:55:27.529+0000][gc,task     ] GC(103) Using 1 workers of 1 for evacuation
[2025-06-01T18:55:27.631+0000][gc,mmu      ] GC(103) MMU target violated: 21.0ms (20.0ms/21.0ms)
[2025-06-01T18:55:27.631+0000][gc,phases   ] GC(103)   Pre Evacuate Collection Set: 12.3ms
[2025-06-01T18:55:27.631+0000][gc,phases   ] GC(103)   Merge Heap Roots: 1.3ms
[2025-06-01T18:55:27.631+0000][gc,phases   ] GC(103)   Evacuate Collection Set: 77.4ms
[2025-06-01T18:55:27.631+0000][gc,phases   ] GC(103)   Post Evacuate Collection Set: 9.0ms
[2025-06-01T18:55:27.631+0000][gc,phases   ] GC(103)   Other: 4.4ms
[2025-06-01T18:55:27.631+0000][gc,heap     ] GC(103) Eden regions: 48->0(45)
[2025-06-01T18:55:27.631+0000][gc,heap     ] GC(103) Survivor regions: 3->6(7)
[2025-06-01T18:55:27.631+0000][gc,heap     ] GC(103) Old regions: 139->139
[2025-06-01T18:55:27.631+0000][gc,heap     ] GC(103) Archive regions: 2->2
[2025-06-01T18:55:27.631+0000][gc,heap     ] GC(103) Humongous regions: 129->129
[2025-06-01T18:55:27.631+0000][gc,metaspace] GC(103) Metaspace: 44781K(45312K)->44781K(45312K) NonClass: 39567K(39872K)->39567K(39872K) Class: 5213K(5440K)->5213K(5440K)
[2025-06-01T18:55:27.631+0000][gc          ] GC(103) Pause Young (Normal) (G1 Evacuation Pause) 319M->274M(1024M) 104.367ms
[2025-06-01T18:55:27.631+0000][gc,cpu      ] GC(103) User=0.10s Sys=0.00s Real=0.10s
[2025-06-01T18:57:38.839+0000][gc,start    ] GC(104) Pause Young (Normal) (G1 Evacuation Pause)
[2025-06-01T18:57:38.841+0000][gc,task     ] GC(104) Using 1 workers of 1 for evacuation
[2025-06-01T18:57:38.958+0000][gc,mmu      ] GC(104) MMU target violated: 21.0ms (20.0ms/21.0ms)
[2025-06-01T18:57:38.958+0000][gc,phases   ] GC(104)   Pre Evacuate Collection Set: 3.8ms
[2025-06-01T18:57:38.958+0000][gc,phases   ] GC(104)   Merge Heap Roots: 0.7ms
[2025-06-01T18:57:38.958+0000][gc,phases   ] GC(104)   Evacuate Collection Set: 105.4ms
[2025-06-01T18:57:38.958+0000][gc,phases   ] GC(104)   Post Evacuate Collection Set: 5.9ms
[2025-06-01T18:57:38.958+0000][gc,phases   ] GC(104)   Other: 3.1ms
[2025-06-01T18:57:38.959+0000][gc,heap     ] GC(104) Eden regions: 45->0(46)
[2025-06-01T18:57:38.959+0000][gc,heap     ] GC(104) Survivor regions: 6->5(7)
[2025-06-01T18:57:38.959+0000][gc,heap     ] GC(104) Old regions: 139->144
[2025-06-01T18:57:38.959+0000][gc,heap     ] GC(104) Archive regions: 2->2
[2025-06-01T18:57:38.959+0000][gc,heap     ] GC(104) Humongous regions: 129->129
[2025-06-01T18:57:38.959+0000][gc,metaspace] GC(104) Metaspace: 44781K(45312K)->44781K(45312K) NonClass: 39567K(39872K)->39567K(39872K) Class: 5213K(5440K)->5213K(5440K)
[2025-06-01T18:57:38.959+0000][gc          ] GC(104) Pause Young (Normal) (G1 Evacuation Pause) 319M->277M(1024M) 119.675ms
[2025-06-01T18:57:38.959+0000][gc,cpu      ] GC(104) User=0.10s Sys=0.01s Real=0.12s
[2025-06-01T18:59:50.082+0000][gc,start    ] GC(105) Pause Young (Normal) (G1 Evacuation Pause)
[2025-06-01T18:59:50.086+0000][gc,task     ] GC(105) Using 1 workers of 1 for evacuation
[2025-06-01T18:59:50.183+0000][gc,mmu      ] GC(105) MMU target violated: 21.0ms (20.0ms/21.0ms)
[2025-06-01T18:59:50.183+0000][gc,phases   ] GC(105)   Pre Evacuate Collection Set: 6.4ms
[2025-06-01T18:59:50.183+0000][gc,phases   ] GC(105)   Merge Heap Roots: 1.4ms
[2025-06-01T18:59:50.183+0000][gc,phases   ] GC(105)   Evacuate Collection Set: 81.7ms
[2025-06-01T18:59:50.183+0000][gc,phases   ] GC(105)   Post Evacuate Collection Set: 4.7ms
[2025-06-01T18:59:50.183+0000][gc,phases   ] GC(105)   Other: 7.7ms
[2025-06-01T18:59:50.183+0000][gc,heap     ] GC(105) Eden regions: 46->0(48)
[2025-06-01T18:59:50.183+0000][gc,heap     ] GC(105) Survivor regions: 5->3(7)
[2025-06-01T18:59:50.184+0000][gc,heap     ] GC(105) Old regions: 144->146
[2025-06-01T18:59:50.184+0000][gc,heap     ] GC(105) Archive regions: 2->2
[2025-06-01T18:59:50.184+0000][gc,heap     ] GC(105) Humongous regions: 129->129
[2025-06-01T18:59:50.184+0000][gc,metaspace] GC(105) Metaspace: 44781K(45312K)->44781K(45312K) NonClass: 39567K(39872K)->39567K(39872K) Class: 5213K(5440K)->5213K(5440K)
[2025-06-01T18:59:50.184+0000][gc          ] GC(105) Pause Young (Normal) (G1 Evacuation Pause) 323M->278M(1024M) 102.475ms
[2025-06-01T18:59:50.184+0000][gc,cpu      ] GC(105) User=0.08s Sys=0.02s Real=0.11s
[2025-06-01T19:02:10.754+0000][gc,start    ] GC(106) Pause Young (Normal) (G1 Evacuation Pause)
[2025-06-01T19:02:10.757+0000][gc,task     ] GC(106) Using 1 workers of 1 for evacuation
[2025-06-01T19:02:10.855+0000][gc,mmu      ] GC(106) MMU target violated: 21.0ms (20.0ms/21.0ms)
[2025-06-01T19:02:10.855+0000][gc,phases   ] GC(106)   Pre Evacuate Collection Set: 8.7ms
[2025-06-01T19:02:10.855+0000][gc,phases   ] GC(106)   Merge Heap Roots: 1.1ms
[2025-06-01T19:02:10.855+0000][gc,phases   ] GC(106)   Evacuate Collection Set: 84.4ms
[2025-06-01T19:02:10.855+0000][gc,phases   ] GC(106)   Post Evacuate Collection Set: 3.6ms
[2025-06-01T19:02:10.855+0000][gc,phases   ] GC(106)   Other: 3.5ms
[2025-06-01T19:02:10.855+0000][gc,heap     ] GC(106) Eden regions: 48->0(45)
[2025-06-01T19:02:10.855+0000][gc,heap     ] GC(106) Survivor regions: 3->6(7)
[2025-06-01T19:02:10.855+0000][gc,heap     ] GC(106) Old regions: 146->146
[2025-06-01T19:02:10.856+0000][gc,heap     ] GC(106) Archive regions: 2->2
[2025-06-01T19:02:10.856+0000][gc,heap     ] GC(106) Humongous regions: 129->129
[2025-06-01T19:02:10.856+0000][gc,metaspace] GC(106) Metaspace: 44801K(45312K)->44801K(45312K) NonClass: 39587K(39872K)->39587K(39872K) Class: 5213K(5440K)->5213K(5440K)
[2025-06-01T19:02:10.856+0000][gc          ] GC(106) Pause Young (Normal) (G1 Evacuation Pause) 326M->281M(1024M) 101.494ms
[2025-06-01T19:02:10.856+0000][gc,cpu      ] GC(106) User=0.10s Sys=0.00s Real=0.10s
[2025-06-01T19:04:20.074+0000][gc,start    ] GC(107) Pause Young (Normal) (G1 Evacuation Pause)
[2025-06-01T19:04:20.076+0000][gc,task     ] GC(107) Using 1 workers of 1 for evacuation
[2025-06-01T19:04:20.193+0000][gc,mmu      ] GC(107) MMU target violated: 21.0ms (20.0ms/21.0ms)
[2025-06-01T19:04:20.193+0000][gc,phases   ] GC(107)   Pre Evacuate Collection Set: 7.2ms
[2025-06-01T19:04:20.193+0000][gc,phases   ] GC(107)   Merge Heap Roots: 0.8ms
[2025-06-01T19:04:20.193+0000][gc,phases   ] GC(107)   Evacuate Collection Set: 103.5ms
[2025-06-01T19:04:20.193+0000][gc,phases   ] GC(107)   Post Evacuate Collection Set: 5.4ms
[2025-06-01T19:04:20.193+0000][gc,phases   ] GC(107)   Other: 2.8ms
[2025-06-01T19:04:20.193+0000][gc,heap     ] GC(107) Eden regions: 45->0(46)
[2025-06-01T19:04:20.193+0000][gc,heap     ] GC(107) Survivor regions: 6->5(7)
[2025-06-01T19:04:20.193+0000][gc,heap     ] GC(107) Old regions: 146->151
[2025-06-01T19:04:20.193+0000][gc,heap     ] GC(107) Archive regions: 2->2
[2025-06-01T19:04:20.193+0000][gc,heap     ] GC(107) Humongous regions: 129->129
[2025-06-01T19:04:20.194+0000][gc,metaspace] GC(107) Metaspace: 44801K(45312K)->44801K(45312K) NonClass: 39587K(39872K)->39587K(39872K) Class: 5213K(5440K)->5213K(5440K)
[2025-06-01T19:04:20.194+0000][gc          ] GC(107) Pause Young (Normal) (G1 Evacuation Pause) 326M->284M(1024M) 120.010ms
[2025-06-01T19:04:20.194+0000][gc,cpu      ] GC(107) User=0.11s Sys=0.02s Real=0.12s
[2025-06-01T19:06:35.028+0000][gc,start    ] GC(108) Pause Young (Normal) (G1 Evacuation Pause)
[2025-06-01T19:06:35.030+0000][gc,task     ] GC(108) Using 1 workers of 1 for evacuation
[2025-06-01T19:06:35.112+0000][gc,mmu      ] GC(108) MMU target violated: 21.0ms (20.0ms/21.0ms)
[2025-06-01T19:06:35.113+0000][gc,phases   ] GC(108)   Pre Evacuate Collection Set: 12.7ms
[2025-06-01T19:06:35.113+0000][gc,phases   ] GC(108)   Merge Heap Roots: 1.0ms
[2025-06-01T19:06:35.113+0000][gc,phases   ] GC(108)   Evacuate Collection Set: 63.2ms
[2025-06-01T19:06:35.113+0000][gc,phases   ] GC(108)   Post Evacuate Collection Set: 4.4ms
[2025-06-01T19:06:35.113+0000][gc,phases   ] GC(108)   Other: 3.9ms
[2025-06-01T19:06:35.113+0000][gc,heap     ] GC(108) Eden regions: 46->0(48)
[2025-06-01T19:06:35.113+0000][gc,heap     ] GC(108) Survivor regions: 5->3(7)
[2025-06-01T19:06:35.113+0000][gc,heap     ] GC(108) Old regions: 151->153
[2025-06-01T19:06:35.113+0000][gc,heap     ] GC(108) Archive regions: 2->2
[2025-06-01T19:06:35.113+0000][gc,heap     ] GC(108) Humongous regions: 129->129
[2025-06-01T19:06:35.114+0000][gc,metaspace] GC(108) Metaspace: 44801K(45312K)->44801K(45312K) NonClass: 39587K(39872K)->39587K(39872K) Class: 5213K(5440K)->5213K(5440K)
[2025-06-01T19:06:35.114+0000][gc          ] GC(108) Pause Young (Normal) (G1 Evacuation Pause) 330M->285M(1024M) 86.020ms
[2025-06-01T19:06:35.114+0000][gc,cpu      ] GC(108) User=0.07s Sys=0.01s Real=0.08s
[2025-06-01T19:08:52.751+0000][gc,start    ] GC(109) Pause Young (Normal) (G1 Evacuation Pause)
[2025-06-01T19:08:52.754+0000][gc,task     ] GC(109) Using 1 workers of 1 for evacuation
[2025-06-01T19:08:52.869+0000][gc,mmu      ] GC(109) MMU target violated: 21.0ms (20.0ms/21.0ms)
[2025-06-01T19:08:52.870+0000][gc,phases   ] GC(109)   Pre Evacuate Collection Set: 10.9ms
[2025-06-01T19:08:52.870+0000][gc,phases   ] GC(109)   Merge Heap Roots: 0.9ms
[2025-06-01T19:08:52.870+0000][gc,phases   ] GC(109)   Evacuate Collection Set: 92.0ms
[2025-06-01T19:08:52.870+0000][gc,phases   ] GC(109)   Post Evacuate Collection Set: 7.2ms
[2025-06-01T19:08:52.870+0000][gc,phases   ] GC(109)   Other: 8.7ms
[2025-06-01T19:08:52.870+0000][gc,heap     ] GC(109) Eden regions: 48->0(45)
[2025-06-01T19:08:52.870+0000][gc,heap     ] GC(109) Survivor regions: 3->6(7)
[2025-06-01T19:08:52.870+0000][gc,heap     ] GC(109) Old regions: 153->153
[2025-06-01T19:08:52.870+0000][gc,heap     ] GC(109) Archive regions: 2->2
[2025-06-01T19:08:52.870+0000][gc,heap     ] GC(109) Humongous regions: 129->129
[2025-06-01T19:08:52.870+0000][gc,metaspace] GC(109) Metaspace: 44807K(45312K)->44807K(45312K) NonClass: 39593K(39872K)->39593K(39872K) Class: 5213K(5440K)->5213K(5440K)
[2025-06-01T19:08:52.870+0000][gc          ] GC(109) Pause Young (Normal) (G1 Evacuation Pause) 333M->288M(1024M) 119.479ms
[2025-06-01T19:08:52.870+0000][gc,cpu      ] GC(109) User=0.11s Sys=0.00s Real=0.12s
[2025-06-01T19:11:05.416+0000][gc,start    ] GC(110) Pause Young (Normal) (G1 Evacuation Pause)
[2025-06-01T19:11:05.418+0000][gc,task     ] GC(110) Using 1 workers of 1 for evacuation
[2025-06-01T19:11:05.543+0000][gc,mmu      ] GC(110) MMU target violated: 21.0ms (20.0ms/21.0ms)
[2025-06-01T19:11:05.543+0000][gc,phases   ] GC(110)   Pre Evacuate Collection Set: 13.2ms
[2025-06-01T19:11:05.543+0000][gc,phases   ] GC(110)   Merge Heap Roots: 0.8ms
[2025-06-01T19:11:05.543+0000][gc,phases   ] GC(110)   Evacuate Collection Set: 99.7ms
[2025-06-01T19:11:05.543+0000][gc,phases   ] GC(110)   Post Evacuate Collection Set: 9.2ms
[2025-06-01T19:11:05.543+0000][gc,phases   ] GC(110)   Other: 4.0ms
[2025-06-01T19:11:05.543+0000][gc,heap     ] GC(110) Eden regions: 45->0(44)
[2025-06-01T19:11:05.543+0000][gc,heap     ] GC(110) Survivor regions: 6->7(7)
[2025-06-01T19:11:05.543+0000][gc,heap     ] GC(110) Old regions: 153->156
[2025-06-01T19:11:05.543+0000][gc,heap     ] GC(110) Archive regions: 2->2
[2025-06-01T19:11:05.543+0000][gc,heap     ] GC(110) Humongous regions: 129->129
[2025-06-01T19:11:05.543+0000][gc,metaspace] GC(110) Metaspace: 44807K(45312K)->44807K(45312K) NonClass: 39593K(39872K)->39593K(39872K) Class: 5213K(5440K)->5213K(5440K)
[2025-06-01T19:11:05.543+0000][gc          ] GC(110) Pause Young (Normal) (G1 Evacuation Pause) 333M->291M(1024M) 126.997ms
[2025-06-01T19:11:05.543+0000][gc,cpu      ] GC(110) User=0.12s Sys=0.01s Real=0.13s
[2025-06-01T19:13:13.598+0000][gc,start    ] GC(111) Pause Young (Normal) (G1 Evacuation Pause)
[2025-06-01T19:13:13.602+0000][gc,task     ] GC(111) Using 1 workers of 1 for evacuation
[2025-06-01T19:13:13.768+0000][gc,mmu      ] GC(111) MMU target violated: 21.0ms (20.0ms/21.0ms)
[2025-06-01T19:13:13.768+0000][gc,phases   ] GC(111)   Pre Evacuate Collection Set: 7.7ms
[2025-06-01T19:13:13.768+0000][gc,phases   ] GC(111)   Merge Heap Roots: 0.7ms
[2025-06-01T19:13:13.768+0000][gc,phases   ] GC(111)   Evacuate Collection Set: 151.8ms
[2025-06-01T19:13:13.768+0000][gc,phases   ] GC(111)   Post Evacuate Collection Set: 4.7ms
[2025-06-01T19:13:13.768+0000][gc,phases   ] GC(111)   Other: 4.9ms
[2025-06-01T19:13:13.768+0000][gc,heap     ] GC(111) Eden regions: 44->0(46)
[2025-06-01T19:13:13.768+0000][gc,heap     ] GC(111) Survivor regions: 7->5(7)
[2025-06-01T19:13:13.768+0000][gc,heap     ] GC(111) Old regions: 156->160
[2025-06-01T19:13:13.769+0000][gc,heap     ] GC(111) Archive regions: 2->2
[2025-06-01T19:13:13.769+0000][gc,heap     ] GC(111) Humongous regions: 129->129
[2025-06-01T19:13:13.769+0000][gc,metaspace] GC(111) Metaspace: 44817K(45376K)->44817K(45376K) NonClass: 39603K(39936K)->39603K(39936K) Class: 5213K(5440K)->5213K(5440K)
[2025-06-01T19:13:13.769+0000][gc          ] GC(111) Pause Young (Normal) (G1 Evacuation Pause) 335M->294M(1024M) 170.407ms
[2025-06-01T19:13:13.769+0000][gc,cpu      ] GC(111) User=0.11s Sys=0.02s Real=0.17s
[2025-06-01T19:15:13.671+0000][gc,start    ] GC(112) Pause Young (Normal) (G1 Evacuation Pause)
[2025-06-01T19:15:13.698+0000][gc,task     ] GC(112) Using 1 workers of 1 for evacuation
[2025-06-01T19:15:13.814+0000][gc,mmu      ] GC(112) MMU target violated: 21.0ms (20.0ms/21.0ms)
[2025-06-01T19:15:13.814+0000][gc,phases   ] GC(112)   Pre Evacuate Collection Set: 8.2ms
[2025-06-01T19:15:13.814+0000][gc,phases   ] GC(112)   Merge Heap Roots: 0.5ms
[2025-06-01T19:15:13.814+0000][gc,phases   ] GC(112)   Evacuate Collection Set: 102.6ms
[2025-06-01T19:15:13.814+0000][gc,phases   ] GC(112)   Post Evacuate Collection Set: 4.2ms
[2025-06-01T19:15:13.814+0000][gc,phases   ] GC(112)   Other: 31.3ms
[2025-06-01T19:15:13.814+0000][gc,heap     ] GC(112) Eden regions: 46->0(45)
[2025-06-01T19:15:13.814+0000][gc,heap     ] GC(112) Survivor regions: 5->6(7)
[2025-06-01T19:15:13.814+0000][gc,heap     ] GC(112) Old regions: 160->163
[2025-06-01T19:15:13.814+0000][gc,heap     ] GC(112) Archive regions: 2->2
[2025-06-01T19:15:13.814+0000][gc,heap     ] GC(112) Humongous regions: 129->129
[2025-06-01T19:15:13.814+0000][gc,metaspace] GC(112) Metaspace: 44817K(45376K)->44817K(45376K) NonClass: 39603K(39936K)->39603K(39936K) Class: 5213K(5440K)->5213K(5440K)
[2025-06-01T19:15:13.814+0000][gc          ] GC(112) Pause Young (Normal) (G1 Evacuation Pause) 340M->298M(1024M) 143.373ms
[2025-06-01T19:15:13.814+0000][gc,cpu      ] GC(112) User=0.10s Sys=0.01s Real=0.14s
[2025-06-01T19:17:20.025+0000][gc,start    ] GC(113) Pause Young (Normal) (G1 Evacuation Pause)
[2025-06-01T19:17:20.028+0000][gc,task     ] GC(113) Using 1 workers of 1 for evacuation
[2025-06-01T19:17:20.197+0000][gc,mmu      ] GC(113) MMU target violated: 21.0ms (20.0ms/21.0ms)
[2025-06-01T19:17:20.198+0000][gc,phases   ] GC(113)   Pre Evacuate Collection Set: 8.7ms
[2025-06-01T19:17:20.198+0000][gc,phases   ] GC(113)   Merge Heap Roots: 2.4ms
[2025-06-01T19:17:20.199+0000][gc,phases   ] GC(113)   Evacuate Collection Set: 144.2ms
[2025-06-01T19:17:20.199+0000][gc,phases   ] GC(113)   Post Evacuate Collection Set: 12.1ms
[2025-06-01T19:17:20.200+0000][gc,phases   ] GC(113)   Other: 6.0ms
[2025-06-01T19:17:20.200+0000][gc,heap     ] GC(113) Eden regions: 45->0(48)
[2025-06-01T19:17:20.200+0000][gc,heap     ] GC(113) Survivor regions: 6->3(7)
[2025-06-01T19:17:20.200+0000][gc,heap     ] GC(113) Old regions: 163->167
[2025-06-01T19:17:20.200+0000][gc,heap     ] GC(113) Archive regions: 2->2
[2025-06-01T19:17:20.200+0000][gc,heap     ] GC(113) Humongous regions: 129->129
[2025-06-01T19:17:20.201+0000][gc,metaspace] GC(113) Metaspace: 44818K(45376K)->44818K(45376K) NonClass: 39604K(39936K)->39604K(39936K) Class: 5213K(5440K)->5213K(5440K)
[2025-06-01T19:17:20.203+0000][gc          ] GC(113) Pause Young (Normal) (G1 Evacuation Pause) 343M->299M(1024M) 178.165ms
[2025-06-01T19:17:20.204+0000][gc,cpu      ] GC(113) User=0.14s Sys=0.04s Real=0.18s
[2025-06-01T19:19:40.675+0000][gc,start    ] GC(114) Pause Young (Normal) (G1 Evacuation Pause)
[2025-06-01T19:19:40.677+0000][gc,task     ] GC(114) Using 1 workers of 1 for evacuation
[2025-06-01T19:19:40.787+0000][gc,mmu      ] GC(114) MMU target violated: 21.0ms (20.0ms/21.0ms)
[2025-06-01T19:19:40.787+0000][gc,phases   ] GC(114)   Pre Evacuate Collection Set: 7.8ms
[2025-06-01T19:19:40.787+0000][gc,phases   ] GC(114)   Merge Heap Roots: 4.1ms
[2025-06-01T19:19:40.787+0000][gc,phases   ] GC(114)   Evacuate Collection Set: 91.1ms
[2025-06-01T19:19:40.787+0000][gc,phases   ] GC(114)   Post Evacuate Collection Set: 6.6ms
[2025-06-01T19:19:40.787+0000][gc,phases   ] GC(114)   Other: 3.0ms
[2025-06-01T19:19:40.787+0000][gc,heap     ] GC(114) Eden regions: 48->0(44)
[2025-06-01T19:19:40.787+0000][gc,heap     ] GC(114) Survivor regions: 3->7(7)
[2025-06-01T19:19:40.787+0000][gc,heap     ] GC(114) Old regions: 167->167
[2025-06-01T19:19:40.787+0000][gc,heap     ] GC(114) Archive regions: 2->2
[2025-06-01T19:19:40.788+0000][gc,heap     ] GC(114) Humongous regions: 129->129
[2025-06-01T19:19:40.788+0000][gc,metaspace] GC(114) Metaspace: 44819K(45376K)->44819K(45376K) NonClass: 39605K(39936K)->39605K(39936K) Class: 5213K(5440K)->5213K(5440K)
[2025-06-01T19:19:40.788+0000][gc          ] GC(114) Pause Young (Normal) (G1 Evacuation Pause) 347M->303M(1024M) 112.669ms
[2025-06-01T19:19:40.788+0000][gc,cpu      ] GC(114) User=0.11s Sys=0.00s Real=0.11s
[2025-06-01T19:21:45.083+0000][gc,start    ] GC(115) Pause Young (Normal) (G1 Evacuation Pause)
[2025-06-01T19:21:45.090+0000][gc,task     ] GC(115) Using 1 workers of 1 for evacuation
[2025-06-01T19:21:45.210+0000][gc,mmu      ] GC(115) MMU target violated: 21.0ms (20.0ms/21.0ms)
[2025-06-01T19:21:45.210+0000][gc,phases   ] GC(115)   Pre Evacuate Collection Set: 4.7ms
[2025-06-01T19:21:45.210+0000][gc,phases   ] GC(115)   Merge Heap Roots: 1.4ms
[2025-06-01T19:21:45.210+0000][gc,phases   ] GC(115)   Evacuate Collection Set: 108.6ms
[2025-06-01T19:21:45.210+0000][gc,phases   ] GC(115)   Post Evacuate Collection Set: 4.4ms
[2025-06-01T19:21:45.210+0000][gc,phases   ] GC(115)   Other: 9.1ms
[2025-06-01T19:21:45.210+0000][gc,heap     ] GC(115) Eden regions: 44->0(46)
[2025-06-01T19:21:45.210+0000][gc,heap     ] GC(115) Survivor regions: 7->5(7)
[2025-06-01T19:21:45.210+0000][gc,heap     ] GC(115) Old regions: 167->172
[2025-06-01T19:21:45.210+0000][gc,heap     ] GC(115) Archive regions: 2->2
[2025-06-01T19:21:45.210+0000][gc,heap     ] GC(115) Humongous regions: 129->129
[2025-06-01T19:21:45.210+0000][gc,metaspace] GC(115) Metaspace: 44822K(45376K)->44822K(45376K) NonClass: 39608K(39936K)->39608K(39936K) Class: 5213K(5440K)->5213K(5440K)
[2025-06-01T19:21:45.211+0000][gc          ] GC(115) Pause Young (Normal) (G1 Evacuation Pause) 347M->306M(1024M) 128.115ms
[2025-06-01T19:21:45.211+0000][gc,cpu      ] GC(115) User=0.10s Sys=0.02s Real=0.13s
[2025-06-01T19:24:00.733+0000][gc,start    ] GC(116) Pause Young (Normal) (G1 Evacuation Pause)
[2025-06-01T19:24:00.736+0000][gc,task     ] GC(116) Using 1 workers of 1 for evacuation
[2025-06-01T19:24:00.834+0000][gc,mmu      ] GC(116) MMU target violated: 21.0ms (20.0ms/21.0ms)
[2025-06-01T19:24:00.835+0000][gc,phases   ] GC(116)   Pre Evacuate Collection Set: 10.1ms
[2025-06-01T19:24:00.835+0000][gc,phases   ] GC(116)   Merge Heap Roots: 1.5ms
[2025-06-01T19:24:00.835+0000][gc,phases   ] GC(116)   Evacuate Collection Set: 77.9ms
[2025-06-01T19:24:00.836+0000][gc,phases   ] GC(116)   Post Evacuate Collection Set: 8.2ms
[2025-06-01T19:24:00.836+0000][gc,phases   ] GC(116)   Other: 4.8ms
[2025-06-01T19:24:00.836+0000][gc,heap     ] GC(116) Eden regions: 46->0(48)
[2025-06-01T19:24:00.836+0000][gc,heap     ] GC(116) Survivor regions: 5->3(7)
[2025-06-01T19:24:00.836+0000][gc,heap     ] GC(116) Old regions: 172->174
[2025-06-01T19:24:00.836+0000][gc,heap     ] GC(116) Archive regions: 2->2
[2025-06-01T19:24:00.836+0000][gc,heap     ] GC(116) Humongous regions: 129->129
[2025-06-01T19:24:00.837+0000][gc,metaspace] GC(116) Metaspace: 44847K(45376K)->44847K(45376K) NonClass: 39633K(39936K)->39633K(39936K) Class: 5213K(5440K)->5213K(5440K)
[2025-06-01T19:24:00.837+0000][gc          ] GC(116) Pause Young (Normal) (G1 Evacuation Pause) 352M->306M(1024M) 103.687ms
[2025-06-01T19:24:00.837+0000][gc,cpu      ] GC(116) User=0.09s Sys=0.01s Real=0.11s
[2025-06-01T19:26:19.976+0000][gc,start    ] GC(117) Pause Young (Normal) (G1 Evacuation Pause)
[2025-06-01T19:26:19.979+0000][gc,task     ] GC(117) Using 1 workers of 1 for evacuation
[2025-06-01T19:26:20.089+0000][gc,mmu      ] GC(117) MMU target violated: 21.0ms (20.0ms/21.0ms)
[2025-06-01T19:26:20.089+0000][gc,phases   ] GC(117)   Pre Evacuate Collection Set: 16.0ms
[2025-06-01T19:26:20.090+0000][gc,phases   ] GC(117)   Merge Heap Roots: 1.0ms
[2025-06-01T19:26:20.090+0000][gc,phases   ] GC(117)   Evacuate Collection Set: 88.2ms
[2025-06-01T19:26:20.090+0000][gc,phases   ] GC(117)   Post Evacuate Collection Set: 4.5ms
[2025-06-01T19:26:20.090+0000][gc,phases   ] GC(117)   Other: 3.5ms
[2025-06-01T19:26:20.090+0000][gc,heap     ] GC(117) Eden regions: 48->0(44)
[2025-06-01T19:26:20.090+0000][gc,heap     ] GC(117) Survivor regions: 3->7(7)
[2025-06-01T19:26:20.090+0000][gc,heap     ] GC(117) Old regions: 174->174
[2025-06-01T19:26:20.090+0000][gc,heap     ] GC(117) Archive regions: 2->2
[2025-06-01T19:26:20.090+0000][gc,heap     ] GC(117) Humongous regions: 129->129
[2025-06-01T19:26:20.090+0000][gc,metaspace] GC(117) Metaspace: 44859K(45376K)->44859K(45376K) NonClass: 39645K(39936K)->39645K(39936K) Class: 5213K(5440K)->5213K(5440K)
[2025-06-01T19:26:20.090+0000][gc          ] GC(117) Pause Young (Normal) (G1 Evacuation Pause) 354M->309M(1024M) 113.603ms
[2025-06-01T19:26:20.090+0000][gc,cpu      ] GC(117) User=0.12s Sys=0.00s Real=0.11s
[2025-06-01T19:28:28.477+0000][gc,start    ] GC(118) Pause Young (Normal) (G1 Evacuation Pause)
[2025-06-01T19:28:28.479+0000][gc,task     ] GC(118) Using 1 workers of 1 for evacuation
[2025-06-01T19:28:28.692+0000][gc,mmu      ] GC(118) MMU target violated: 21.0ms (20.0ms/21.0ms)
[2025-06-01T19:28:28.696+0000][gc,phases   ] GC(118)   Pre Evacuate Collection Set: 13.9ms
[2025-06-01T19:28:28.702+0000][gc,phases   ] GC(118)   Merge Heap Roots: 0.9ms
[2025-06-01T19:28:28.702+0000][gc,phases   ] GC(118)   Evacuate Collection Set: 187.1ms
[2025-06-01T19:28:28.702+0000][gc,phases   ] GC(118)   Post Evacuate Collection Set: 9.4ms
[2025-06-01T19:28:28.702+0000][gc,phases   ] GC(118)   Other: 7.6ms
[2025-06-01T19:28:28.702+0000][gc,heap     ] GC(118) Eden regions: 44->0(46)
[2025-06-01T19:28:28.704+0000][gc,heap     ] GC(118) Survivor regions: 7->5(7)
[2025-06-01T19:28:28.704+0000][gc,heap     ] GC(118) Old regions: 174->179
[2025-06-01T19:28:28.704+0000][gc,heap     ] GC(118) Archive regions: 2->2
[2025-06-01T19:28:28.704+0000][gc,heap     ] GC(118) Humongous regions: 129->129
[2025-06-01T19:28:28.705+0000][gc,metaspace] GC(118) Metaspace: 44870K(45440K)->44870K(45440K) NonClass: 39656K(40000K)->39656K(40000K) Class: 5213K(5440K)->5213K(5440K)
[2025-06-01T19:28:28.705+0000][gc          ] GC(118) Pause Young (Normal) (G1 Evacuation Pause) 353M->312M(1024M) 228.094ms
[2025-06-01T19:28:28.705+0000][gc,cpu      ] GC(118) User=0.19s Sys=0.03s Real=0.23s
[2025-06-01T19:30:43.561+0000][gc,start    ] GC(119) Pause Young (Normal) (G1 Evacuation Pause)
[2025-06-01T19:30:43.563+0000][gc,task     ] GC(119) Using 1 workers of 1 for evacuation
[2025-06-01T19:30:43.669+0000][gc,mmu      ] GC(119) MMU target violated: 21.0ms (20.0ms/21.0ms)
[2025-06-01T19:30:43.669+0000][gc,phases   ] GC(119)   Pre Evacuate Collection Set: 13.2ms
[2025-06-01T19:30:43.669+0000][gc,phases   ] GC(119)   Merge Heap Roots: 0.7ms
[2025-06-01T19:30:43.669+0000][gc,phases   ] GC(119)   Evacuate Collection Set: 87.0ms
[2025-06-01T19:30:43.669+0000][gc,phases   ] GC(119)   Post Evacuate Collection Set: 4.0ms
[2025-06-01T19:30:43.669+0000][gc,phases   ] GC(119)   Other: 3.5ms
[2025-06-01T19:30:43.669+0000][gc,heap     ] GC(119) Eden regions: 46->0(48)
[2025-06-01T19:30:43.669+0000][gc,heap     ] GC(119) Survivor regions: 5->3(7)
[2025-06-01T19:30:43.669+0000][gc,heap     ] GC(119) Old regions: 179->181
[2025-06-01T19:30:43.669+0000][gc,heap     ] GC(119) Archive regions: 2->2
[2025-06-01T19:30:43.669+0000][gc,heap     ] GC(119) Humongous regions: 129->129
[2025-06-01T19:30:43.669+0000][gc,metaspace] GC(119) Metaspace: 44870K(45440K)->44870K(45440K) NonClass: 39656K(40000K)->39656K(40000K) Class: 5213K(5440K)->5213K(5440K)
[2025-06-01T19:30:43.670+0000][gc          ] GC(119) Pause Young (Normal) (G1 Evacuation Pause) 358M->313M(1024M) 108.543ms
[2025-06-01T19:30:43.670+0000][gc,cpu      ] GC(119) User=0.10s Sys=0.01s Real=0.11s
[2025-06-01T19:33:03.195+0000][gc,start    ] GC(120) Pause Young (Normal) (G1 Evacuation Pause)
[2025-06-01T19:33:03.207+0000][gc,task     ] GC(120) Using 1 workers of 1 for evacuation
[2025-06-01T19:33:03.479+0000][gc,mmu      ] GC(120) MMU target violated: 21.0ms (20.0ms/21.0ms)
[2025-06-01T19:33:03.480+0000][gc,phases   ] GC(120)   Pre Evacuate Collection Set: 78.5ms
[2025-06-01T19:33:03.480+0000][gc,phases   ] GC(120)   Merge Heap Roots: 5.6ms
[2025-06-01T19:33:03.481+0000][gc,phases   ] GC(120)   Evacuate Collection Set: 168.7ms
[2025-06-01T19:33:03.481+0000][gc,phases   ] GC(120)   Post Evacuate Collection Set: 4.9ms
[2025-06-01T19:33:03.482+0000][gc,phases   ] GC(120)   Other: 28.0ms
[2025-06-01T19:33:03.482+0000][gc,heap     ] GC(120) Eden regions: 48->0(44)
[2025-06-01T19:33:03.483+0000][gc,heap     ] GC(120) Survivor regions: 3->7(7)
[2025-06-01T19:33:03.483+0000][gc,heap     ] GC(120) Old regions: 181->181
[2025-06-01T19:33:03.483+0000][gc,heap     ] GC(120) Archive regions: 2->2
[2025-06-01T19:33:03.483+0000][gc,heap     ] GC(120) Humongous regions: 129->129
[2025-06-01T19:33:03.484+0000][gc,metaspace] GC(120) Metaspace: 44870K(45440K)->44870K(45440K) NonClass: 39656K(40000K)->39656K(40000K) Class: 5213K(5440K)->5213K(5440K)
[2025-06-01T19:33:03.484+0000][gc          ] GC(120) Pause Young (Normal) (G1 Evacuation Pause) 361M->316M(1024M) 289.183ms
[2025-06-01T19:33:03.484+0000][gc,cpu      ] GC(120) User=0.27s Sys=0.01s Real=0.29s
[2025-06-01T19:35:11.558+0000][gc,start    ] GC(121) Pause Young (Normal) (G1 Evacuation Pause)
[2025-06-01T19:35:11.560+0000][gc,task     ] GC(121) Using 1 workers of 1 for evacuation
[2025-06-01T19:35:11.692+0000][gc,mmu      ] GC(121) MMU target violated: 21.0ms (20.0ms/21.0ms)
[2025-06-01T19:35:11.692+0000][gc,phases   ] GC(121)   Pre Evacuate Collection Set: 12.8ms
[2025-06-01T19:35:11.692+0000][gc,phases   ] GC(121)   Merge Heap Roots: 1.1ms
[2025-06-01T19:35:11.692+0000][gc,phases   ] GC(121)   Evacuate Collection Set: 106.5ms
[2025-06-01T19:35:11.692+0000][gc,phases   ] GC(121)   Post Evacuate Collection Set: 9.9ms
[2025-06-01T19:35:11.692+0000][gc,phases   ] GC(121)   Other: 3.9ms
[2025-06-01T19:35:11.692+0000][gc,heap     ] GC(121) Eden regions: 44->0(46)
[2025-06-01T19:35:11.692+0000][gc,heap     ] GC(121) Survivor regions: 7->5(7)
[2025-06-01T19:35:11.692+0000][gc,heap     ] GC(121) Old regions: 181->186
[2025-06-01T19:35:11.692+0000][gc,heap     ] GC(121) Archive regions: 2->2
[2025-06-01T19:35:11.692+0000][gc,heap     ] GC(121) Humongous regions: 129->129
[2025-06-01T19:35:11.692+0000][gc,metaspace] GC(121) Metaspace: 44873K(45440K)->44873K(45440K) NonClass: 39659K(40000K)->39659K(40000K) Class: 5213K(5440K)->5213K(5440K)
[2025-06-01T19:35:11.692+0000][gc          ] GC(121) Pause Young (Normal) (G1 Evacuation Pause) 360M->319M(1024M) 134.291ms
[2025-06-01T19:35:11.692+0000][gc,cpu      ] GC(121) User=0.11s Sys=0.02s Real=0.14s
[2025-06-01T19:37:23.615+0000][gc,start    ] GC(122) Pause Young (Normal) (G1 Evacuation Pause)
[2025-06-01T19:37:23.617+0000][gc,task     ] GC(122) Using 1 workers of 1 for evacuation
[2025-06-01T19:37:23.721+0000][gc,mmu      ] GC(122) MMU target violated: 21.0ms (20.0ms/21.0ms)
[2025-06-01T19:37:23.721+0000][gc,phases   ] GC(122)   Pre Evacuate Collection Set: 12.3ms
[2025-06-01T19:37:23.722+0000][gc,phases   ] GC(122)   Merge Heap Roots: 1.5ms
[2025-06-01T19:37:23.722+0000][gc,phases   ] GC(122)   Evacuate Collection Set: 83.5ms
[2025-06-01T19:37:23.722+0000][gc,phases   ] GC(122)   Post Evacuate Collection Set: 5.9ms
[2025-06-01T19:37:23.722+0000][gc,phases   ] GC(122)   Other: 4.1ms
[2025-06-01T19:37:23.722+0000][gc,heap     ] GC(122) Eden regions: 46->0(48)
[2025-06-01T19:37:23.722+0000][gc,heap     ] GC(122) Survivor regions: 5->3(7)
[2025-06-01T19:37:23.722+0000][gc,heap     ] GC(122) Old regions: 186->188
[2025-06-01T19:37:23.722+0000][gc,heap     ] GC(122) Archive regions: 2->2
[2025-06-01T19:37:23.722+0000][gc,heap     ] GC(122) Humongous regions: 129->129
[2025-06-01T19:37:23.722+0000][gc,metaspace] GC(122) Metaspace: 44873K(45440K)->44873K(45440K) NonClass: 39659K(40000K)->39659K(40000K) Class: 5213K(5440K)->5213K(5440K)
[2025-06-01T19:37:23.722+0000][gc          ] GC(122) Pause Young (Normal) (G1 Evacuation Pause) 365M->320M(1024M) 107.875ms
[2025-06-01T19:37:23.722+0000][gc,cpu      ] GC(122) User=0.10s Sys=0.01s Real=0.11s
[2025-06-01T19:39:44.184+0000][gc,start    ] GC(123) Pause Young (Normal) (G1 Evacuation Pause)
[2025-06-01T19:39:44.188+0000][gc,task     ] GC(123) Using 1 workers of 1 for evacuation
[2025-06-01T19:39:44.273+0000][gc,mmu      ] GC(123) MMU target violated: 21.0ms (20.0ms/21.0ms)
[2025-06-01T19:39:44.274+0000][gc,phases   ] GC(123)   Pre Evacuate Collection Set: 8.3ms
[2025-06-01T19:39:44.274+0000][gc,phases   ] GC(123)   Merge Heap Roots: 1.1ms
[2025-06-01T19:39:44.274+0000][gc,phases   ] GC(123)   Evacuate Collection Set: 71.5ms
[2025-06-01T19:39:44.274+0000][gc,phases   ] GC(123)   Post Evacuate Collection Set: 3.9ms
[2025-06-01T19:39:44.274+0000][gc,phases   ] GC(123)   Other: 5.2ms
[2025-06-01T19:39:44.274+0000][gc,heap     ] GC(123) Eden regions: 48->0(45)
[2025-06-01T19:39:44.274+0000][gc,heap     ] GC(123) Survivor regions: 3->6(7)
[2025-06-01T19:39:44.274+0000][gc,heap     ] GC(123) Old regions: 188->188
[2025-06-01T19:39:44.274+0000][gc,heap     ] GC(123) Archive regions: 2->2
[2025-06-01T19:39:44.274+0000][gc,heap     ] GC(123) Humongous regions: 129->129
[2025-06-01T19:39:44.274+0000][gc,metaspace] GC(123) Metaspace: 44873K(45440K)->44873K(45440K) NonClass: 39659K(40000K)->39659K(40000K) Class: 5213K(5440K)->5213K(5440K)
[2025-06-01T19:39:44.274+0000][gc          ] GC(123) Pause Young (Normal) (G1 Evacuation Pause) 368M->323M(1024M) 89.787ms
[2025-06-01T19:39:44.274+0000][gc,cpu      ] GC(123) User=0.09s Sys=0.00s Real=0.09s
[2025-06-01T19:41:56.316+0000][gc,start    ] GC(124) Pause Young (Normal) (G1 Evacuation Pause)
[2025-06-01T19:41:56.318+0000][gc,task     ] GC(124) Using 1 workers of 1 for evacuation
[2025-06-01T19:41:56.430+0000][gc,mmu      ] GC(124) MMU target violated: 21.0ms (20.0ms/21.0ms)
[2025-06-01T19:41:56.430+0000][gc,phases   ] GC(124)   Pre Evacuate Collection Set: 13.1ms
[2025-06-01T19:41:56.430+0000][gc,phases   ] GC(124)   Merge Heap Roots: 0.8ms
[2025-06-01T19:41:56.430+0000][gc,phases   ] GC(124)   Evacuate Collection Set: 91.4ms
[2025-06-01T19:41:56.430+0000][gc,phases   ] GC(124)   Post Evacuate Collection Set: 4.6ms
[2025-06-01T19:41:56.430+0000][gc,phases   ] GC(124)   Other: 4.8ms
[2025-06-01T19:41:56.430+0000][gc,heap     ] GC(124) Eden regions: 45->0(46)
[2025-06-01T19:41:56.430+0000][gc,heap     ] GC(124) Survivor regions: 6->5(7)
[2025-06-01T19:41:56.430+0000][gc,heap     ] GC(124) Old regions: 188->192
[2025-06-01T19:41:56.430+0000][gc,heap     ] GC(124) Archive regions: 2->2
[2025-06-01T19:41:56.430+0000][gc,heap     ] GC(124) Humongous regions: 129->129
[2025-06-01T19:41:56.431+0000][gc,metaspace] GC(124) Metaspace: 44873K(45440K)->44873K(45440K) NonClass: 39659K(40000K)->39659K(40000K) Class: 5213K(5440K)->5213K(5440K)
[2025-06-01T19:41:56.431+0000][gc          ] GC(124) Pause Young (Normal) (G1 Evacuation Pause) 368M->326M(1024M) 115.048ms
[2025-06-01T19:41:56.431+0000][gc,cpu      ] GC(124) User=0.11s Sys=0.01s Real=0.12s
[2025-06-01T19:44:11.110+0000][gc,start    ] GC(125) Pause Young (Normal) (G1 Evacuation Pause)
[2025-06-01T19:44:11.113+0000][gc,task     ] GC(125) Using 1 workers of 1 for evacuation
[2025-06-01T19:44:11.225+0000][gc,mmu      ] GC(125) MMU target violated: 21.0ms (20.0ms/21.0ms)
[2025-06-01T19:44:11.225+0000][gc,phases   ] GC(125)   Pre Evacuate Collection Set: 15.4ms
[2025-06-01T19:44:11.225+0000][gc,phases   ] GC(125)   Merge Heap Roots: 3.6ms
[2025-06-01T19:44:11.225+0000][gc,phases   ] GC(125)   Evacuate Collection Set: 83.3ms
[2025-06-01T19:44:11.225+0000][gc,phases   ] GC(125)   Post Evacuate Collection Set: 6.8ms
[2025-06-01T19:44:11.225+0000][gc,phases   ] GC(125)   Other: 6.9ms
[2025-06-01T19:44:11.225+0000][gc,heap     ] GC(125) Eden regions: 46->0(48)
[2025-06-01T19:44:11.225+0000][gc,heap     ] GC(125) Survivor regions: 5->3(7)
[2025-06-01T19:44:11.225+0000][gc,heap     ] GC(125) Old regions: 192->195
[2025-06-01T19:44:11.225+0000][gc,heap     ] GC(125) Archive regions: 2->2
[2025-06-01T19:44:11.225+0000][gc,heap     ] GC(125) Humongous regions: 129->129
[2025-06-01T19:44:11.226+0000][gc,metaspace] GC(125) Metaspace: 44873K(45440K)->44873K(45440K) NonClass: 39659K(40000K)->39659K(40000K) Class: 5213K(5440K)->5213K(5440K)
[2025-06-01T19:44:11.226+0000][gc          ] GC(125) Pause Young (Normal) (G1 Evacuation Pause) 372M->326M(1024M) 116.203ms
[2025-06-01T19:44:11.226+0000][gc,cpu      ] GC(125) User=0.10s Sys=0.02s Real=0.12s
[2025-06-01T19:46:32.106+0000][gc,start    ] GC(126) Pause Young (Normal) (G1 Evacuation Pause)
[2025-06-01T19:46:32.116+0000][gc,task     ] GC(126) Using 1 workers of 1 for evacuation
[2025-06-01T19:46:32.221+0000][gc,mmu      ] GC(126) MMU target violated: 21.0ms (20.0ms/21.0ms)
[2025-06-01T19:46:32.221+0000][gc,phases   ] GC(126)   Pre Evacuate Collection Set: 9.2ms
[2025-06-01T19:46:32.221+0000][gc,phases   ] GC(126)   Merge Heap Roots: 1.3ms
[2025-06-01T19:46:32.221+0000][gc,phases   ] GC(126)   Evacuate Collection Set: 89.3ms
[2025-06-01T19:46:32.221+0000][gc,phases   ] GC(126)   Post Evacuate Collection Set: 3.9ms
[2025-06-01T19:46:32.221+0000][gc,phases   ] GC(126)   Other: 11.5ms
[2025-06-01T19:46:32.221+0000][gc,heap     ] GC(126) Eden regions: 48->0(45)
[2025-06-01T19:46:32.221+0000][gc,heap     ] GC(126) Survivor regions: 3->6(7)
[2025-06-01T19:46:32.221+0000][gc,heap     ] GC(126) Old regions: 195->195
[2025-06-01T19:46:32.221+0000][gc,heap     ] GC(126) Archive regions: 2->2
[2025-06-01T19:46:32.221+0000][gc,heap     ] GC(126) Humongous regions: 129->129
[2025-06-01T19:46:32.221+0000][gc,metaspace] GC(126) Metaspace: 44873K(45440K)->44873K(45440K) NonClass: 39659K(40000K)->39659K(40000K) Class: 5213K(5440K)->5213K(5440K)
[2025-06-01T19:46:32.221+0000][gc          ] GC(126) Pause Young (Normal) (G1 Evacuation Pause) 374M->330M(1024M) 115.147ms
[2025-06-01T19:46:32.221+0000][gc,cpu      ] GC(126) User=0.11s Sys=0.00s Real=0.12s
[2025-06-01T19:48:43.116+0000][gc,start    ] GC(127) Pause Young (Normal) (G1 Evacuation Pause)
[2025-06-01T19:48:43.121+0000][gc,task     ] GC(127) Using 1 workers of 1 for evacuation
[2025-06-01T19:48:43.225+0000][gc,mmu      ] GC(127) MMU target violated: 21.0ms (20.0ms/21.0ms)
[2025-06-01T19:48:43.225+0000][gc,phases   ] GC(127)   Pre Evacuate Collection Set: 9.8ms
[2025-06-01T19:48:43.225+0000][gc,phases   ] GC(127)   Merge Heap Roots: 1.9ms
[2025-06-01T19:48:43.225+0000][gc,phases   ] GC(127)   Evacuate Collection Set: 88.4ms
[2025-06-01T19:48:43.225+0000][gc,phases   ] GC(127)   Post Evacuate Collection Set: 3.5ms
[2025-06-01T19:48:43.225+0000][gc,phases   ] GC(127)   Other: 6.2ms
[2025-06-01T19:48:43.225+0000][gc,heap     ] GC(127) Eden regions: 45->0(44)
[2025-06-01T19:48:43.225+0000][gc,heap     ] GC(127) Survivor regions: 6->7(7)
[2025-06-01T19:48:43.225+0000][gc,heap     ] GC(127) Old regions: 195->197
[2025-06-01T19:48:43.225+0000][gc,heap     ] GC(127) Archive regions: 2->2
[2025-06-01T19:48:43.225+0000][gc,heap     ] GC(127) Humongous regions: 129->129
[2025-06-01T19:48:43.226+0000][gc,metaspace] GC(127) Metaspace: 44873K(45440K)->44873K(45440K) NonClass: 39659K(40000K)->39659K(40000K) Class: 5213K(5440K)->5213K(5440K)
[2025-06-01T19:48:43.226+0000][gc          ] GC(127) Pause Young (Normal) (G1 Evacuation Pause) 375M->333M(1024M) 110.348ms
[2025-06-01T19:48:43.226+0000][gc,cpu      ] GC(127) User=0.09s Sys=0.01s Real=0.11s
[2025-06-01T19:50:48.059+0000][gc,start    ] GC(128) Pause Young (Normal) (G1 Evacuation Pause)
[2025-06-01T19:50:48.061+0000][gc,task     ] GC(128) Using 1 workers of 1 for evacuation
[2025-06-01T19:50:48.158+0000][gc,mmu      ] GC(128) MMU target violated: 21.0ms (20.0ms/21.0ms)
[2025-06-01T19:50:48.158+0000][gc,phases   ] GC(128)   Pre Evacuate Collection Set: 11.1ms
[2025-06-01T19:50:48.158+0000][gc,phases   ] GC(128)   Merge Heap Roots: 0.9ms
[2025-06-01T19:50:48.158+0000][gc,phases   ] GC(128)   Evacuate Collection Set: 80.1ms
[2025-06-01T19:50:48.159+0000][gc,phases   ] GC(128)   Post Evacuate Collection Set: 4.2ms
[2025-06-01T19:50:48.159+0000][gc,phases   ] GC(128)   Other: 3.0ms
[2025-06-01T19:50:48.159+0000][gc,heap     ] GC(128) Eden regions: 44->0(46)
[2025-06-01T19:50:48.159+0000][gc,heap     ] GC(128) Survivor regions: 7->5(7)
[2025-06-01T19:50:48.159+0000][gc,heap     ] GC(128) Old regions: 197->202
[2025-06-01T19:50:48.159+0000][gc,heap     ] GC(128) Archive regions: 2->2
[2025-06-01T19:50:48.159+0000][gc,heap     ] GC(128) Humongous regions: 129->129
[2025-06-01T19:50:48.159+0000][gc,metaspace] GC(128) Metaspace: 44873K(45440K)->44873K(45440K) NonClass: 39659K(40000K)->39659K(40000K) Class: 5213K(5440K)->5213K(5440K)
[2025-06-01T19:50:48.159+0000][gc          ] GC(128) Pause Young (Normal) (G1 Evacuation Pause) 377M->335M(1024M) 99.582ms
[2025-06-01T19:50:48.159+0000][gc,cpu      ] GC(128) User=0.08s Sys=0.01s Real=0.10s
[2025-06-01T19:53:02.627+0000][gc,start    ] GC(129) Pause Young (Normal) (G1 Evacuation Pause)
[2025-06-01T19:53:02.628+0000][gc,task     ] GC(129) Using 1 workers of 1 for evacuation
[2025-06-01T19:53:02.705+0000][gc,mmu      ] GC(129) MMU target violated: 21.0ms (20.0ms/21.0ms)
[2025-06-01T19:53:02.705+0000][gc,phases   ] GC(129)   Pre Evacuate Collection Set: 9.0ms
[2025-06-01T19:53:02.705+0000][gc,phases   ] GC(129)   Merge Heap Roots: 1.1ms
[2025-06-01T19:53:02.705+0000][gc,phases   ] GC(129)   Evacuate Collection Set: 61.1ms
[2025-06-01T19:53:02.705+0000][gc,phases   ] GC(129)   Post Evacuate Collection Set: 4.5ms
[2025-06-01T19:53:02.705+0000][gc,phases   ] GC(129)   Other: 2.7ms
[2025-06-01T19:53:02.705+0000][gc,heap     ] GC(129) Eden regions: 46->0(48)
[2025-06-01T19:53:02.705+0000][gc,heap     ] GC(129) Survivor regions: 5->3(7)
[2025-06-01T19:53:02.705+0000][gc,heap     ] GC(129) Old regions: 202->204
[2025-06-01T19:53:02.705+0000][gc,heap     ] GC(129) Archive regions: 2->2
[2025-06-01T19:53:02.706+0000][gc,heap     ] GC(129) Humongous regions: 129->129
[2025-06-01T19:53:02.706+0000][gc,metaspace] GC(129) Metaspace: 44873K(45440K)->44873K(45440K) NonClass: 39659K(40000K)->39659K(40000K) Class: 5213K(5440K)->5213K(5440K)
[2025-06-01T19:53:02.706+0000][gc          ] GC(129) Pause Young (Normal) (G1 Evacuation Pause) 381M->336M(1024M) 79.176ms
[2025-06-01T19:53:02.706+0000][gc,cpu      ] GC(129) User=0.08s Sys=0.00s Real=0.08s
[2025-06-01T19:55:20.010+0000][gc,start    ] GC(130) Pause Young (Normal) (G1 Evacuation Pause)
[2025-06-01T19:55:20.010+0000][gc,task     ] GC(130) Using 1 workers of 1 for evacuation
[2025-06-01T19:55:20.070+0000][gc,mmu      ] GC(130) MMU target violated: 21.0ms (20.0ms/21.0ms)
[2025-06-01T19:55:20.070+0000][gc,phases   ] GC(130)   Pre Evacuate Collection Set: 3.0ms
[2025-06-01T19:55:20.070+0000][gc,phases   ] GC(130)   Merge Heap Roots: 0.6ms
[2025-06-01T19:55:20.070+0000][gc,phases   ] GC(130)   Evacuate Collection Set: 52.7ms
[2025-06-01T19:55:20.070+0000][gc,phases   ] GC(130)   Post Evacuate Collection Set: 3.4ms
[2025-06-01T19:55:20.070+0000][gc,phases   ] GC(130)   Other: 1.1ms
[2025-06-01T19:55:20.071+0000][gc,heap     ] GC(130) Eden regions: 48->0(44)
[2025-06-01T19:55:20.071+0000][gc,heap     ] GC(130) Survivor regions: 3->7(7)
[2025-06-01T19:55:20.071+0000][gc,heap     ] GC(130) Old regions: 204->204
[2025-06-01T19:55:20.071+0000][gc,heap     ] GC(130) Archive regions: 2->2
[2025-06-01T19:55:20.071+0000][gc,heap     ] GC(130) Humongous regions: 129->129
[2025-06-01T19:55:20.071+0000][gc,metaspace] GC(130) Metaspace: 44873K(45440K)->44873K(45440K) NonClass: 39659K(40000K)->39659K(40000K) Class: 5213K(5440K)->5213K(5440K)
[2025-06-01T19:55:20.071+0000][gc          ] GC(130) Pause Young (Normal) (G1 Evacuation Pause) 384M->339M(1024M) 61.184ms
[2025-06-01T19:55:20.071+0000][gc,cpu      ] GC(130) User=0.06s Sys=0.00s Real=0.06s
[2025-06-01T19:57:27.437+0000][gc,start    ] GC(131) Pause Young (Normal) (G1 Evacuation Pause)
[2025-06-01T19:57:27.438+0000][gc,task     ] GC(131) Using 1 workers of 1 for evacuation
[2025-06-01T19:57:27.547+0000][gc,mmu      ] GC(131) MMU target violated: 21.0ms (20.0ms/21.0ms)
[2025-06-01T19:57:27.547+0000][gc,phases   ] GC(131)   Pre Evacuate Collection Set: 13.1ms
[2025-06-01T19:57:27.547+0000][gc,phases   ] GC(131)   Merge Heap Roots: 0.8ms
[2025-06-01T19:57:27.547+0000][gc,phases   ] GC(131)   Evacuate Collection Set: 90.7ms
[2025-06-01T19:57:27.547+0000][gc,phases   ] GC(131)   Post Evacuate Collection Set: 3.5ms
[2025-06-01T19:57:27.547+0000][gc,phases   ] GC(131)   Other: 2.1ms
[2025-06-01T19:57:27.547+0000][gc,heap     ] GC(131) Eden regions: 44->0(46)
[2025-06-01T19:57:27.547+0000][gc,heap     ] GC(131) Survivor regions: 7->5(7)
[2025-06-01T19:57:27.547+0000][gc,heap     ] GC(131) Old regions: 204->209
[2025-06-01T19:57:27.547+0000][gc,heap     ] GC(131) Archive regions: 2->2
[2025-06-01T19:57:27.547+0000][gc,heap     ] GC(131) Humongous regions: 129->129
[2025-06-01T19:57:27.547+0000][gc,metaspace] GC(131) Metaspace: 44873K(45440K)->44873K(45440K) NonClass: 39659K(40000K)->39659K(40000K) Class: 5213K(5440K)->5213K(5440K)
[2025-06-01T19:57:27.547+0000][gc          ] GC(131) Pause Young (Normal) (G1 Evacuation Pause) 383M->342M(1024M) 110.474ms
[2025-06-01T19:57:27.547+0000][gc,cpu      ] GC(131) User=0.09s Sys=0.01s Real=0.11s
[2025-06-01T19:59:40.896+0000][gc,start    ] GC(132) Pause Young (Normal) (G1 Evacuation Pause)
[2025-06-01T19:59:40.898+0000][gc,task     ] GC(132) Using 1 workers of 1 for evacuation
[2025-06-01T19:59:40.981+0000][gc,mmu      ] GC(132) MMU target violated: 21.0ms (20.0ms/21.0ms)
[2025-06-01T19:59:40.982+0000][gc,phases   ] GC(132)   Pre Evacuate Collection Set: 7.0ms
[2025-06-01T19:59:40.982+0000][gc,phases   ] GC(132)   Merge Heap Roots: 1.3ms
[2025-06-01T19:59:40.982+0000][gc,phases   ] GC(132)   Evacuate Collection Set: 70.2ms
[2025-06-01T19:59:40.982+0000][gc,phases   ] GC(132)   Post Evacuate Collection Set: 4.3ms
[2025-06-01T19:59:40.982+0000][gc,phases   ] GC(132)   Other: 3.2ms
[2025-06-01T19:59:40.982+0000][gc,heap     ] GC(132) Eden regions: 46->0(48)
[2025-06-01T19:59:40.982+0000][gc,heap     ] GC(132) Survivor regions: 5->3(7)
[2025-06-01T19:59:40.982+0000][gc,heap     ] GC(132) Old regions: 209->211
[2025-06-01T19:59:40.982+0000][gc,heap     ] GC(132) Archive regions: 2->2
[2025-06-01T19:59:40.982+0000][gc,heap     ] GC(132) Humongous regions: 129->129
[2025-06-01T19:59:40.982+0000][gc,metaspace] GC(132) Metaspace: 44873K(45440K)->44873K(45440K) NonClass: 39659K(40000K)->39659K(40000K) Class: 5213K(5440K)->5213K(5440K)
[2025-06-01T19:59:40.982+0000][gc          ] GC(132) Pause Young (Normal) (G1 Evacuation Pause) 388M->343M(1024M) 86.366ms
[2025-06-01T19:59:40.982+0000][gc,cpu      ] GC(132) User=0.08s Sys=0.00s Real=0.09s
[2025-06-01T20:01:59.581+0000][gc,start    ] GC(133) Pause Young (Normal) (G1 Evacuation Pause)
[2025-06-01T20:01:59.582+0000][gc,task     ] GC(133) Using 1 workers of 1 for evacuation
[2025-06-01T20:01:59.667+0000][gc,mmu      ] GC(133) MMU target violated: 21.0ms (20.0ms/21.0ms)
[2025-06-01T20:01:59.667+0000][gc,phases   ] GC(133)   Pre Evacuate Collection Set: 10.5ms
[2025-06-01T20:01:59.667+0000][gc,phases   ] GC(133)   Merge Heap Roots: 1.7ms
[2025-06-01T20:01:59.667+0000][gc,phases   ] GC(133)   Evacuate Collection Set: 67.3ms
[2025-06-01T20:01:59.667+0000][gc,phases   ] GC(133)   Post Evacuate Collection Set: 4.2ms
[2025-06-01T20:01:59.667+0000][gc,phases   ] GC(133)   Other: 3.1ms
[2025-06-01T20:01:59.667+0000][gc,heap     ] GC(133) Eden regions: 48->0(45)
[2025-06-01T20:01:59.667+0000][gc,heap     ] GC(133) Survivor regions: 3->6(7)
[2025-06-01T20:01:59.667+0000][gc,heap     ] GC(133) Old regions: 211->211
[2025-06-01T20:01:59.667+0000][gc,heap     ] GC(133) Archive regions: 2->2
[2025-06-01T20:01:59.667+0000][gc,heap     ] GC(133) Humongous regions: 129->129
[2025-06-01T20:01:59.667+0000][gc,metaspace] GC(133) Metaspace: 44874K(45440K)->44874K(45440K) NonClass: 39660K(40000K)->39660K(40000K) Class: 5213K(5440K)->5213K(5440K)
[2025-06-01T20:01:59.668+0000][gc          ] GC(133) Pause Young (Normal) (G1 Evacuation Pause) 391M->346M(1024M) 87.345ms
[2025-06-01T20:01:59.668+0000][gc,cpu      ] GC(133) User=0.08s Sys=0.00s Real=0.09s
[2025-06-01T20:04:11.116+0000][gc,start    ] GC(134) Pause Young (Normal) (G1 Evacuation Pause)
[2025-06-01T20:04:11.118+0000][gc,task     ] GC(134) Using 1 workers of 1 for evacuation
[2025-06-01T20:04:11.240+0000][gc,mmu      ] GC(134) MMU target violated: 21.0ms (20.0ms/21.0ms)
[2025-06-01T20:04:11.241+0000][gc,phases   ] GC(134)   Pre Evacuate Collection Set: 17.4ms
[2025-06-01T20:04:11.241+0000][gc,phases   ] GC(134)   Merge Heap Roots: 1.3ms
[2025-06-01T20:04:11.241+0000][gc,phases   ] GC(134)   Evacuate Collection Set: 97.3ms
[2025-06-01T20:04:11.241+0000][gc,phases   ] GC(134)   Post Evacuate Collection Set: 5.0ms
[2025-06-01T20:04:11.241+0000][gc,phases   ] GC(134)   Other: 3.4ms
[2025-06-01T20:04:11.241+0000][gc,heap     ] GC(134) Eden regions: 45->0(46)
[2025-06-01T20:04:11.241+0000][gc,heap     ] GC(134) Survivor regions: 6->5(7)
[2025-06-01T20:04:11.241+0000][gc,heap     ] GC(134) Old regions: 211->216
[2025-06-01T20:04:11.241+0000][gc,heap     ] GC(134) Archive regions: 2->2
[2025-06-01T20:04:11.241+0000][gc,heap     ] GC(134) Humongous regions: 129->129
[2025-06-01T20:04:11.241+0000][gc,metaspace] GC(134) Metaspace: 44875K(45440K)->44875K(45440K) NonClass: 39661K(40000K)->39661K(40000K) Class: 5213K(5440K)->5213K(5440K)
[2025-06-01T20:04:11.241+0000][gc          ] GC(134) Pause Young (Normal) (G1 Evacuation Pause) 391M->349M(1024M) 125.032ms
[2025-06-01T20:04:11.241+0000][gc,cpu      ] GC(134) User=0.12s Sys=0.00s Real=0.12s
[2025-06-01T20:06:21.500+0000][gc,start    ] GC(135) Pause Young (Normal) (G1 Evacuation Pause)
[2025-06-01T20:06:21.502+0000][gc,task     ] GC(135) Using 1 workers of 1 for evacuation
[2025-06-01T20:06:21.585+0000][gc,mmu      ] GC(135) MMU target violated: 21.0ms (20.0ms/21.0ms)
[2025-06-01T20:06:21.585+0000][gc,phases   ] GC(135)   Pre Evacuate Collection Set: 6.7ms
[2025-06-01T20:06:21.585+0000][gc,phases   ] GC(135)   Merge Heap Roots: 1.1ms
[2025-06-01T20:06:21.585+0000][gc,phases   ] GC(135)   Evacuate Collection Set: 70.3ms
[2025-06-01T20:06:21.585+0000][gc,phases   ] GC(135)   Post Evacuate Collection Set: 4.1ms
[2025-06-01T20:06:21.585+0000][gc,phases   ] GC(135)   Other: 4.3ms
[2025-06-01T20:06:21.585+0000][gc,heap     ] GC(135) Eden regions: 46->0(48)
[2025-06-01T20:06:21.585+0000][gc,heap     ] GC(135) Survivor regions: 5->3(7)
[2025-06-01T20:06:21.585+0000][gc,heap     ] GC(135) Old regions: 216->218
[2025-06-01T20:06:21.585+0000][gc,heap     ] GC(135) Archive regions: 2->2
[2025-06-01T20:06:21.585+0000][gc,heap     ] GC(135) Humongous regions: 129->129
[2025-06-01T20:06:21.585+0000][gc,metaspace] GC(135) Metaspace: 44875K(45440K)->44875K(45440K) NonClass: 39661K(40000K)->39661K(40000K) Class: 5213K(5440K)->5213K(5440K)
[2025-06-01T20:06:21.585+0000][gc          ] GC(135) Pause Young (Normal) (G1 Evacuation Pause) 395M->350M(1024M) 86.451ms
[2025-06-01T20:06:21.586+0000][gc,cpu      ] GC(135) User=0.07s Sys=0.02s Real=0.08s
[2025-06-01T20:08:41.064+0000][gc,start    ] GC(136) Pause Young (Normal) (G1 Evacuation Pause)
[2025-06-01T20:08:41.067+0000][gc,task     ] GC(136) Using 1 workers of 1 for evacuation
[2025-06-01T20:08:41.157+0000][gc,mmu      ] GC(136) MMU target violated: 21.0ms (20.0ms/21.0ms)
[2025-06-01T20:08:41.158+0000][gc,phases   ] GC(136)   Pre Evacuate Collection Set: 14.2ms
[2025-06-01T20:08:41.159+0000][gc,phases   ] GC(136)   Merge Heap Roots: 1.4ms
[2025-06-01T20:08:41.159+0000][gc,phases   ] GC(136)   Evacuate Collection Set: 68.8ms
[2025-06-01T20:08:41.159+0000][gc,phases   ] GC(136)   Post Evacuate Collection Set: 4.2ms
[2025-06-01T20:08:41.159+0000][gc,phases   ] GC(136)   Other: 4.7ms
[2025-06-01T20:08:41.159+0000][gc,heap     ] GC(136) Eden regions: 48->0(45)
[2025-06-01T20:08:41.159+0000][gc,heap     ] GC(136) Survivor regions: 3->6(7)
[2025-06-01T20:08:41.159+0000][gc,heap     ] GC(136) Old regions: 218->218
[2025-06-01T20:08:41.159+0000][gc,heap     ] GC(136) Archive regions: 2->2
[2025-06-01T20:08:41.159+0000][gc,heap     ] GC(136) Humongous regions: 129->129
[2025-06-01T20:08:41.160+0000][gc,metaspace] GC(136) Metaspace: 44875K(45440K)->44875K(45440K) NonClass: 39661K(40000K)->39661K(40000K) Class: 5213K(5440K)->5213K(5440K)
[2025-06-01T20:08:41.160+0000][gc          ] GC(136) Pause Young (Normal) (G1 Evacuation Pause) 398M->353M(1024M) 95.465ms
[2025-06-01T20:08:41.160+0000][gc,cpu      ] GC(136) User=0.09s Sys=0.00s Real=0.09s
[2025-06-01T20:10:48.963+0000][gc,start    ] GC(137) Pause Young (Normal) (G1 Evacuation Pause)
[2025-06-01T20:10:48.965+0000][gc,task     ] GC(137) Using 1 workers of 1 for evacuation
[2025-06-01T20:10:49.051+0000][gc,mmu      ] GC(137) MMU target violated: 21.0ms (20.0ms/21.0ms)
[2025-06-01T20:10:49.051+0000][gc,phases   ] GC(137)   Pre Evacuate Collection Set: 3.4ms
[2025-06-01T20:10:49.051+0000][gc,phases   ] GC(137)   Merge Heap Roots: 0.8ms
[2025-06-01T20:10:49.051+0000][gc,phases   ] GC(137)   Evacuate Collection Set: 77.5ms
[2025-06-01T20:10:49.051+0000][gc,phases   ] GC(137)   Post Evacuate Collection Set: 4.0ms
[2025-06-01T20:10:49.051+0000][gc,phases   ] GC(137)   Other: 3.3ms
[2025-06-01T20:10:49.051+0000][gc,heap     ] GC(137) Eden regions: 45->0(46)
[2025-06-01T20:10:49.052+0000][gc,heap     ] GC(137) Survivor regions: 6->5(7)
[2025-06-01T20:10:49.052+0000][gc,heap     ] GC(137) Old regions: 218->223
[2025-06-01T20:10:49.052+0000][gc,heap     ] GC(137) Archive regions: 2->2
[2025-06-01T20:10:49.052+0000][gc,heap     ] GC(137) Humongous regions: 129->129
[2025-06-01T20:10:49.052+0000][gc,metaspace] GC(137) Metaspace: 44878K(45440K)->44878K(45440K) NonClass: 39664K(40000K)->39664K(40000K) Class: 5213K(5440K)->5213K(5440K)
[2025-06-01T20:10:49.052+0000][gc          ] GC(137) Pause Young (Normal) (G1 Evacuation Pause) 398M->356M(1024M) 89.213ms
[2025-06-01T20:10:49.052+0000][gc,cpu      ] GC(137) User=0.07s Sys=0.01s Real=0.09s
[2025-06-01T20:13:03.654+0000][gc,start    ] GC(138) Pause Young (Normal) (G1 Evacuation Pause)
[2025-06-01T20:13:03.657+0000][gc,task     ] GC(138) Using 1 workers of 1 for evacuation
[2025-06-01T20:13:03.758+0000][gc,mmu      ] GC(138) MMU target violated: 21.0ms (20.0ms/21.0ms)
[2025-06-01T20:13:03.758+0000][gc,phases   ] GC(138)   Pre Evacuate Collection Set: 15.6ms
[2025-06-01T20:13:03.758+0000][gc,phases   ] GC(138)   Merge Heap Roots: 2.0ms
[2025-06-01T20:13:03.758+0000][gc,phases   ] GC(138)   Evacuate Collection Set: 74.9ms
[2025-06-01T20:13:03.758+0000][gc,phases   ] GC(138)   Post Evacuate Collection Set: 6.0ms
[2025-06-01T20:13:03.758+0000][gc,phases   ] GC(138)   Other: 5.6ms
[2025-06-01T20:13:03.758+0000][gc,heap     ] GC(138) Eden regions: 46->0(48)
[2025-06-01T20:13:03.758+0000][gc,heap     ] GC(138) Survivor regions: 5->3(7)
[2025-06-01T20:13:03.758+0000][gc,heap     ] GC(138) Old regions: 223->225
[2025-06-01T20:13:03.758+0000][gc,heap     ] GC(138) Archive regions: 2->2
[2025-06-01T20:13:03.758+0000][gc,heap     ] GC(138) Humongous regions: 129->129
[2025-06-01T20:13:03.759+0000][gc,metaspace] GC(138) Metaspace: 44878K(45440K)->44878K(45440K) NonClass: 39664K(40000K)->39664K(40000K) Class: 5213K(5440K)->5213K(5440K)
[2025-06-01T20:13:03.759+0000][gc          ] GC(138) Pause Young (Normal) (G1 Evacuation Pause) 402M->357M(1024M) 104.845ms
[2025-06-01T20:13:03.759+0000][gc,cpu      ] GC(138) User=0.09s Sys=0.01s Real=0.11s
[2025-06-01T20:15:09.963+0000][gc,start    ] GC(139) Pause Young (Normal) (G1 Evacuation Pause)
[2025-06-01T20:15:09.965+0000][gc,task     ] GC(139) Using 1 workers of 1 for evacuation
[2025-06-01T20:15:10.120+0000][gc,mmu      ] GC(139) MMU target violated: 21.0ms (20.0ms/21.0ms)
[2025-06-01T20:15:10.120+0000][gc,phases   ] GC(139)   Pre Evacuate Collection Set: 6.8ms
[2025-06-01T20:15:10.120+0000][gc,phases   ] GC(139)   Merge Heap Roots: 2.4ms
[2025-06-01T20:15:10.120+0000][gc,phases   ] GC(139)   Evacuate Collection Set: 137.5ms
[2025-06-01T20:15:10.120+0000][gc,phases   ] GC(139)   Post Evacuate Collection Set: 7.3ms
[2025-06-01T20:15:10.120+0000][gc,phases   ] GC(139)   Other: 2.9ms
[2025-06-01T20:15:10.120+0000][gc,heap     ] GC(139) Eden regions: 48->0(44)
[2025-06-01T20:15:10.120+0000][gc,heap     ] GC(139) Survivor regions: 3->7(7)
[2025-06-01T20:15:10.120+0000][gc,heap     ] GC(139) Old regions: 225->227
[2025-06-01T20:15:10.120+0000][gc,heap     ] GC(139) Archive regions: 2->2
[2025-06-01T20:15:10.120+0000][gc,heap     ] GC(139) Humongous regions: 129->129
[2025-06-01T20:15:10.120+0000][gc,metaspace] GC(139) Metaspace: 44878K(45440K)->44878K(45440K) NonClass: 39664K(40000K)->39664K(40000K) Class: 5213K(5440K)->5213K(5440K)
[2025-06-01T20:15:10.121+0000][gc          ] GC(139) Pause Young (Normal) (G1 Evacuation Pause) 405M->363M(1024M) 157.108ms
[2025-06-01T20:15:10.121+0000][gc,cpu      ] GC(139) User=0.16s Sys=0.00s Real=0.16s
[2025-06-01T20:17:12.959+0000][gc,start    ] GC(140) Pause Young (Normal) (G1 Evacuation Pause)
[2025-06-01T20:17:12.960+0000][gc,task     ] GC(140) Using 1 workers of 1 for evacuation
[2025-06-01T20:17:13.083+0000][gc,mmu      ] GC(140) MMU target violated: 21.0ms (20.0ms/21.0ms)
[2025-06-01T20:17:13.083+0000][gc,phases   ] GC(140)   Pre Evacuate Collection Set: 14.3ms
[2025-06-01T20:17:13.083+0000][gc,phases   ] GC(140)   Merge Heap Roots: 1.6ms
[2025-06-01T20:17:13.083+0000][gc,phases   ] GC(140)   Evacuate Collection Set: 98.0ms
[2025-06-01T20:17:13.083+0000][gc,phases   ] GC(140)   Post Evacuate Collection Set: 6.8ms
[2025-06-01T20:17:13.083+0000][gc,phases   ] GC(140)   Other: 3.9ms
[2025-06-01T20:17:13.084+0000][gc,heap     ] GC(140) Eden regions: 44->0(47)
[2025-06-01T20:17:13.084+0000][gc,heap     ] GC(140) Survivor regions: 7->4(7)
[2025-06-01T20:17:13.084+0000][gc,heap     ] GC(140) Old regions: 227->232
[2025-06-01T20:17:13.084+0000][gc,heap     ] GC(140) Archive regions: 2->2
[2025-06-01T20:17:13.084+0000][gc,heap     ] GC(140) Humongous regions: 129->129
[2025-06-01T20:17:13.084+0000][gc,metaspace] GC(140) Metaspace: 44881K(45440K)->44881K(45440K) NonClass: 39667K(40000K)->39667K(40000K) Class: 5213K(5440K)->5213K(5440K)
[2025-06-01T20:17:13.084+0000][gc          ] GC(140) Pause Young (Normal) (G1 Evacuation Pause) 407M->365M(1024M) 125.408ms
[2025-06-01T20:17:13.084+0000][gc,cpu      ] GC(140) User=0.10s Sys=0.02s Real=0.12s
[2025-06-01T20:19:27.679+0000][gc,start    ] GC(141) Pause Young (Concurrent Start) (G1 Evacuation Pause)
[2025-06-01T20:19:27.686+0000][gc,task     ] GC(141) Using 1 workers of 1 for evacuation
[2025-06-01T20:19:27.845+0000][gc,mmu      ] GC(141) MMU target violated: 21.0ms (20.0ms/21.0ms)
[2025-06-01T20:19:27.845+0000][gc,phases   ] GC(141)   Pre Evacuate Collection Set: 18.8ms
[2025-06-01T20:19:27.846+0000][gc,phases   ] GC(141)   Merge Heap Roots: 2.7ms
[2025-06-01T20:19:27.846+0000][gc,phases   ] GC(141)   Evacuate Collection Set: 126.8ms
[2025-06-01T20:19:27.846+0000][gc,phases   ] GC(141)   Post Evacuate Collection Set: 3.3ms
[2025-06-01T20:19:27.846+0000][gc,phases   ] GC(141)   Other: 16.1ms
[2025-06-01T20:19:27.846+0000][gc,heap     ] GC(141) Eden regions: 47->0(46)
[2025-06-01T20:19:27.846+0000][gc,heap     ] GC(141) Survivor regions: 4->5(7)
[2025-06-01T20:19:27.846+0000][gc,heap     ] GC(141) Old regions: 232->235
[2025-06-01T20:19:27.846+0000][gc,heap     ] GC(141) Archive regions: 2->2
[2025-06-01T20:19:27.846+0000][gc,heap     ] GC(141) Humongous regions: 129->129
[2025-06-01T20:19:27.846+0000][gc,metaspace] GC(141) Metaspace: 44882K(45440K)->44882K(45440K) NonClass: 39668K(40000K)->39668K(40000K) Class: 5213K(5440K)->5213K(5440K)
[2025-06-01T20:19:27.846+0000][gc          ] GC(141) Pause Young (Concurrent Start) (G1 Evacuation Pause) 412M->369M(1024M) 166.930ms
[2025-06-01T20:19:27.846+0000][gc,cpu      ] GC(141) User=0.13s Sys=0.02s Real=0.17s
[2025-06-01T20:19:27.847+0000][gc          ] GC(142) Concurrent Mark Cycle
[2025-06-01T20:19:27.847+0000][gc,marking  ] GC(142) Concurrent Clear Claimed Marks
[2025-06-01T20:19:27.847+0000][gc,marking  ] GC(142) Concurrent Clear Claimed Marks 0.216ms
[2025-06-01T20:19:27.848+0000][gc,marking  ] GC(142) Concurrent Scan Root Regions
[2025-06-01T20:19:27.905+0000][gc,marking  ] GC(142) Concurrent Scan Root Regions 57.945ms
[2025-06-01T20:19:27.906+0000][gc,marking  ] GC(142) Concurrent Mark
[2025-06-01T20:19:27.906+0000][gc,marking  ] GC(142) Concurrent Mark From Roots
[2025-06-01T20:19:27.906+0000][gc,task     ] GC(142) Using 1 workers of 1 for marking
[2025-06-01T20:19:28.179+0000][gc,marking  ] GC(142) Concurrent Mark From Roots 273.463ms
[2025-06-01T20:19:28.179+0000][gc,marking  ] GC(142) Concurrent Preclean
[2025-06-01T20:19:28.179+0000][gc,marking  ] GC(142) Concurrent Preclean 0.245ms
[2025-06-01T20:19:28.179+0000][gc,start    ] GC(142) Pause Remark
[2025-06-01T20:19:29.008+0000][gc,mmu      ] GC(142) MMU target violated: 21.0ms (20.0ms/21.0ms)
[2025-06-01T20:19:29.009+0000][gc          ] GC(142) Pause Remark 370M->333M(1024M) 829.134ms
[2025-06-01T20:19:29.009+0000][gc,cpu      ] GC(142) User=0.29s Sys=0.05s Real=0.83s
[2025-06-01T20:19:29.011+0000][gc,marking  ] GC(142) Concurrent Mark 1105.641ms
[2025-06-01T20:19:29.011+0000][gc,marking  ] GC(142) Concurrent Rebuild Remembered Sets
[2025-06-01T20:19:29.125+0000][gc,marking  ] GC(142) Concurrent Rebuild Remembered Sets 113.791ms
[2025-06-01T20:19:29.160+0000][gc,start    ] GC(142) Pause Cleanup
[2025-06-01T20:19:29.160+0000][gc          ] GC(142) Pause Cleanup 333M->333M(1024M) 0.514ms
[2025-06-01T20:19:29.160+0000][gc,cpu      ] GC(142) User=0.00s Sys=0.00s Real=0.00s
[2025-06-01T20:19:29.160+0000][gc,marking  ] GC(142) Concurrent Cleanup for Next Mark
[2025-06-01T20:19:29.449+0000][gc,marking  ] GC(142) Concurrent Cleanup for Next Mark 288.440ms
[2025-06-01T20:19:29.449+0000][gc          ] GC(142) Concurrent Mark Cycle 1602.339ms
[2025-06-01T20:21:40.998+0000][gc,start    ] GC(143) Pause Young (Prepare Mixed) (G1 Evacuation Pause)
[2025-06-01T20:21:41.002+0000][gc,task     ] GC(143) Using 1 workers of 1 for evacuation
[2025-06-01T20:21:41.112+0000][gc,mmu      ] GC(143) MMU target violated: 21.0ms (20.0ms/21.0ms)
[2025-06-01T20:21:41.112+0000][gc,phases   ] GC(143)   Pre Evacuate Collection Set: 7.1ms
[2025-06-01T20:21:41.112+0000][gc,phases   ] GC(143)   Merge Heap Roots: 1.3ms
[2025-06-01T20:21:41.112+0000][gc,phases   ] GC(143)   Evacuate Collection Set: 96.5ms
[2025-06-01T20:21:41.112+0000][gc,phases   ] GC(143)   Post Evacuate Collection Set: 3.5ms
[2025-06-01T20:21:41.112+0000][gc,phases   ] GC(143)   Other: 6.3ms
[2025-06-01T20:21:41.112+0000][gc,heap     ] GC(143) Eden regions: 46->0(48)
[2025-06-01T20:21:41.112+0000][gc,heap     ] GC(143) Survivor regions: 5->3(7)
[2025-06-01T20:21:41.112+0000][gc,heap     ] GC(143) Old regions: 198->200
[2025-06-01T20:21:41.112+0000][gc,heap     ] GC(143) Archive regions: 2->2
[2025-06-01T20:21:41.112+0000][gc,heap     ] GC(143) Humongous regions: 129->129
[2025-06-01T20:21:41.112+0000][gc,metaspace] GC(143) Metaspace: 44828K(45440K)->44828K(45440K) NonClass: 39628K(40000K)->39628K(40000K) Class: 5200K(5440K)->5200K(5440K)
[2025-06-01T20:21:41.112+0000][gc          ] GC(143) Pause Young (Prepare Mixed) (G1 Evacuation Pause) 378M->332M(1024M) 114.597ms
[2025-06-01T20:21:41.112+0000][gc,cpu      ] GC(143) User=0.07s Sys=0.02s Real=0.12s
[2025-06-01T20:23:58.758+0000][gc,start    ] GC(144) Pause Young (Mixed) (G1 Evacuation Pause)
[2025-06-01T20:23:58.762+0000][gc,task     ] GC(144) Using 1 workers of 1 for evacuation
[2025-06-01T20:23:59.070+0000][gc,mmu      ] GC(144) MMU target violated: 21.0ms (20.0ms/21.0ms)
[2025-06-01T20:23:59.072+0000][gc,phases   ] GC(144)   Pre Evacuate Collection Set: 6.2ms
[2025-06-01T20:23:59.072+0000][gc,phases   ] GC(144)   Merge Heap Roots: 0.8ms
[2025-06-01T20:23:59.072+0000][gc,phases   ] GC(144)   Evacuate Collection Set: 291.3ms
[2025-06-01T20:23:59.072+0000][gc,phases   ] GC(144)   Post Evacuate Collection Set: 7.6ms
[2025-06-01T20:23:59.072+0000][gc,phases   ] GC(144)   Other: 7.8ms
[2025-06-01T20:23:59.072+0000][gc,heap     ] GC(144) Eden regions: 48->0(45)
[2025-06-01T20:23:59.072+0000][gc,heap     ] GC(144) Survivor regions: 3->6(7)
[2025-06-01T20:23:59.072+0000][gc,heap     ] GC(144) Old regions: 200->185
[2025-06-01T20:23:59.072+0000][gc,heap     ] GC(144) Archive regions: 2->2
[2025-06-01T20:23:59.072+0000][gc,heap     ] GC(144) Humongous regions: 129->129
[2025-06-01T20:23:59.072+0000][gc,metaspace] GC(144) Metaspace: 44828K(45440K)->44828K(45440K) NonClass: 39628K(40000K)->39628K(40000K) Class: 5200K(5440K)->5200K(5440K)
[2025-06-01T20:23:59.072+0000][gc          ] GC(144) Pause Young (Mixed) (G1 Evacuation Pause) 380M->320M(1024M) 314.949ms
[2025-06-01T20:23:59.073+0000][gc,cpu      ] GC(144) User=0.29s Sys=0.03s Real=0.31s
[2025-06-01T20:26:10.287+0000][gc,start    ] GC(145) Pause Young (Mixed) (G1 Evacuation Pause)
[2025-06-01T20:26:10.291+0000][gc,task     ] GC(145) Using 1 workers of 1 for evacuation
[2025-06-01T20:26:10.521+0000][gc,mmu      ] GC(145) MMU target violated: 21.0ms (20.0ms/21.0ms)
[2025-06-01T20:26:10.521+0000][gc,phases   ] GC(145)   Pre Evacuate Collection Set: 3.5ms
[2025-06-01T20:26:10.521+0000][gc,phases   ] GC(145)   Merge Heap Roots: 0.7ms
[2025-06-01T20:26:10.521+0000][gc,phases   ] GC(145)   Evacuate Collection Set: 216.0ms
[2025-06-01T20:26:10.522+0000][gc,phases   ] GC(145)   Post Evacuate Collection Set: 9.5ms
[2025-06-01T20:26:10.522+0000][gc,phases   ] GC(145)   Other: 4.7ms
[2025-06-01T20:26:10.522+0000][gc,heap     ] GC(145) Eden regions: 45->0(46)
[2025-06-01T20:26:10.522+0000][gc,heap     ] GC(145) Survivor regions: 6->5(7)
[2025-06-01T20:26:10.522+0000][gc,heap     ] GC(145) Old regions: 185->174
[2025-06-01T20:26:10.522+0000][gc,heap     ] GC(145) Archive regions: 2->2
[2025-06-01T20:26:10.522+0000][gc,heap     ] GC(145) Humongous regions: 129->129
[2025-06-01T20:26:10.522+0000][gc,metaspace] GC(145) Metaspace: 44828K(45440K)->44828K(45440K) NonClass: 39628K(40000K)->39628K(40000K) Class: 5200K(5440K)->5200K(5440K)
[2025-06-01T20:26:10.523+0000][gc          ] GC(145) Pause Young (Mixed) (G1 Evacuation Pause) 365M->307M(1024M) 235.595ms
[2025-06-01T20:26:10.523+0000][gc,cpu      ] GC(145) User=0.15s Sys=0.01s Real=0.23s
[2025-06-01T20:28:21.283+0000][gc,start    ] GC(146) Pause Young (Mixed) (G1 Evacuation Pause)
[2025-06-01T20:28:21.285+0000][gc,task     ] GC(146) Using 1 workers of 1 for evacuation
[2025-06-01T20:28:21.393+0000][gc,mmu      ] GC(146) MMU target violated: 21.0ms (20.0ms/21.0ms)
[2025-06-01T20:28:21.393+0000][gc,phases   ] GC(146)   Pre Evacuate Collection Set: 12.5ms
[2025-06-01T20:28:21.393+0000][gc,phases   ] GC(146)   Merge Heap Roots: 1.1ms
[2025-06-01T20:28:21.393+0000][gc,phases   ] GC(146)   Evacuate Collection Set: 90.2ms
[2025-06-01T20:28:21.393+0000][gc,phases   ] GC(146)   Post Evacuate Collection Set: 3.8ms
[2025-06-01T20:28:21.393+0000][gc,phases   ] GC(146)   Other: 2.1ms
[2025-06-01T20:28:21.393+0000][gc,heap     ] GC(146) Eden regions: 46->0(48)
[2025-06-01T20:28:21.393+0000][gc,heap     ] GC(146) Survivor regions: 5->3(7)
[2025-06-01T20:28:21.393+0000][gc,heap     ] GC(146) Old regions: 174->160
[2025-06-01T20:28:21.393+0000][gc,heap     ] GC(146) Archive regions: 2->2
[2025-06-01T20:28:21.393+0000][gc,heap     ] GC(146) Humongous regions: 129->129
[2025-06-01T20:28:21.393+0000][gc,metaspace] GC(146) Metaspace: 44834K(45440K)->44834K(45440K) NonClass: 39633K(40000K)->39633K(40000K) Class: 5200K(5440K)->5200K(5440K)
[2025-06-01T20:28:21.393+0000][gc          ] GC(146) Pause Young (Mixed) (G1 Evacuation Pause) 353M->292M(1024M) 109.761ms
[2025-06-01T20:28:21.393+0000][gc,cpu      ] GC(146) User=0.10s Sys=0.00s Real=0.11s
[2025-06-01T20:30:42.307+0000][gc,start    ] GC(147) Pause Young (Mixed) (G1 Evacuation Pause)
[2025-06-01T20:30:42.309+0000][gc,task     ] GC(147) Using 1 workers of 1 for evacuation
[2025-06-01T20:30:42.396+0000][gc,mmu      ] GC(147) MMU target violated: 21.0ms (20.0ms/21.0ms)
[2025-06-01T20:30:42.397+0000][gc,phases   ] GC(147)   Pre Evacuate Collection Set: 7.2ms
[2025-06-01T20:30:42.397+0000][gc,phases   ] GC(147)   Merge Heap Roots: 0.9ms
[2025-06-01T20:30:42.397+0000][gc,phases   ] GC(147)   Evacuate Collection Set: 71.4ms
[2025-06-01T20:30:42.397+0000][gc,phases   ] GC(147)   Post Evacuate Collection Set: 6.6ms
[2025-06-01T20:30:42.397+0000][gc,phases   ] GC(147)   Other: 4.4ms
[2025-06-01T20:30:42.397+0000][gc,heap     ] GC(147) Eden regions: 48->0(45)
[2025-06-01T20:30:42.397+0000][gc,heap     ] GC(147) Survivor regions: 3->6(7)
[2025-06-01T20:30:42.397+0000][gc,heap     ] GC(147) Old regions: 160->144
[2025-06-01T20:30:42.397+0000][gc,heap     ] GC(147) Archive regions: 2->2
[2025-06-01T20:30:42.397+0000][gc,heap     ] GC(147) Humongous regions: 129->129
[2025-06-01T20:30:42.397+0000][gc,metaspace] GC(147) Metaspace: 44837K(45440K)->44837K(45440K) NonClass: 39637K(40000K)->39637K(40000K) Class: 5200K(5440K)->5200K(5440K)
[2025-06-01T20:30:42.397+0000][gc          ] GC(147) Pause Young (Mixed) (G1 Evacuation Pause) 340M->279M(1024M) 90.084ms
[2025-06-01T20:30:42.397+0000][gc,cpu      ] GC(147) User=0.08s Sys=0.00s Real=0.09s
[2025-06-01T20:32:50.450+0000][gc,start    ] GC(148) Pause Young (Mixed) (G1 Evacuation Pause)
[2025-06-01T20:32:50.451+0000][gc,task     ] GC(148) Using 1 workers of 1 for evacuation
[2025-06-01T20:32:50.648+0000][gc,mmu      ] GC(148) MMU target violated: 21.0ms (20.0ms/21.0ms)
[2025-06-01T20:32:50.649+0000][gc,phases   ] GC(148)   Pre Evacuate Collection Set: 4.1ms
[2025-06-01T20:32:50.649+0000][gc,phases   ] GC(148)   Merge Heap Roots: 0.7ms
[2025-06-01T20:32:50.649+0000][gc,phases   ] GC(148)   Evacuate Collection Set: 184.4ms
[2025-06-01T20:32:50.649+0000][gc,phases   ] GC(148)   Post Evacuate Collection Set: 6.9ms
[2025-06-01T20:32:50.649+0000][gc,phases   ] GC(148)   Other: 3.0ms
[2025-06-01T20:32:50.649+0000][gc,heap     ] GC(148) Eden regions: 45->0(46)
[2025-06-01T20:32:50.649+0000][gc,heap     ] GC(148) Survivor regions: 6->5(7)
[2025-06-01T20:32:50.649+0000][gc,heap     ] GC(148) Old regions: 144->133
[2025-06-01T20:32:50.649+0000][gc,heap     ] GC(148) Archive regions: 2->2
[2025-06-01T20:32:50.649+0000][gc,heap     ] GC(148) Humongous regions: 129->129
[2025-06-01T20:32:50.649+0000][gc,metaspace] GC(148) Metaspace: 44849K(45440K)->44849K(45440K) NonClass: 39648K(40000K)->39648K(40000K) Class: 5200K(5440K)->5200K(5440K)
[2025-06-01T20:32:50.649+0000][gc          ] GC(148) Pause Young (Mixed) (G1 Evacuation Pause) 324M->266M(1024M) 199.463ms
[2025-06-01T20:32:50.649+0000][gc,cpu      ] GC(148) User=0.13s Sys=0.01s Real=0.20s
[2025-06-01T20:35:04.502+0000][gc,start    ] GC(149) Pause Young (Mixed) (G1 Evacuation Pause)
[2025-06-01T20:35:04.512+0000][gc,task     ] GC(149) Using 1 workers of 1 for evacuation
[2025-06-01T20:35:04.636+0000][gc,mmu      ] GC(149) MMU target violated: 21.0ms (20.0ms/21.0ms)
[2025-06-01T20:35:04.636+0000][gc,phases   ] GC(149)   Pre Evacuate Collection Set: 4.9ms
[2025-06-01T20:35:04.636+0000][gc,phases   ] GC(149)   Merge Heap Roots: 1.3ms
[2025-06-01T20:35:04.636+0000][gc,phases   ] GC(149)   Evacuate Collection Set: 107.4ms
[2025-06-01T20:35:04.636+0000][gc,phases   ] GC(149)   Post Evacuate Collection Set: 7.1ms
[2025-06-01T20:35:04.636+0000][gc,phases   ] GC(149)   Other: 20.0ms
[2025-06-01T20:35:04.636+0000][gc,heap     ] GC(149) Eden regions: 46->0(48)
[2025-06-01T20:35:04.637+0000][gc,heap     ] GC(149) Survivor regions: 5->3(7)
[2025-06-01T20:35:04.637+0000][gc,heap     ] GC(149) Old regions: 133->119
[2025-06-01T20:35:04.637+0000][gc,heap     ] GC(149) Archive regions: 2->2
[2025-06-01T20:35:04.637+0000][gc,heap     ] GC(149) Humongous regions: 129->129
[2025-06-01T20:35:04.637+0000][gc,metaspace] GC(149) Metaspace: 44850K(45440K)->44850K(45440K) NonClass: 39649K(40000K)->39649K(40000K) Class: 5200K(5440K)->5200K(5440K)
[2025-06-01T20:35:04.637+0000][gc          ] GC(149) Pause Young (Mixed) (G1 Evacuation Pause) 312M->251M(1024M) 140.045ms
[2025-06-01T20:35:04.637+0000][gc,cpu      ] GC(149) User=0.09s Sys=0.02s Real=0.14s
[2025-06-01T20:37:22.614+0000][gc,start    ] GC(150) Pause Young (Mixed) (G1 Evacuation Pause)
[2025-06-01T20:37:22.617+0000][gc,task     ] GC(150) Using 1 workers of 1 for evacuation
[2025-06-01T20:37:22.714+0000][gc,mmu      ] GC(150) MMU target violated: 21.0ms (20.0ms/21.0ms)
[2025-06-01T20:37:22.715+0000][gc,phases   ] GC(150)   Pre Evacuate Collection Set: 13.1ms
[2025-06-01T20:37:22.715+0000][gc,phases   ] GC(150)   Merge Heap Roots: 2.2ms
[2025-06-01T20:37:22.715+0000][gc,phases   ] GC(150)   Evacuate Collection Set: 72.8ms
[2025-06-01T20:37:22.715+0000][gc,phases   ] GC(150)   Post Evacuate Collection Set: 5.1ms
[2025-06-01T20:37:22.715+0000][gc,phases   ] GC(150)   Other: 9.2ms
[2025-06-01T20:37:22.715+0000][gc,heap     ] GC(150) Eden regions: 48->0(45)
[2025-06-01T20:37:22.715+0000][gc,heap     ] GC(150) Survivor regions: 3->6(7)
[2025-06-01T20:37:22.715+0000][gc,heap     ] GC(150) Old regions: 119->104
[2025-06-01T20:37:22.715+0000][gc,heap     ] GC(150) Archive regions: 2->2
[2025-06-01T20:37:22.715+0000][gc,heap     ] GC(150) Humongous regions: 129->129
[2025-06-01T20:37:22.715+0000][gc,metaspace] GC(150) Metaspace: 44852K(45440K)->44852K(45440K) NonClass: 39651K(40000K)->39651K(40000K) Class: 5200K(5440K)->5200K(5440K)
[2025-06-01T20:37:22.715+0000][gc          ] GC(150) Pause Young (Mixed) (G1 Evacuation Pause) 299M->239M(1024M) 101.845ms
[2025-06-01T20:37:22.715+0000][gc,cpu      ] GC(150) User=0.09s Sys=0.00s Real=0.10s
[2025-06-01T20:39:33.435+0000][gc,start    ] GC(151) Pause Young (Mixed) (G1 Evacuation Pause)
[2025-06-01T20:39:33.436+0000][gc,task     ] GC(151) Using 1 workers of 1 for evacuation
[2025-06-01T20:39:33.895+0000][gc,mmu      ] GC(151) MMU target violated: 21.0ms (20.0ms/21.0ms)
[2025-06-01T20:39:33.897+0000][gc,phases   ] GC(151)   Pre Evacuate Collection Set: 29.8ms
[2025-06-01T20:39:33.897+0000][gc,phases   ] GC(151)   Merge Heap Roots: 2.1ms
[2025-06-01T20:39:33.897+0000][gc,phases   ] GC(151)   Evacuate Collection Set: 413.5ms
[2025-06-01T20:39:33.898+0000][gc,phases   ] GC(151)   Post Evacuate Collection Set: 13.0ms
[2025-06-01T20:39:33.898+0000][gc,phases   ] GC(151)   Other: 2.8ms
[2025-06-01T20:39:33.898+0000][gc,heap     ] GC(151) Eden regions: 45->0(46)
[2025-06-01T20:39:33.898+0000][gc,heap     ] GC(151) Survivor regions: 6->5(7)
[2025-06-01T20:39:33.898+0000][gc,heap     ] GC(151) Old regions: 104->96
[2025-06-01T20:39:33.898+0000][gc,heap     ] GC(151) Archive regions: 2->2
[2025-06-01T20:39:33.898+0000][gc,heap     ] GC(151) Humongous regions: 129->129
[2025-06-01T20:39:33.899+0000][gc,metaspace] GC(151) Metaspace: 44852K(45440K)->44852K(45440K) NonClass: 39652K(40000K)->39652K(40000K) Class: 5200K(5440K)->5200K(5440K)
[2025-06-01T20:39:33.966+0000][gc          ] GC(151) Pause Young (Mixed) (G1 Evacuation Pause) 284M->229M(1024M) 530.462ms
[2025-06-01T20:39:33.967+0000][gc,cpu      ] GC(151) User=0.14s Sys=0.01s Real=0.53s
[2025-06-01T20:41:44.906+0000][gc,start    ] GC(152) Pause Young (Normal) (G1 Evacuation Pause)
[2025-06-01T20:41:44.909+0000][gc,task     ] GC(152) Using 1 workers of 1 for evacuation
[2025-06-01T20:41:45.033+0000][gc,mmu      ] GC(152) MMU target violated: 21.0ms (20.0ms/21.0ms)
[2025-06-01T20:41:45.033+0000][gc,phases   ] GC(152)   Pre Evacuate Collection Set: 14.7ms
[2025-06-01T20:41:45.033+0000][gc,phases   ] GC(152)   Merge Heap Roots: 1.3ms
[2025-06-01T20:41:45.033+0000][gc,phases   ] GC(152)   Evacuate Collection Set: 100.1ms
[2025-06-01T20:41:45.033+0000][gc,phases   ] GC(152)   Post Evacuate Collection Set: 5.5ms
[2025-06-01T20:41:45.033+0000][gc,phases   ] GC(152)   Other: 6.9ms
[2025-06-01T20:41:45.034+0000][gc,heap     ] GC(152) Eden regions: 46->0(48)
[2025-06-01T20:41:45.034+0000][gc,heap     ] GC(152) Survivor regions: 5->3(7)
[2025-06-01T20:41:45.034+0000][gc,heap     ] GC(152) Old regions: 96->98
[2025-06-01T20:41:45.034+0000][gc,heap     ] GC(152) Archive regions: 2->2
[2025-06-01T20:41:45.034+0000][gc,heap     ] GC(152) Humongous regions: 129->129
[2025-06-01T20:41:45.034+0000][gc,metaspace] GC(152) Metaspace: 44852K(45440K)->44852K(45440K) NonClass: 39652K(40000K)->39652K(40000K) Class: 5200K(5440K)->5200K(5440K)
[2025-06-01T20:41:45.035+0000][gc          ] GC(152) Pause Young (Normal) (G1 Evacuation Pause) 275M->229M(1024M) 129.277ms
[2025-06-01T20:41:45.035+0000][gc,cpu      ] GC(152) User=0.10s Sys=0.01s Real=0.13s
[2025-06-01T20:44:06.061+0000][gc,start    ] GC(153) Pause Young (Normal) (G1 Evacuation Pause)
[2025-06-01T20:44:06.066+0000][gc,task     ] GC(153) Using 1 workers of 1 for evacuation
[2025-06-01T20:44:06.150+0000][gc,mmu      ] GC(153) MMU target violated: 21.0ms (20.0ms/21.0ms)
[2025-06-01T20:44:06.150+0000][gc,phases   ] GC(153)   Pre Evacuate Collection Set: 11.1ms
[2025-06-01T20:44:06.150+0000][gc,phases   ] GC(153)   Merge Heap Roots: 1.3ms
[2025-06-01T20:44:06.150+0000][gc,phases   ] GC(153)   Evacuate Collection Set: 64.4ms
[2025-06-01T20:44:06.150+0000][gc,phases   ] GC(153)   Post Evacuate Collection Set: 4.8ms
[2025-06-01T20:44:06.150+0000][gc,phases   ] GC(153)   Other: 11.1ms
[2025-06-01T20:44:06.150+0000][gc,heap     ] GC(153) Eden regions: 48->0(45)
[2025-06-01T20:44:06.150+0000][gc,heap     ] GC(153) Survivor regions: 3->6(7)
[2025-06-01T20:44:06.150+0000][gc,heap     ] GC(153) Old regions: 98->98
[2025-06-01T20:44:06.150+0000][gc,heap     ] GC(153) Archive regions: 2->2
[2025-06-01T20:44:06.150+0000][gc,heap     ] GC(153) Humongous regions: 129->129
[2025-06-01T20:44:06.151+0000][gc,metaspace] GC(153) Metaspace: 44852K(45440K)->44852K(45440K) NonClass: 39652K(40000K)->39652K(40000K) Class: 5200K(5440K)->5200K(5440K)
[2025-06-01T20:44:06.151+0000][gc          ] GC(153) Pause Young (Normal) (G1 Evacuation Pause) 277M->233M(1024M) 89.697ms
[2025-06-01T20:44:06.151+0000][gc,cpu      ] GC(153) User=0.08s Sys=0.01s Real=0.09s
[2025-06-01T20:46:14.900+0000][gc,start    ] GC(154) Pause Young (Normal) (G1 Evacuation Pause)
[2025-06-01T20:46:14.903+0000][gc,task     ] GC(154) Using 1 workers of 1 for evacuation
[2025-06-01T20:46:15.087+0000][gc,mmu      ] GC(154) MMU target violated: 21.0ms (20.0ms/21.0ms)
[2025-06-01T20:46:15.087+0000][gc,phases   ] GC(154)   Pre Evacuate Collection Set: 5.8ms
[2025-06-01T20:46:15.087+0000][gc,phases   ] GC(154)   Merge Heap Roots: 4.1ms
[2025-06-01T20:46:15.087+0000][gc,phases   ] GC(154)   Evacuate Collection Set: 163.6ms
[2025-06-01T20:46:15.087+0000][gc,phases   ] GC(154)   Post Evacuate Collection Set: 9.0ms
[2025-06-01T20:46:15.087+0000][gc,phases   ] GC(154)   Other: 5.9ms
[2025-06-01T20:46:15.087+0000][gc,heap     ] GC(154) Eden regions: 45->0(47)
[2025-06-01T20:46:15.087+0000][gc,heap     ] GC(154) Survivor regions: 6->4(7)
[2025-06-01T20:46:15.087+0000][gc,heap     ] GC(154) Old regions: 98->103
[2025-06-01T20:46:15.087+0000][gc,heap     ] GC(154) Archive regions: 2->2
[2025-06-01T20:46:15.087+0000][gc,heap     ] GC(154) Humongous regions: 129->129
[2025-06-01T20:46:15.088+0000][gc,metaspace] GC(154) Metaspace: 44852K(45440K)->44852K(45440K) NonClass: 39652K(40000K)->39652K(40000K) Class: 5200K(5440K)->5200K(5440K)
[2025-06-01T20:46:15.088+0000][gc          ] GC(154) Pause Young (Normal) (G1 Evacuation Pause) 278M->235M(1024M) 188.732ms
[2025-06-01T20:46:15.088+0000][gc,cpu      ] GC(154) User=0.13s Sys=0.02s Real=0.19s
[2025-06-01T20:48:32.376+0000][gc,start    ] GC(155) Pause Young (Normal) (G1 Evacuation Pause)
[2025-06-01T20:48:32.385+0000][gc,task     ] GC(155) Using 1 workers of 1 for evacuation
[2025-06-01T20:48:32.491+0000][gc,mmu      ] GC(155) MMU target violated: 21.0ms (20.0ms/21.0ms)
[2025-06-01T20:48:32.491+0000][gc,phases   ] GC(155)   Pre Evacuate Collection Set: 5.7ms
[2025-06-01T20:48:32.491+0000][gc,phases   ] GC(155)   Merge Heap Roots: 1.0ms
[2025-06-01T20:48:32.491+0000][gc,phases   ] GC(155)   Evacuate Collection Set: 91.4ms
[2025-06-01T20:48:32.491+0000][gc,phases   ] GC(155)   Post Evacuate Collection Set: 6.1ms
[2025-06-01T20:48:32.491+0000][gc,phases   ] GC(155)   Other: 17.3ms
[2025-06-01T20:48:32.491+0000][gc,heap     ] GC(155) Eden regions: 47->0(48)
[2025-06-01T20:48:32.491+0000][gc,heap     ] GC(155) Survivor regions: 4->3(7)
[2025-06-01T20:48:32.491+0000][gc,heap     ] GC(155) Old regions: 103->105
[2025-06-01T20:48:32.491+0000][gc,heap     ] GC(155) Archive regions: 2->2
[2025-06-01T20:48:32.491+0000][gc,heap     ] GC(155) Humongous regions: 129->129
[2025-06-01T20:48:32.492+0000][gc,metaspace] GC(155) Metaspace: 44852K(45440K)->44852K(45440K) NonClass: 39652K(40000K)->39652K(40000K) Class: 5200K(5440K)->5200K(5440K)
[2025-06-01T20:48:32.492+0000][gc          ] GC(155) Pause Young (Normal) (G1 Evacuation Pause) 282M->237M(1024M) 118.302ms
[2025-06-01T20:48:32.492+0000][gc,cpu      ] GC(155) User=0.09s Sys=0.02s Real=0.12s
[2025-06-01T20:50:51.117+0000][gc,start    ] GC(156) Pause Young (Normal) (G1 Evacuation Pause)
[2025-06-01T20:50:51.120+0000][gc,task     ] GC(156) Using 1 workers of 1 for evacuation
[2025-06-01T20:50:51.230+0000][gc,mmu      ] GC(156) MMU target violated: 21.0ms (20.0ms/21.0ms)
[2025-06-01T20:50:51.230+0000][gc,phases   ] GC(156)   Pre Evacuate Collection Set: 10.6ms
[2025-06-01T20:50:51.230+0000][gc,phases   ] GC(156)   Merge Heap Roots: 1.0ms
[2025-06-01T20:50:51.230+0000][gc,phases   ] GC(156)   Evacuate Collection Set: 75.3ms
[2025-06-01T20:50:51.231+0000][gc,phases   ] GC(156)   Post Evacuate Collection Set: 22.1ms
[2025-06-01T20:50:51.231+0000][gc,phases   ] GC(156)   Other: 4.9ms
[2025-06-01T20:50:51.231+0000][gc,heap     ] GC(156) Eden regions: 48->0(45)
[2025-06-01T20:50:51.231+0000][gc,heap     ] GC(156) Survivor regions: 3->6(7)
[2025-06-01T20:50:51.231+0000][gc,heap     ] GC(156) Old regions: 105->105
[2025-06-01T20:50:51.231+0000][gc,heap     ] GC(156) Archive regions: 2->2
[2025-06-01T20:50:51.231+0000][gc,heap     ] GC(156) Humongous regions: 129->129
[2025-06-01T20:50:51.231+0000][gc,metaspace] GC(156) Metaspace: 44852K(45440K)->44852K(45440K) NonClass: 39652K(40000K)->39652K(40000K) Class: 5200K(5440K)->5200K(5440K)
[2025-06-01T20:50:51.231+0000][gc          ] GC(156) Pause Young (Normal) (G1 Evacuation Pause) 285M->240M(1024M) 113.930ms
[2025-06-01T20:50:51.231+0000][gc,cpu      ] GC(156) User=0.11s Sys=0.00s Real=0.11s
[2025-06-01T20:53:03.079+0000][gc,start    ] GC(157) Pause Young (Normal) (G1 Evacuation Pause)
[2025-06-01T20:53:03.082+0000][gc,task     ] GC(157) Using 1 workers of 1 for evacuation
[2025-06-01T20:53:03.231+0000][gc,mmu      ] GC(157) MMU target violated: 21.0ms (20.0ms/21.0ms)
[2025-06-01T20:53:03.232+0000][gc,phases   ] GC(157)   Pre Evacuate Collection Set: 7.4ms
[2025-06-01T20:53:03.232+0000][gc,phases   ] GC(157)   Merge Heap Roots: 7.5ms
[2025-06-01T20:53:03.232+0000][gc,phases   ] GC(157)   Evacuate Collection Set: 124.5ms
[2025-06-01T20:53:03.232+0000][gc,phases   ] GC(157)   Post Evacuate Collection Set: 7.3ms
[2025-06-01T20:53:03.232+0000][gc,phases   ] GC(157)   Other: 6.9ms
[2025-06-01T20:53:03.232+0000][gc,heap     ] GC(157) Eden regions: 45->0(44)
[2025-06-01T20:53:03.232+0000][gc,heap     ] GC(157) Survivor regions: 6->7(7)
[2025-06-01T20:53:03.232+0000][gc,heap     ] GC(157) Old regions: 105->107
[2025-06-01T20:53:03.232+0000][gc,heap     ] GC(157) Archive regions: 2->2
[2025-06-01T20:53:03.232+0000][gc,heap     ] GC(157) Humongous regions: 129->129
[2025-06-01T20:53:03.232+0000][gc,metaspace] GC(157) Metaspace: 44852K(45440K)->44852K(45440K) NonClass: 39652K(40000K)->39652K(40000K) Class: 5200K(5440K)->5200K(5440K)
[2025-06-01T20:53:03.233+0000][gc          ] GC(157) Pause Young (Normal) (G1 Evacuation Pause) 285M->243M(1024M) 154.223ms
[2025-06-01T20:53:03.233+0000][gc,cpu      ] GC(157) User=0.12s Sys=0.01s Real=0.15s
[2025-06-01T20:55:11.578+0000][gc,start    ] GC(158) Pause Young (Normal) (G1 Evacuation Pause)
[2025-06-01T20:55:11.580+0000][gc,task     ] GC(158) Using 1 workers of 1 for evacuation
[2025-06-01T20:55:11.748+0000][gc,mmu      ] GC(158) MMU target violated: 21.0ms (20.0ms/21.0ms)
[2025-06-01T20:55:11.748+0000][gc,phases   ] GC(158)   Pre Evacuate Collection Set: 12.6ms
[2025-06-01T20:55:11.748+0000][gc,phases   ] GC(158)   Merge Heap Roots: 0.8ms
[2025-06-01T20:55:11.748+0000][gc,phases   ] GC(158)   Evacuate Collection Set: 148.5ms
[2025-06-01T20:55:11.748+0000][gc,phases   ] GC(158)   Post Evacuate Collection Set: 4.8ms
[2025-06-01T20:55:11.748+0000][gc,phases   ] GC(158)   Other: 3.4ms
[2025-06-01T20:55:11.748+0000][gc,heap     ] GC(158) Eden regions: 44->0(46)
[2025-06-01T20:55:11.748+0000][gc,heap     ] GC(158) Survivor regions: 7->5(7)
[2025-06-01T20:55:11.748+0000][gc,heap     ] GC(158) Old regions: 107->112
[2025-06-01T20:55:11.749+0000][gc,heap     ] GC(158) Archive regions: 2->2
[2025-06-01T20:55:11.749+0000][gc,heap     ] GC(158) Humongous regions: 129->129
[2025-06-01T20:55:11.749+0000][gc,metaspace] GC(158) Metaspace: 44852K(45440K)->44852K(45440K) NonClass: 39652K(40000K)->39652K(40000K) Class: 5200K(5440K)->5200K(5440K)
[2025-06-01T20:55:11.749+0000][gc          ] GC(158) Pause Young (Normal) (G1 Evacuation Pause) 287M->246M(1024M) 170.343ms
[2025-06-01T20:55:11.749+0000][gc,cpu      ] GC(158) User=0.16s Sys=0.00s Real=0.17s
[2025-06-01T20:57:22.826+0000][gc,start    ] GC(159) Pause Young (Normal) (G1 Evacuation Pause)
[2025-06-01T20:57:22.830+0000][gc,task     ] GC(159) Using 1 workers of 1 for evacuation
[2025-06-01T20:57:22.925+0000][gc,mmu      ] GC(159) MMU target violated: 21.0ms (20.0ms/21.0ms)
[2025-06-01T20:57:22.925+0000][gc,phases   ] GC(159)   Pre Evacuate Collection Set: 12.0ms
[2025-06-01T20:57:22.925+0000][gc,phases   ] GC(159)   Merge Heap Roots: 0.9ms
[2025-06-01T20:57:22.925+0000][gc,phases   ] GC(159)   Evacuate Collection Set: 75.1ms
[2025-06-01T20:57:22.926+0000][gc,phases   ] GC(159)   Post Evacuate Collection Set: 5.3ms
[2025-06-01T20:57:22.926+0000][gc,phases   ] GC(159)   Other: 6.7ms
[2025-06-01T20:57:22.926+0000][gc,heap     ] GC(159) Eden regions: 46->0(48)
[2025-06-01T20:57:22.926+0000][gc,heap     ] GC(159) Survivor regions: 5->3(7)
[2025-06-01T20:57:22.926+0000][gc,heap     ] GC(159) Old regions: 112->114
[2025-06-01T20:57:22.926+0000][gc,heap     ] GC(159) Archive regions: 2->2
[2025-06-01T20:57:22.926+0000][gc,heap     ] GC(159) Humongous regions: 129->129
[2025-06-01T20:57:22.926+0000][gc,metaspace] GC(159) Metaspace: 44852K(45440K)->44852K(45440K) NonClass: 39652K(40000K)->39652K(40000K) Class: 5200K(5440K)->5200K(5440K)
[2025-06-01T20:57:22.926+0000][gc          ] GC(159) Pause Young (Normal) (G1 Evacuation Pause) 292M->246M(1024M) 100.495ms
[2025-06-01T20:57:22.926+0000][gc,cpu      ] GC(159) User=0.09s Sys=0.00s Real=0.10s
[2025-06-01T20:59:43.459+0000][gc,start    ] GC(160) Pause Young (Normal) (G1 Evacuation Pause)
[2025-06-01T20:59:43.463+0000][gc,task     ] GC(160) Using 1 workers of 1 for evacuation
[2025-06-01T20:59:43.572+0000][gc,mmu      ] GC(160) MMU target violated: 21.0ms (20.0ms/21.0ms)
[2025-06-01T20:59:43.573+0000][gc,phases   ] GC(160)   Pre Evacuate Collection Set: 7.4ms
[2025-06-01T20:59:43.573+0000][gc,phases   ] GC(160)   Merge Heap Roots: 0.9ms
[2025-06-01T20:59:43.573+0000][gc,phases   ] GC(160)   Evacuate Collection Set: 90.9ms
[2025-06-01T20:59:43.573+0000][gc,phases   ] GC(160)   Post Evacuate Collection Set: 6.3ms
[2025-06-01T20:59:43.573+0000][gc,phases   ] GC(160)   Other: 9.9ms
[2025-06-01T20:59:43.573+0000][gc,heap     ] GC(160) Eden regions: 48->0(44)
[2025-06-01T20:59:43.573+0000][gc,heap     ] GC(160) Survivor regions: 3->7(7)
[2025-06-01T20:59:43.574+0000][gc,heap     ] GC(160) Old regions: 114->114
[2025-06-01T20:59:43.574+0000][gc,heap     ] GC(160) Archive regions: 2->2
[2025-06-01T20:59:43.574+0000][gc,heap     ] GC(160) Humongous regions: 129->129
[2025-06-01T20:59:43.574+0000][gc,metaspace] GC(160) Metaspace: 44852K(45440K)->44852K(45440K) NonClass: 39652K(40000K)->39652K(40000K) Class: 5200K(5440K)->5200K(5440K)
[2025-06-01T20:59:43.574+0000][gc          ] GC(160) Pause Young (Normal) (G1 Evacuation Pause) 294M->250M(1024M) 115.254ms
[2025-06-01T20:59:43.574+0000][gc,cpu      ] GC(160) User=0.11s Sys=0.00s Real=0.12s
[2025-06-01T21:01:50.132+0000][gc,start    ] GC(161) Pause Young (Normal) (G1 Evacuation Pause)
[2025-06-01T21:01:50.139+0000][gc,task     ] GC(161) Using 1 workers of 1 for evacuation
[2025-06-01T21:01:50.492+0000][gc,mmu      ] GC(161) MMU target violated: 21.0ms (20.0ms/21.0ms)
[2025-06-01T21:01:50.492+0000][gc,phases   ] GC(161)   Pre Evacuate Collection Set: 55.2ms
[2025-06-01T21:01:50.492+0000][gc,phases   ] GC(161)   Merge Heap Roots: 71.4ms
[2025-06-01T21:01:50.492+0000][gc,phases   ] GC(161)   Evacuate Collection Set: 183.2ms
[2025-06-01T21:01:50.492+0000][gc,phases   ] GC(161)   Post Evacuate Collection Set: 7.1ms
[2025-06-01T21:01:50.492+0000][gc,phases   ] GC(161)   Other: 43.7ms
[2025-06-01T21:01:50.492+0000][gc,heap     ] GC(161) Eden regions: 44->0(46)
[2025-06-01T21:01:50.492+0000][gc,heap     ] GC(161) Survivor regions: 7->5(7)
[2025-06-01T21:01:50.492+0000][gc,heap     ] GC(161) Old regions: 114->119
[2025-06-01T21:01:50.492+0000][gc,heap     ] GC(161) Archive regions: 2->2
[2025-06-01T21:01:50.493+0000][gc,heap     ] GC(161) Humongous regions: 129->129
[2025-06-01T21:01:50.493+0000][gc,metaspace] GC(161) Metaspace: 44852K(45440K)->44852K(45440K) NonClass: 39652K(40000K)->39652K(40000K) Class: 5200K(5440K)->5200K(5440K)
[2025-06-01T21:01:50.493+0000][gc          ] GC(161) Pause Young (Normal) (G1 Evacuation Pause) 294M->253M(1024M) 360.826ms
[2025-06-01T21:01:50.493+0000][gc,cpu      ] GC(161) User=0.27s Sys=0.07s Real=0.36s
[2025-06-01T21:04:06.237+0000][gc,start    ] GC(162) Pause Young (Normal) (G1 Evacuation Pause)
[2025-06-01T21:04:06.240+0000][gc,task     ] GC(162) Using 1 workers of 1 for evacuation
[2025-06-01T21:04:06.394+0000][gc,mmu      ] GC(162) MMU target violated: 21.0ms (20.0ms/21.0ms)
[2025-06-01T21:04:06.395+0000][gc,phases   ] GC(162)   Pre Evacuate Collection Set: 6.5ms
[2025-06-01T21:04:06.395+0000][gc,phases   ] GC(162)   Merge Heap Roots: 1.6ms
[2025-06-01T21:04:06.395+0000][gc,phases   ] GC(162)   Evacuate Collection Set: 129.5ms
[2025-06-01T21:04:06.395+0000][gc,phases   ] GC(162)   Post Evacuate Collection Set: 12.0ms
[2025-06-01T21:04:06.395+0000][gc,phases   ] GC(162)   Other: 18.7ms
[2025-06-01T21:04:06.395+0000][gc,heap     ] GC(162) Eden regions: 46->0(48)
[2025-06-01T21:04:06.395+0000][gc,heap     ] GC(162) Survivor regions: 5->3(7)
[2025-06-01T21:04:06.395+0000][gc,heap     ] GC(162) Old regions: 119->121
[2025-06-01T21:04:06.395+0000][gc,heap     ] GC(162) Archive regions: 2->2
[2025-06-01T21:04:06.395+0000][gc,heap     ] GC(162) Humongous regions: 129->129
[2025-06-01T21:04:06.396+0000][gc,metaspace] GC(162) Metaspace: 44852K(45440K)->44852K(45440K) NonClass: 39652K(40000K)->39652K(40000K) Class: 5200K(5440K)->5200K(5440K)
[2025-06-01T21:04:06.396+0000][gc          ] GC(162) Pause Young (Normal) (G1 Evacuation Pause) 299M->253M(1024M) 160.096ms
[2025-06-01T21:04:06.396+0000][gc,cpu      ] GC(162) User=0.11s Sys=0.02s Real=0.16s
[2025-06-01T21:06:24.636+0000][gc,start    ] GC(163) Pause Young (Normal) (G1 Evacuation Pause)
[2025-06-01T21:06:24.639+0000][gc,task     ] GC(163) Using 1 workers of 1 for evacuation
[2025-06-01T21:06:24.724+0000][gc,mmu      ] GC(163) MMU target violated: 21.0ms (20.0ms/21.0ms)
[2025-06-01T21:06:24.724+0000][gc,phases   ] GC(163)   Pre Evacuate Collection Set: 8.0ms
[2025-06-01T21:06:24.724+0000][gc,phases   ] GC(163)   Merge Heap Roots: 1.5ms
[2025-06-01T21:06:24.724+0000][gc,phases   ] GC(163)   Evacuate Collection Set: 68.0ms
[2025-06-01T21:06:24.724+0000][gc,phases   ] GC(163)   Post Evacuate Collection Set: 5.2ms
[2025-06-01T21:06:24.724+0000][gc,phases   ] GC(163)   Other: 5.8ms
[2025-06-01T21:06:24.724+0000][gc,heap     ] GC(163) Eden regions: 48->0(44)
[2025-06-01T21:06:24.724+0000][gc,heap     ] GC(163) Survivor regions: 3->7(7)
[2025-06-01T21:06:24.724+0000][gc,heap     ] GC(163) Old regions: 121->121
[2025-06-01T21:06:24.724+0000][gc,heap     ] GC(163) Archive regions: 2->2
[2025-06-01T21:06:24.724+0000][gc,heap     ] GC(163) Humongous regions: 129->129
[2025-06-01T21:06:24.724+0000][gc,metaspace] GC(163) Metaspace: 44852K(45440K)->44852K(45440K) NonClass: 39652K(40000K)->39652K(40000K) Class: 5200K(5440K)->5200K(5440K)
[2025-06-01T21:06:24.724+0000][gc          ] GC(163) Pause Young (Normal) (G1 Evacuation Pause) 301M->257M(1024M) 88.397ms
[2025-06-01T21:06:24.725+0000][gc,cpu      ] GC(163) User=0.08s Sys=0.00s Real=0.09s
[2025-06-01T21:08:33.510+0000][gc,start    ] GC(164) Pause Young (Normal) (G1 Evacuation Pause)
[2025-06-01T21:08:33.515+0000][gc,task     ] GC(164) Using 1 workers of 1 for evacuation
[2025-06-01T21:08:33.688+0000][gc,mmu      ] GC(164) MMU target violated: 21.0ms (20.0ms/21.0ms)
[2025-06-01T21:08:33.688+0000][gc,phases   ] GC(164)   Pre Evacuate Collection Set: 8.0ms
[2025-06-01T21:08:33.688+0000][gc,phases   ] GC(164)   Merge Heap Roots: 1.0ms
[2025-06-01T21:08:33.689+0000][gc,phases   ] GC(164)   Evacuate Collection Set: 153.6ms
[2025-06-01T21:08:33.689+0000][gc,phases   ] GC(164)   Post Evacuate Collection Set: 6.6ms
[2025-06-01T21:08:33.689+0000][gc,phases   ] GC(164)   Other: 10.1ms
[2025-06-01T21:08:33.689+0000][gc,heap     ] GC(164) Eden regions: 44->0(46)
[2025-06-01T21:08:33.689+0000][gc,heap     ] GC(164) Survivor regions: 7->5(7)
[2025-06-01T21:08:33.689+0000][gc,heap     ] GC(164) Old regions: 121->126
[2025-06-01T21:08:33.689+0000][gc,heap     ] GC(164) Archive regions: 2->2
[2025-06-01T21:08:33.689+0000][gc,heap     ] GC(164) Humongous regions: 129->129
[2025-06-01T21:08:33.689+0000][gc,metaspace] GC(164) Metaspace: 44852K(45440K)->44852K(45440K) NonClass: 39652K(40000K)->39652K(40000K) Class: 5200K(5440K)->5200K(5440K)
[2025-06-01T21:08:33.689+0000][gc          ] GC(164) Pause Young (Normal) (G1 Evacuation Pause) 301M->259M(1024M) 179.182ms
[2025-06-01T21:08:33.689+0000][gc,cpu      ] GC(164) User=0.17s Sys=0.00s Real=0.18s
[2025-06-01T21:12:24.093+0000][gc,start    ] GC(165) Pause Young (Normal) (G1 Evacuation Pause)
[2025-06-01T21:12:24.181+0000][gc,task     ] GC(165) Using 1 workers of 1 for evacuation
[2025-06-01T21:12:34.955+0000][gc,mmu      ] GC(165) MMU target violated: 21.0ms (20.0ms/21.0ms)
[2025-06-01T21:12:35.168+0000][gc,phases   ] GC(165)   Pre Evacuate Collection Set: 548.8ms
[2025-06-01T21:12:35.174+0000][gc,phases   ] GC(165)   Merge Heap Roots: 260.4ms
[2025-06-01T21:12:35.177+0000][gc,phases   ] GC(165)   Evacuate Collection Set: 9255.8ms
[2025-06-01T21:12:35.179+0000][gc,phases   ] GC(165)   Post Evacuate Collection Set: 623.9ms
[2025-06-01T21:12:35.191+0000][gc,phases   ] GC(165)   Other: 321.8ms
[2025-06-01T21:12:35.248+0000][gc,heap     ] GC(165) Eden regions: 46->0(47)
[2025-06-01T21:12:35.251+0000][gc,heap     ] GC(165) Survivor regions: 5->4(7)
[2025-06-01T21:12:35.252+0000][gc,heap     ] GC(165) Old regions: 126->128
[2025-06-01T21:12:35.254+0000][gc,heap     ] GC(165) Archive regions: 2->2
[2025-06-01T21:12:35.343+0000][gc,heap     ] GC(165) Humongous regions: 129->129
[2025-06-01T21:12:35.344+0000][gc,metaspace] GC(165) Metaspace: 44993K(45568K)->44993K(45568K) NonClass: 39747K(40064K)->39747K(40064K) Class: 5246K(5504K)->5246K(5504K)
[2025-06-01T21:12:35.347+0000][gc          ] GC(165) Pause Young (Normal) (G1 Evacuation Pause) 305M->261M(1024M) 11287.559ms
[2025-06-01T21:12:35.348+0000][gc,cpu      ] GC(165) User=2.52s Sys=0.47s Real=11.29s
